Archive member included to satisfy reference by file (symbol)

/home/cyrill/bin/arm-cortexm0-eabi/lib/gcc/arm-cortexm0-eabi/15.2.0/../../../../arm-cortexm0-eabi/lib/libc.a(libc_a-atexit.o)
                              /home/cyrill/bin/arm-cortexm0-eabi/lib/gcc/arm-cortexm0-eabi/15.2.0/../../../../arm-cortexm0-eabi/lib/crt0.o (atexit)
/home/cyrill/bin/arm-cortexm0-eabi/lib/gcc/arm-cortexm0-eabi/15.2.0/../../../../arm-cortexm0-eabi/lib/libc.a(libc_a-exit.o)
                              /home/cyrill/bin/arm-cortexm0-eabi/lib/gcc/arm-cortexm0-eabi/15.2.0/../../../../arm-cortexm0-eabi/lib/crt0.o (exit)
/home/cyrill/bin/arm-cortexm0-eabi/lib/gcc/arm-cortexm0-eabi/15.2.0/../../../../arm-cortexm0-eabi/lib/libc.a(libc_a-findfp.o)
                              /home/cyrill/bin/arm-cortexm0-eabi/lib/gcc/arm-cortexm0-eabi/15.2.0/../../../../arm-cortexm0-eabi/lib/libc.a(libc_a-exit.o) (__stdio_exit_handler)
/home/cyrill/bin/arm-cortexm0-eabi/lib/gcc/arm-cortexm0-eabi/15.2.0/../../../../arm-cortexm0-eabi/lib/libc.a(libc_a-fwalk.o)
                              /home/cyrill/bin/arm-cortexm0-eabi/lib/gcc/arm-cortexm0-eabi/15.2.0/../../../../arm-cortexm0-eabi/lib/libc.a(libc_a-findfp.o) (_fwalk_sglue)
/home/cyrill/bin/arm-cortexm0-eabi/lib/gcc/arm-cortexm0-eabi/15.2.0/../../../../arm-cortexm0-eabi/lib/libc.a(libc_a-sprintf.o)
                              build/main.o (sprintf)
/home/cyrill/bin/arm-cortexm0-eabi/lib/gcc/arm-cortexm0-eabi/15.2.0/../../../../arm-cortexm0-eabi/lib/libc.a(libc_a-stdio.o)
                              /home/cyrill/bin/arm-cortexm0-eabi/lib/gcc/arm-cortexm0-eabi/15.2.0/../../../../arm-cortexm0-eabi/lib/libc.a(libc_a-findfp.o) (__sread)
/home/cyrill/bin/arm-cortexm0-eabi/lib/gcc/arm-cortexm0-eabi/15.2.0/../../../../arm-cortexm0-eabi/lib/libc.a(libc_a-memset.o)
                              /home/cyrill/bin/arm-cortexm0-eabi/lib/gcc/arm-cortexm0-eabi/15.2.0/../../../../arm-cortexm0-eabi/lib/crt0.o (memset)
/home/cyrill/bin/arm-cortexm0-eabi/lib/gcc/arm-cortexm0-eabi/15.2.0/../../../../arm-cortexm0-eabi/lib/libc.a(libc_a-closer.o)
                              /home/cyrill/bin/arm-cortexm0-eabi/lib/gcc/arm-cortexm0-eabi/15.2.0/../../../../arm-cortexm0-eabi/lib/libc.a(libc_a-stdio.o) (_close_r)
/home/cyrill/bin/arm-cortexm0-eabi/lib/gcc/arm-cortexm0-eabi/15.2.0/../../../../arm-cortexm0-eabi/lib/libc.a(libc_a-reent.o)
                              /home/cyrill/bin/arm-cortexm0-eabi/lib/gcc/arm-cortexm0-eabi/15.2.0/../../../../arm-cortexm0-eabi/lib/libc.a(libc_a-closer.o) (errno)
/home/cyrill/bin/arm-cortexm0-eabi/lib/gcc/arm-cortexm0-eabi/15.2.0/../../../../arm-cortexm0-eabi/lib/libc.a(libc_a-impure.o)
                              /home/cyrill/bin/arm-cortexm0-eabi/lib/gcc/arm-cortexm0-eabi/15.2.0/../../../../arm-cortexm0-eabi/lib/libc.a(libc_a-sprintf.o) (_impure_ptr)
/home/cyrill/bin/arm-cortexm0-eabi/lib/gcc/arm-cortexm0-eabi/15.2.0/../../../../arm-cortexm0-eabi/lib/libc.a(libc_a-lseekr.o)
                              /home/cyrill/bin/arm-cortexm0-eabi/lib/gcc/arm-cortexm0-eabi/15.2.0/../../../../arm-cortexm0-eabi/lib/libc.a(libc_a-stdio.o) (_lseek_r)
/home/cyrill/bin/arm-cortexm0-eabi/lib/gcc/arm-cortexm0-eabi/15.2.0/../../../../arm-cortexm0-eabi/lib/libc.a(libc_a-readr.o)
                              /home/cyrill/bin/arm-cortexm0-eabi/lib/gcc/arm-cortexm0-eabi/15.2.0/../../../../arm-cortexm0-eabi/lib/libc.a(libc_a-stdio.o) (_read_r)
/home/cyrill/bin/arm-cortexm0-eabi/lib/gcc/arm-cortexm0-eabi/15.2.0/../../../../arm-cortexm0-eabi/lib/libc.a(libc_a-writer.o)
                              /home/cyrill/bin/arm-cortexm0-eabi/lib/gcc/arm-cortexm0-eabi/15.2.0/../../../../arm-cortexm0-eabi/lib/libc.a(libc_a-stdio.o) (_write_r)
/home/cyrill/bin/arm-cortexm0-eabi/lib/gcc/arm-cortexm0-eabi/15.2.0/../../../../arm-cortexm0-eabi/lib/libc.a(libc_a-errno.o)
                              build/sysmem.o (__errno)
/home/cyrill/bin/arm-cortexm0-eabi/lib/gcc/arm-cortexm0-eabi/15.2.0/../../../../arm-cortexm0-eabi/lib/libc.a(libc_a-init.o)
                              /home/cyrill/bin/arm-cortexm0-eabi/lib/gcc/arm-cortexm0-eabi/15.2.0/../../../../arm-cortexm0-eabi/lib/crt0.o (__libc_init_array)
/home/cyrill/bin/arm-cortexm0-eabi/lib/gcc/arm-cortexm0-eabi/15.2.0/../../../../arm-cortexm0-eabi/lib/libc.a(libc_a-fini.o)
                              /home/cyrill/bin/arm-cortexm0-eabi/lib/gcc/arm-cortexm0-eabi/15.2.0/../../../../arm-cortexm0-eabi/lib/crt0.o (__libc_fini_array)
/home/cyrill/bin/arm-cortexm0-eabi/lib/gcc/arm-cortexm0-eabi/15.2.0/../../../../arm-cortexm0-eabi/lib/libc.a(libc_a-syscalls.o)
                              /home/cyrill/bin/arm-cortexm0-eabi/lib/gcc/arm-cortexm0-eabi/15.2.0/../../../../arm-cortexm0-eabi/lib/crt0.o (initialise_monitor_handles)
/home/cyrill/bin/arm-cortexm0-eabi/lib/gcc/arm-cortexm0-eabi/15.2.0/../../../../arm-cortexm0-eabi/lib/libc.a(libc_a-strlen.o)
                              build/main.o (strlen)
[...]
Memory Configuration

Name             Origin             Length             Attributes
RAM              0x20000000         0x00004000         xrw
FLASH            0x08000000         0x00020000         xr
*default*        0x00000000         0xffffffff

Linker script and memory map

LOAD /home/cyrill/bin/arm-cortexm0-eabi/lib/gcc/arm-cortexm0-eabi/15.2.0/crti.o
LOAD /home/cyrill/bin/arm-cortexm0-eabi/lib/gcc/arm-cortexm0-eabi/15.2.0/crtbegin.o
LOAD /home/cyrill/bin/arm-cortexm0-eabi/lib/gcc/arm-cortexm0-eabi/15.2.0/../../../../arm-cortexm0-eabi/lib/crt0.o
LOAD build/main.o
LOAD build/stm32f0xx_it.o
LOAD build/stm32f0xx_hal_msp.o
LOAD build/stm32f0xx_ll_usb.o
LOAD build/stm32f0xx_hal_i2c.o
LOAD build/stm32f0xx_hal_i2c_ex.o
LOAD build/stm32f0xx_hal_rcc.o
LOAD build/stm32f0xx_hal_rcc_ex.o
LOAD build/stm32f0xx_hal.o
LOAD build/stm32f0xx_hal_gpio.o
LOAD build/stm32f0xx_hal_dma.o
LOAD build/stm32f0xx_hal_cortex.o
LOAD build/stm32f0xx_hal_pwr.o
LOAD build/stm32f0xx_hal_pwr_ex.o
LOAD build/stm32f0xx_hal_flash.o
LOAD build/stm32f0xx_hal_flash_ex.o
LOAD build/stm32f0xx_hal_exti.o
LOAD build/stm32f0xx_hal_pcd.o
LOAD build/stm32f0xx_hal_pcd_ex.o
LOAD build/system_stm32f0xx.o
LOAD build/sysmem.o
LOAD build/stm32f0xx_ll_gpio.o
LOAD build/stm32f0xx_ll_i2c.o
LOAD build/stm32f0xx_ll_dma.o
LOAD build/stm32f0xx_ll_rcc.o
LOAD build/stm32f0xx_ll_utils.o
LOAD build/stm32f0xx_ll_exti.o
LOAD build/usb_device.o
LOAD build/usbd_desc.o
LOAD build/usbd_cdc_if.o
LOAD build/usbd_conf.o
LOAD build/usbd_core.o
LOAD build/usbd_ctlreq.o
LOAD build/usbd_ioreq.o
LOAD build/usbd_cdc.o
LOAD build/startup_stm32f072xb.o
LOAD /home/cyrill/bin/arm-cortexm0-eabi/lib/gcc/arm-cortexm0-eabi/15.2.0/../../../../arm-cortexm0-eabi/lib/libc.a
LOAD /home/cyrill/bin/arm-cortexm0-eabi/lib/gcc/arm-cortexm0-eabi/15.2.0/../../../../arm-cortexm0-eabi/lib/libm.a
LOAD /home/cyrill/bin/arm-cortexm0-eabi/lib/gcc/arm-cortexm0-eabi/15.2.0/../../../../arm-cortexm0-eabi/lib/libnosys.a
LOAD /home/cyrill/bin/arm-cortexm0-eabi/lib/gcc/arm-cortexm0-eabi/15.2.0/../../../../arm-cortexm0-eabi/lib/libm.a
START GROUP
LOAD /home/cyrill/bin/arm-cortexm0-eabi/lib/gcc/arm-cortexm0-eabi/15.2.0/libgcc.a
LOAD /home/cyrill/bin/arm-cortexm0-eabi/lib/gcc/arm-cortexm0-eabi/15.2.0/../../../../arm-cortexm0-eabi/lib/libc.a
END GROUP
LOAD /home/cyrill/bin/arm-cortexm0-eabi/lib/gcc/arm-cortexm0-eabi/15.2.0/crtend.o
LOAD /home/cyrill/bin/arm-cortexm0-eabi/lib/gcc/arm-cortexm0-eabi/15.2.0/crtn.o
                0x20004000                        _estack = (ORIGIN (RAM) + LENGTH (RAM))
                0x20003c00                        _sstack = (_estack - _Min_Stack_Size)
                0x00000200                        _Min_Heap_Size = 0x200
                0x00000400                        _Min_Stack_Size = 0x400

.isr_vector     0x08000000       0xc0
                0x08000000                        . = ALIGN (0x4)
 *(.isr_vector)
 .isr_vector    0x08000000       0xc0 build/startup_stm32f072xb.o
                0x08000000                g_pfnVectors
                0x080000c0                        . = ALIGN (0x4)

.text           0x080000c0     0xb780
                0x080000c0                        . = ALIGN (0x4)
 *(.text)
 .text          0x080000c0       0x98 /home/cyrill/bin/arm-cortexm0-eabi/lib/gcc/arm-cortexm0-eabi/15.2.0/crtbegin.o
 .text          0x08000158       0x78 /home/cyrill/bin/arm-cortexm0-eabi/lib/gcc/arm-cortexm0-eabi/15.2.0/../../../../arm-cortexm0-eabi/lib/libc.a(libc_a-sprintf.o)
                0x08000158                _sprintf_r
                0x08000190                sprintf
 .text          0x080001d0        0xc /home/cyrill/bin/arm-cortexm0-eabi/lib/gcc/arm-cortexm0-eabi/15.2.0/../../../../arm-cortexm0-eabi/lib/libc.a(libc_a-errno.o)
                0x080001d0                __errno
 .text          0x080001dc       0x48 /home/cyrill/bin/arm-cortexm0-eabi/lib/gcc/arm-cortexm0-eabi/15.2.0/../../../../arm-cortexm0-eabi/lib/libc.a(libc_a-init.o)
                0x080001dc                __libc_init_array
 .text          0x08000224        0xe /home/cyrill/bin/arm-cortexm0-eabi/lib/gcc/arm-cortexm0-eabi/15.2.0/../../../../arm-cortexm0-eabi/lib/libc.a(libc_a-strlen.o)
                0x08000224                strlen
 *fill*         0x08000232        0x2 
 .text          0x08000234      0x20c /home/cyrill/bin/arm-cortexm0-eabi/lib/gcc/arm-cortexm0-eabi/15.2.0/../../../../arm-cortexm0-eabi/lib/libc.a(libc_a-freer.o)
                0x08000234                _malloc_trim_r
                0x080002e0                _free_r
 .text          0x08000440      0x41c /home/cyrill/bin/arm-cortexm0-eabi/lib/gcc/arm-cortexm0-eabi/15.2.0/../../../../arm-cortexm0-eabi/lib/libc.a(libc_a-mallocr.o)
                0x08000440                _malloc_r
 .text          0x0800085c        0x4 /home/cyrill/bin/arm-cortexm0-eabi/lib/gcc/arm-cortexm0-eabi/15.2.0/../../../../arm-cortexm0-eabi/lib/libc.a(libc_a-mlock.o)
                0x0800085c                __malloc_lock
                0x0800085e                __malloc_unlock
 .text          0x08000860      0x6ec /home/cyrill/bin/arm-cortexm0-eabi/lib/gcc/arm-cortexm0-eabi/15.2.0/../../../../arm-cortexm0-eabi/lib/libc.a(libc_a-svfprintf.o)
                0x08000860                _svfprintf_r
 .text          0x08000f4c       0x24 /home/cyrill/bin/arm-cortexm0-eabi/lib/gcc/arm-cortexm0-eabi/15.2.0/../../../../arm-cortexm0-eabi/lib/libc.a(libc_a-sbrkr.o)
                0x08000f4c                _sbrk_r
 .text          0x08000f70       0x18 /home/cyrill/bin/arm-cortexm0-eabi/lib/gcc/arm-cortexm0-eabi/15.2.0/../../../../arm-cortexm0-eabi/lib/libc.a(libc_a-sysconf.o)
                0x08000f70                sysconf
 .text          0x08000f88       0x16 /home/cyrill/bin/arm-cortexm0-eabi/lib/gcc/arm-cortexm0-eabi/15.2.0/../../../../arm-cortexm0-eabi/lib/libc.a(libc_a-memchr-stub.o)
                0x08000f88                memchr
 *fill*         0x08000f9e        0x2 
 .text          0x08000fa0      0x860 /home/cyrill/bin/arm-cortexm0-eabi/lib/gcc/arm-cortexm0-eabi/15.2.0/../../../../arm-cortexm0-eabi/lib/libc.a(libc_a-svfiprintf.o)
                0x08000fa0                __ssprint_r
                0x08001098                _svfiprintf_r
 .text          0x08001800       0x26 /home/cyrill/bin/arm-cortexm0-eabi/lib/gcc/arm-cortexm0-eabi/15.2.0/../../../../arm-cortexm0-eabi/lib/libc.a(libc_a-memmove.o)
                0x08001800                memmove
 .text          0x08001826       0x12 /home/cyrill/bin/arm-cortexm0-eabi/lib/gcc/arm-cortexm0-eabi/15.2.0/../../../../arm-cortexm0-eabi/lib/libc.a(libc_a-memcpy-stub.o)
                0x08001826                memcpy
 .text          0x08001838      0x354 /home/cyrill/bin/arm-cortexm0-eabi/lib/gcc/arm-cortexm0-eabi/15.2.0/../../../../arm-cortexm0-eabi/lib/libc.a(libc_a-reallocr.o)
                0x08001838                _realloc_r
 .text          0x08001b8c       0xdc /home/cyrill/bin/arm-cortexm0-eabi/lib/gcc/arm-cortexm0-eabi/15.2.0/../../../../arm-cortexm0-eabi/lib/libm.a(libm_a-w_pow.o)
                0x08001b8c                pow
 .text          0x08001c68       0x4c /home/cyrill/bin/arm-cortexm0-eabi/lib/gcc/arm-cortexm0-eabi/15.2.0/../../../../arm-cortexm0-eabi/lib/libm.a(libm_a-w_sqrt.o)
                0x08001c68                sqrt
 .text          0x08001cb4      0x2f4 /home/cyrill/bin/arm-cortexm0-eabi/lib/gcc/arm-cortexm0-eabi/15.2.0/../../../../arm-cortexm0-eabi/lib/libm.a(libm_a-s_atan.o)
                0x08001cb4                atan
 .text          0x08001fa8        0x8 /home/cyrill/bin/arm-cortexm0-eabi/lib/gcc/arm-cortexm0-eabi/15.2.0/../../../../arm-cortexm0-eabi/lib/libm.a(libm_a-s_fabs.o)
                0x08001fa8                fabs
 .text          0x08001fb0       0x10 /home/cyrill/bin/arm-cortexm0-eabi/lib/gcc/arm-cortexm0-eabi/15.2.0/../../../../arm-cortexm0-eabi/lib/libm.a(libm_a-s_finite.o)
                0x08001fb0                finite
 .text          0x08001fc0      0x1c0 /home/cyrill/bin/arm-cortexm0-eabi/lib/gcc/arm-cortexm0-eabi/15.2.0/../../../../arm-cortexm0-eabi/lib/libm.a(libm_a-e_sqrt.o)
                0x08001fc0                __ieee754_sqrt
 .text          0x08002180      0xa14 /home/cyrill/bin/arm-cortexm0-eabi/lib/gcc/arm-cortexm0-eabi/15.2.0/../../../../arm-cortexm0-eabi/lib/libm.a(libm_a-e_pow.o)
                0x08002180                __ieee754_pow
 .text          0x08002b94       0xd8 /home/cyrill/bin/arm-cortexm0-eabi/lib/gcc/arm-cortexm0-eabi/15.2.0/../../../../arm-cortexm0-eabi/lib/libm.a(libm_a-s_scalbn.o)
                0x08002b94                scalbn
 .text          0x08002c6c      0x144 /home/cyrill/bin/arm-cortexm0-eabi/lib/gcc/arm-cortexm0-eabi/15.2.0/../../../../arm-cortexm0-eabi/lib/libm.a(libm_a-math_err.o)
                0x08002caa                __math_uflow
                0x08002cb8                __math_may_uflow
                0x08002cc8                __math_oflow
                0x08002cd6                __math_divzero
                0x08002d08                __math_invalid
                0x08002d46                __math_check_uflow
                0x08002d6c                __math_check_oflow
 .text          0x08002db0       0x14 /home/cyrill/bin/arm-cortexm0-eabi/lib/gcc/arm-cortexm0-eabi/15.2.0/libgcc.a(_thumb1_case_sqi.o)
                0x08002db0                __gnu_thumb1_case_sqi
 .text          0x08002dc4       0x14 /home/cyrill/bin/arm-cortexm0-eabi/lib/gcc/arm-cortexm0-eabi/15.2.0/libgcc.a(_thumb1_case_shi.o)
                0x08002dc4                __gnu_thumb1_case_shi
 .text          0x08002dd8       0x8c /home/cyrill/bin/arm-cortexm0-eabi/lib/gcc/arm-cortexm0-eabi/15.2.0/libgcc.a(_udivsi3.o)
                0x08002dd8                __udivsi3
                0x08002dd8                __aeabi_uidiv
                0x08002e50                __aeabi_uidivmod
 .text          0x08002e64        0x4 /home/cyrill/bin/arm-cortexm0-eabi/lib/gcc/arm-cortexm0-eabi/15.2.0/libgcc.a(_dvmd_tls.o)
                0x08002e64                __aeabi_ldiv0
                0x08002e64                __aeabi_idiv0
 .text          0x08002e68       0x7c /home/cyrill/bin/arm-cortexm0-eabi/lib/gcc/arm-cortexm0-eabi/15.2.0/libgcc.a(_arm_cmpdf2.o)
                0x08002e68                __aeabi_cdrcmple
                0x08002e78                __aeabi_cdcmple
                0x08002e78                __aeabi_cdcmpeq
                0x08002e88                __aeabi_dcmpeq
                0x08002e94                __aeabi_dcmplt
                0x08002ea8                __aeabi_dcmple
                0x08002ebc                __aeabi_dcmpgt
                0x08002ed0                __aeabi_dcmpge
 .text          0x08002ee4      0x578 /home/cyrill/bin/arm-cortexm0-eabi/lib/gcc/arm-cortexm0-eabi/15.2.0/libgcc.a(adddf3.o)
                0x08002ee4                __aeabi_dadd
 .text          0x0800345c      0x4fc /home/cyrill/bin/arm-cortexm0-eabi/lib/gcc/arm-cortexm0-eabi/15.2.0/libgcc.a(divdf3.o)
                0x0800345c                __aeabi_ddiv
 .text          0x08003958       0x78 /home/cyrill/bin/arm-cortexm0-eabi/lib/gcc/arm-cortexm0-eabi/15.2.0/libgcc.a(eqdf2.o)
                0x08003958                __eqdf2
                0x08003958                __nedf2
 .text          0x080039d0       0xdc /home/cyrill/bin/arm-cortexm0-eabi/lib/gcc/arm-cortexm0-eabi/15.2.0/libgcc.a(gedf2.o)
                0x080039d0                __gtdf2
                0x080039d0                __gedf2
 .text          0x08003aac       0xd4 /home/cyrill/bin/arm-cortexm0-eabi/lib/gcc/arm-cortexm0-eabi/15.2.0/libgcc.a(ledf2.o)
                0x08003aac                __ltdf2
                0x08003aac                __ledf2
 .text          0x08003b80      0x440 /home/cyrill/bin/arm-cortexm0-eabi/lib/gcc/arm-cortexm0-eabi/15.2.0/libgcc.a(muldf3.o)
                0x08003b80                __aeabi_dmul
 .text          0x08003fc0      0x588 /home/cyrill/bin/arm-cortexm0-eabi/lib/gcc/arm-cortexm0-eabi/15.2.0/libgcc.a(subdf3.o)
                0x08003fc0                __aeabi_dsub
 .text          0x08004548       0x3c /home/cyrill/bin/arm-cortexm0-eabi/lib/gcc/arm-cortexm0-eabi/15.2.0/libgcc.a(unorddf2.o)
                0x08004548                __aeabi_dcmpun
 .text          0x08004584       0x68 /home/cyrill/bin/arm-cortexm0-eabi/lib/gcc/arm-cortexm0-eabi/15.2.0/libgcc.a(fixdfsi.o)
                0x08004584                __aeabi_d2iz
 .text          0x080045ec       0x50 /home/cyrill/bin/arm-cortexm0-eabi/lib/gcc/arm-cortexm0-eabi/15.2.0/libgcc.a(floatsidf.o)
                0x080045ec                __aeabi_i2d
 .text          0x0800463c       0x14 /home/cyrill/bin/arm-cortexm0-eabi/lib/gcc/arm-cortexm0-eabi/15.2.0/libgcc.a(_thumb1_case_uhi.o)
                0x0800463c                __gnu_thumb1_case_uhi
 .text          0x08004650       0x3c /home/cyrill/bin/arm-cortexm0-eabi/lib/gcc/arm-cortexm0-eabi/15.2.0/libgcc.a(_clzsi2.o)
                0x08004650                __clzsi2
 *(.text*)
 .text.LL_RCC_HSI_Enable
                0x0800468c       0x1c build/main.o
 .text.LL_RCC_HSI_IsReady
                0x080046a8       0x1c build/main.o
 .text.LL_RCC_HSI_SetCalibTrimming
                0x080046c4       0x28 build/main.o
 .text.LL_RCC_HSI48_Enable
                0x080046ec       0x1c build/main.o
 .text.LL_RCC_HSI48_IsReady
                0x08004708       0x20 build/main.o
 .text.LL_RCC_SetSysClkSource
                0x08004728       0x28 build/main.o
 .text.LL_RCC_GetSysClkSource
                0x08004750       0x18 build/main.o
 .text.LL_RCC_SetAHBPrescaler
                0x08004768       0x28 build/main.o
 .text.LL_RCC_SetAPB1Prescaler
                0x08004790       0x2c build/main.o
 .text.LL_RCC_SetUSBClockSource
                0x080047bc       0x28 build/main.o
 .text.LL_RCC_PLL_Enable
                0x080047e4       0x1c build/main.o
 .text.LL_RCC_PLL_IsReady
                0x08004800       0x20 build/main.o
 .text.LL_RCC_PLL_ConfigDomain_SYS
                0x08004820       0x44 build/main.o
 .text.LL_FLASH_SetLatency
                0x08004864       0x28 build/main.o
 .text.LL_FLASH_GetLatency
                0x0800488c       0x18 build/main.o
 .text.main     0x080048a4      0x3f8 build/main.o
                0x080048a4                main
 .text.I2C_Read
                0x08004c9c       0xd8 build/main.o
                0x08004c9c                I2C_Read
 .text.SystemClock_Config
                0x08004d74       0xa0 build/main.o
                0x08004d74                SystemClock_Config
 .text.Error_Handler
                0x08004e14        0xc build/main.o
                0x08004e14                Error_Handler
 .text.NMI_Handler
                0x08004e20        0x8 build/stm32f0xx_it.o
                0x08004e20                NMI_Handler
 .text.HardFault_Handler
                0x08004e28        0x8 build/stm32f0xx_it.o
                0x08004e28                HardFault_Handler
 .text.SVC_Handler
                0x08004e30        0xa build/stm32f0xx_it.o
                0x08004e30                SVC_Handler
 .text.PendSV_Handler
                0x08004e3a        0xa build/stm32f0xx_it.o
                0x08004e3a                PendSV_Handler
 .text.SysTick_Handler
                0x08004e44        0xe build/stm32f0xx_it.o
                0x08004e44                SysTick_Handler
 *fill*         0x08004e52        0x2 
 .text.USB_IRQHandler
                0x08004e54       0x18 build/stm32f0xx_it.o
                0x08004e54                USB_IRQHandler
 .text.HAL_MspInit
                0x08004e6c       0x48 build/stm32f0xx_hal_msp.o
                0x08004e6c                HAL_MspInit
 .text.USB_EnableGlobalInt
                0x08004eb4       0x2c build/stm32f0xx_ll_usb.o
                0x08004eb4                USB_EnableGlobalInt
 .text.USB_DisableGlobalInt
                0x08004ee0       0x34 build/stm32f0xx_ll_usb.o
                0x08004ee0                USB_DisableGlobalInt
 .text.USB_DevInit
                0x08004f14       0x38 build/stm32f0xx_ll_usb.o
                0x08004f14                USB_DevInit
 .text.USB_ActivateEndpoint
                0x08004f4c      0x750 build/stm32f0xx_ll_usb.o
                0x08004f4c                USB_ActivateEndpoint
 .text.USB_DeactivateEndpoint
                0x0800569c      0x380 build/stm32f0xx_ll_usb.o
                0x0800569c                USB_DeactivateEndpoint
 .text.USB_EPStartXfer
                0x08005a1c     0x1260 build/stm32f0xx_ll_usb.o
                0x08005a1c                USB_EPStartXfer
 .text.USB_EPSetStall
                0x08006c7c       0xa0 build/stm32f0xx_ll_usb.o
                0x08006c7c                USB_EPSetStall
 .text.USB_EPClearStall
                0x08006d1c      0x164 build/stm32f0xx_ll_usb.o
                0x08006d1c                USB_EPClearStall
 .text.USB_SetDevAddress
                0x08006e80       0x28 build/stm32f0xx_ll_usb.o
                0x08006e80                USB_SetDevAddress
 .text.USB_DevConnect
                0x08006ea8       0x2c build/stm32f0xx_ll_usb.o
                0x08006ea8                USB_DevConnect
 .text.USB_ReadInterrupts
                0x08006ed4       0x1c build/stm32f0xx_ll_usb.o
                0x08006ed4                USB_ReadInterrupts
 .text.USB_WritePMA
                0x08006ef0       0x94 build/stm32f0xx_ll_usb.o
                0x08006ef0                USB_WritePMA
 .text.USB_ReadPMA
                0x08006f84       0x9e build/stm32f0xx_ll_usb.o
                0x08006f84                USB_ReadPMA
 *fill*         0x08007022        0x2 
 .text.HAL_Init
                0x08007024       0x28 build/stm32f0xx_hal.o
                0x08007024                HAL_Init
 .text.HAL_InitTick
                0x0800704c       0x68 build/stm32f0xx_hal.o
                0x0800704c                HAL_InitTick
 .text.HAL_IncTick
                0x080070b4       0x24 build/stm32f0xx_hal.o
                0x080070b4                HAL_IncTick
 .text.HAL_GetTick
                0x080070d8       0x14 build/stm32f0xx_hal.o
                0x080070d8                HAL_GetTick
 .text.HAL_Delay
                0x080070ec       0x48 build/stm32f0xx_hal.o
                0x080070ec                HAL_Delay
 .text.__NVIC_EnableIRQ
                0x08007134       0x34 build/stm32f0xx_hal_cortex.o
 .text.__NVIC_SetPriority
                0x08007168       0xdc build/stm32f0xx_hal_cortex.o
 .text.SysTick_Config
                0x08007244       0x48 build/stm32f0xx_hal_cortex.o
 .text.HAL_NVIC_SetPriority
                0x0800728c       0x2a build/stm32f0xx_hal_cortex.o
                0x0800728c                HAL_NVIC_SetPriority
 .text.HAL_NVIC_EnableIRQ
                0x080072b6       0x20 build/stm32f0xx_hal_cortex.o
                0x080072b6                HAL_NVIC_EnableIRQ
 .text.HAL_SYSTICK_Config
                0x080072d6       0x1a build/stm32f0xx_hal_cortex.o
                0x080072d6                HAL_SYSTICK_Config
 .text.HAL_PCD_Init
                0x080072f0      0x1e8 build/stm32f0xx_hal_pcd.o
                0x080072f0                HAL_PCD_Init
 .text.HAL_PCD_Start
                0x080074d8       0x4a build/stm32f0xx_hal_pcd.o
                0x080074d8                HAL_PCD_Start
 *fill*         0x08007522        0x2 
 .text.HAL_PCD_IRQHandler
                0x08007524      0x288 build/stm32f0xx_hal_pcd.o
                0x08007524                HAL_PCD_IRQHandler
 .text.HAL_PCD_SetAddress
                0x080077ac       0x54 build/stm32f0xx_hal_pcd.o
                0x080077ac                HAL_PCD_SetAddress
 .text.HAL_PCD_EP_Open
                0x08007800       0xde build/stm32f0xx_hal_pcd.o
                0x08007800                HAL_PCD_EP_Open
 .text.HAL_PCD_EP_Close
                0x080078de       0xa2 build/stm32f0xx_hal_pcd.o
                0x080078de                HAL_PCD_EP_Close
 .text.HAL_PCD_EP_Receive
                0x08007980       0x6e build/stm32f0xx_hal_pcd.o
                0x08007980                HAL_PCD_EP_Receive
 .text.HAL_PCD_EP_GetRxCount
                0x080079ee       0x32 build/stm32f0xx_hal_pcd.o
                0x080079ee                HAL_PCD_EP_GetRxCount
 .text.HAL_PCD_EP_Transmit
                0x08007a20       0x78 build/stm32f0xx_hal_pcd.o
                0x08007a20                HAL_PCD_EP_Transmit
 .text.HAL_PCD_EP_SetStall
                0x08007a98       0xb8 build/stm32f0xx_hal_pcd.o
                0x08007a98                HAL_PCD_EP_SetStall
 .text.HAL_PCD_EP_ClrStall
                0x08007b50       0xbc build/stm32f0xx_hal_pcd.o
                0x08007b50                HAL_PCD_EP_ClrStall
 .text.PCD_EP_ISR_Handler
                0x08007c0c      0x808 build/stm32f0xx_hal_pcd.o
 .text.HAL_PCD_EP_DB_Receive
                0x08008414      0x238 build/stm32f0xx_hal_pcd.o
 .text.HAL_PCD_EP_DB_Transmit
                0x0800864c      0x820 build/stm32f0xx_hal_pcd.o
 .text.HAL_PCDEx_PMAConfig
                0x08008e6c       0x9c build/stm32f0xx_hal_pcd_ex.o
                0x08008e6c                HAL_PCDEx_PMAConfig
 .text.HAL_PCDEx_ActivateLPM
                0x08008f08       0x54 build/stm32f0xx_hal_pcd_ex.o
                0x08008f08                HAL_PCDEx_ActivateLPM
 .text.HAL_PCDEx_LPM_Callback
                0x08008f5c       0x16 build/stm32f0xx_hal_pcd_ex.o
                0x08008f5c                HAL_PCDEx_LPM_Callback
 .text.SystemInit
                0x08008f72        0xa build/system_stm32f0xx.o
                0x08008f72                SystemInit
 .text._sbrk    0x08008f7c       0x6c build/sysmem.o
                0x08008f7c                _sbrk
 .text.LL_GPIO_SetPinMode
                0x08008fe8       0x38 build/stm32f0xx_ll_gpio.o
 .text.LL_GPIO_SetPinOutputType
                0x08009020       0x2a build/stm32f0xx_ll_gpio.o
 .text.LL_GPIO_SetPinSpeed
                0x0800904a       0x38 build/stm32f0xx_ll_gpio.o
 .text.LL_GPIO_SetPinPull
                0x08009082       0x38 build/stm32f0xx_ll_gpio.o
 .text.LL_GPIO_SetAFPin_0_7
                0x080090ba       0x46 build/stm32f0xx_ll_gpio.o
 .text.LL_GPIO_SetAFPin_8_15
                0x08009100       0x5a build/stm32f0xx_ll_gpio.o
 .text.LL_GPIO_Init
                0x0800915a       0xb8 build/stm32f0xx_ll_gpio.o
                0x0800915a                LL_GPIO_Init
 *fill*         0x08009212        0x2 
 .text.LL_SetSystemCoreClock
                0x08009214       0x1c build/stm32f0xx_ll_utils.o
                0x08009214                LL_SetSystemCoreClock
 .text.MX_USB_DEVICE_Init
                0x08009230       0x68 build/usb_device.o
                0x08009230                MX_USB_DEVICE_Init
 .text.USBD_FS_DeviceDescriptor
                0x08009298       0x24 build/usbd_desc.o
                0x08009298                USBD_FS_DeviceDescriptor
 .text.USBD_FS_LangIDStrDescriptor
                0x080092bc       0x24 build/usbd_desc.o
                0x080092bc                USBD_FS_LangIDStrDescriptor
 .text.USBD_FS_ProductStrDescriptor
                0x080092e0       0x44 build/usbd_desc.o
                0x080092e0                USBD_FS_ProductStrDescriptor
 .text.USBD_FS_ManufacturerStrDescriptor
                0x08009324       0x2c build/usbd_desc.o
                0x08009324                USBD_FS_ManufacturerStrDescriptor
 .text.USBD_FS_SerialStrDescriptor
                0x08009350       0x28 build/usbd_desc.o
                0x08009350                USBD_FS_SerialStrDescriptor
 .text.USBD_FS_ConfigStrDescriptor
                0x08009378       0x44 build/usbd_desc.o
                0x08009378                USBD_FS_ConfigStrDescriptor
 .text.USBD_FS_InterfaceStrDescriptor
                0x080093bc       0x44 build/usbd_desc.o
                0x080093bc                USBD_FS_InterfaceStrDescriptor
 .text.Get_SerialNum
                0x08009400       0x5c build/usbd_desc.o
 .text.IntToUnicode
                0x0800945c       0x96 build/usbd_desc.o
 *fill*         0x080094f2        0x2 
 .text.CDC_Init_FS
                0x080094f4       0x30 build/usbd_cdc_if.o
 .text.CDC_DeInit_FS
                0x08009524        0xc build/usbd_cdc_if.o
 .text.CDC_Control_FS
                0x08009530       0x7e build/usbd_cdc_if.o
 *fill*         0x080095ae        0x2 
 .text.CDC_Receive_FS
                0x080095b0       0x2c build/usbd_cdc_if.o
 .text.CDC_Transmit_FS
                0x080095dc       0x60 build/usbd_cdc_if.o
                0x080095dc                CDC_Transmit_FS
 .text.HAL_PCD_MspInit
                0x0800963c       0x50 build/usbd_conf.o
                0x0800963c                HAL_PCD_MspInit
 .text.HAL_PCD_SetupStageCallback
                0x0800968c       0x2a build/usbd_conf.o
                0x0800968c                HAL_PCD_SetupStageCallback
 .text.HAL_PCD_DataOutStageCallback
                0x080096b6       0x42 build/usbd_conf.o
                0x080096b6                HAL_PCD_DataOutStageCallback
 .text.HAL_PCD_DataInStageCallback
                0x080096f8       0x3c build/usbd_conf.o
                0x080096f8                HAL_PCD_DataInStageCallback
 .text.HAL_PCD_SOFCallback
                0x08009734       0x1e build/usbd_conf.o
                0x08009734                HAL_PCD_SOFCallback
 .text.HAL_PCD_ResetCallback
                0x08009752       0x48 build/usbd_conf.o
                0x08009752                HAL_PCD_ResetCallback
 *fill*         0x0800979a        0x2 
 .text.HAL_PCD_SuspendCallback
                0x0800979c       0x38 build/usbd_conf.o
                0x0800979c                HAL_PCD_SuspendCallback
 .text.HAL_PCD_ResumeCallback
                0x080097d4       0x3c build/usbd_conf.o
                0x080097d4                HAL_PCD_ResumeCallback
 .text.USBD_LL_Init
                0x08009810       0xc8 build/usbd_conf.o
                0x08009810                USBD_LL_Init
 .text.USBD_LL_Start
                0x080098d8       0x4a build/usbd_conf.o
                0x080098d8                USBD_LL_Start
 .text.USBD_LL_OpenEP
                0x08009922       0x6e build/usbd_conf.o
                0x08009922                USBD_LL_OpenEP
 .text.USBD_LL_CloseEP
                0x08009990       0x56 build/usbd_conf.o
                0x08009990                USBD_LL_CloseEP
 .text.USBD_LL_StallEP
                0x080099e6       0x56 build/usbd_conf.o
                0x080099e6                USBD_LL_StallEP
 .text.USBD_LL_ClearStallEP
                0x08009a3c       0x56 build/usbd_conf.o
                0x08009a3c                USBD_LL_ClearStallEP
 .text.USBD_LL_IsStallEP
                0x08009a92       0x60 build/usbd_conf.o
                0x08009a92                USBD_LL_IsStallEP
 .text.USBD_LL_SetUSBAddress
                0x08009af2       0x56 build/usbd_conf.o
                0x08009af2                USBD_LL_SetUSBAddress
 .text.USBD_LL_Transmit
                0x08009b48       0x6e build/usbd_conf.o
                0x08009b48                USBD_LL_Transmit
 .text.USBD_LL_PrepareReceive
                0x08009bb6       0x6e build/usbd_conf.o
                0x08009bb6                USBD_LL_PrepareReceive
 .text.USBD_LL_GetRxDataSize
                0x08009c24       0x2c build/usbd_conf.o
                0x08009c24                USBD_LL_GetRxDataSize
 .text.USBD_static_malloc
                0x08009c50       0x18 build/usbd_conf.o
                0x08009c50                USBD_static_malloc
 .text.USBD_static_free
                0x08009c68       0x10 build/usbd_conf.o
                0x08009c68                USBD_static_free
 .text.SystemClockConfig_Resume
                0x08009c78        0xe build/usbd_conf.o
 .text.USBD_Get_USB_Status
                0x08009c86       0x6e build/usbd_conf.o
 .text.USBD_Init
                0x08009cf4       0x62 build/usbd_core.o
                0x08009cf4                USBD_Init
 .text.USBD_RegisterClass
                0x08009d56       0x40 build/usbd_core.o
                0x08009d56                USBD_RegisterClass
 .text.USBD_Start
                0x08009d96       0x1a build/usbd_core.o
                0x08009d96                USBD_Start
 .text.USBD_RunTestMode
                0x08009db0       0x12 build/usbd_core.o
                0x08009db0                USBD_RunTestMode
 .text.USBD_SetClassConfig
                0x08009dc2       0x4e build/usbd_core.o
                0x08009dc2                USBD_SetClassConfig
 .text.USBD_ClrClassConfig
                0x08009e10       0x2c build/usbd_core.o
                0x08009e10                USBD_ClrClassConfig
 .text.USBD_LL_SetupStage
                0x08009e3c       0xbc build/usbd_core.o
                0x08009e3c                USBD_LL_SetupStage
 .text.USBD_LL_DataOutStage
                0x08009ef8      0x104 build/usbd_core.o
                0x08009ef8                USBD_LL_DataOutStage
 .text.USBD_LL_DataInStage
                0x08009ffc      0x17a build/usbd_core.o
                0x08009ffc                USBD_LL_DataInStage
 .text.USBD_LL_Reset
                0x0800a176       0x90 build/usbd_core.o
                0x0800a176                USBD_LL_Reset
 .text.USBD_LL_SetSpeed
                0x0800a206       0x20 build/usbd_core.o
                0x0800a206                USBD_LL_SetSpeed
 *fill*         0x0800a226        0x2 
 .text.USBD_LL_Suspend
                0x0800a228       0x30 build/usbd_core.o
                0x0800a228                USBD_LL_Suspend
 .text.USBD_LL_Resume
                0x0800a258       0x30 build/usbd_core.o
                0x0800a258                USBD_LL_Resume
 .text.USBD_LL_SOF
                0x0800a288       0x3c build/usbd_core.o
                0x0800a288                USBD_LL_SOF
 .text.USBD_StdDevReq
                0x0800a2c4       0xfa build/usbd_ctlreq.o
                0x0800a2c4                USBD_StdDevReq
 .text.USBD_StdItfReq
                0x0800a3be       0xae build/usbd_ctlreq.o
                0x0800a3be                USBD_StdItfReq
 .text.USBD_StdEPReq
                0x0800a46c      0x370 build/usbd_ctlreq.o
                0x0800a46c                USBD_StdEPReq
 .text.USBD_GetDescriptor
                0x0800a7dc      0x392 build/usbd_ctlreq.o
 *fill*         0x0800ab6e        0x2 
 .text.USBD_SetAddress
                0x0800ab70       0xa8 build/usbd_ctlreq.o
 .text.USBD_SetConfig
                0x0800ac18      0x148 build/usbd_ctlreq.o
 .text.USBD_GetConfig
                0x0800ad60       0x76 build/usbd_ctlreq.o
 .text.USBD_GetStatus
                0x0800add6       0x74 build/usbd_ctlreq.o
 .text.USBD_SetFeature
                0x0800ae4a       0x2c build/usbd_ctlreq.o
 .text.USBD_ClrFeature
                0x0800ae76       0x4c build/usbd_ctlreq.o
 .text.USBD_ParseSetupRequest
                0x0800aec2       0x70 build/usbd_ctlreq.o
                0x0800aec2                USBD_ParseSetupRequest
 .text.USBD_CtlError
                0x0800af32       0x26 build/usbd_ctlreq.o
                0x0800af32                USBD_CtlError
 .text.USBD_GetString
                0x0800af58       0x9c build/usbd_ctlreq.o
                0x0800af58                USBD_GetString
 .text.USBD_GetLen
                0x0800aff4       0x3a build/usbd_ctlreq.o
 .text.USBD_CtlSendData
                0x0800b02e       0x40 build/usbd_ioreq.o
                0x0800b02e                USBD_CtlSendData
 .text.USBD_CtlContinueSendData
                0x0800b06e       0x26 build/usbd_ioreq.o
                0x0800b06e                USBD_CtlContinueSendData
 .text.USBD_CtlPrepareRx
                0x0800b094       0x48 build/usbd_ioreq.o
                0x0800b094                USBD_CtlPrepareRx
 .text.USBD_CtlContinueRx
                0x0800b0dc       0x26 build/usbd_ioreq.o
                0x0800b0dc                USBD_CtlContinueRx
 .text.USBD_CtlSendStatus
                0x0800b102       0x28 build/usbd_ioreq.o
                0x0800b102                USBD_CtlSendStatus
 .text.USBD_CtlReceiveStatus
                0x0800b12a       0x28 build/usbd_ioreq.o
                0x0800b12a                USBD_CtlReceiveStatus
 .text.USBD_CDC_Init
                0x0800b152      0x118 build/usbd_cdc.o
 .text.USBD_CDC_DeInit
                0x0800b26a       0x88 build/usbd_cdc.o
 *fill*         0x0800b2f2        0x2 
 .text.USBD_CDC_Setup
                0x0800b2f4      0x190 build/usbd_cdc.o
 .text.USBD_CDC_DataIn
                0x0800b484       0xb6 build/usbd_cdc.o
 .text.USBD_CDC_DataOut
                0x0800b53a       0x6a build/usbd_cdc.o
 .text.USBD_CDC_EP0_RxReady
                0x0800b5a4       0x60 build/usbd_cdc.o
 .text.USBD_CDC_GetFSCfgDesc
                0x0800b604       0x1c build/usbd_cdc.o
 .text.USBD_CDC_GetHSCfgDesc
                0x0800b620       0x1c build/usbd_cdc.o
 .text.USBD_CDC_GetOtherSpeedCfgDesc
                0x0800b63c       0x1c build/usbd_cdc.o
 .text.USBD_CDC_GetDeviceQualifierDescriptor
                0x0800b658       0x1c build/usbd_cdc.o
                0x0800b658                USBD_CDC_GetDeviceQualifierDescriptor
 .text.USBD_CDC_RegisterInterface
                0x0800b674       0x36 build/usbd_cdc.o
                0x0800b674                USBD_CDC_RegisterInterface
 .text.USBD_CDC_SetTxBuffer
                0x0800b6aa       0x38 build/usbd_cdc.o
                0x0800b6aa                USBD_CDC_SetTxBuffer
 .text.USBD_CDC_SetRxBuffer
                0x0800b6e2       0x28 build/usbd_cdc.o
                0x0800b6e2                USBD_CDC_SetRxBuffer
 .text.USBD_CDC_TransmitPacket
                0x0800b70a       0x6e build/usbd_cdc.o
                0x0800b70a                USBD_CDC_TransmitPacket
 .text.USBD_CDC_ReceivePacket
                0x0800b778       0x5c build/usbd_cdc.o
                0x0800b778                USBD_CDC_ReceivePacket
 .text.Reset_Handler
                0x0800b7d4       0x50 build/startup_stm32f072xb.o
                0x0800b7d4                Reset_Handler
 .text.Default_Handler
                0x0800b824        0x2 build/startup_stm32f072xb.o
                0x0800b824                TIM1_CC_IRQHandler
                0x0800b824                TSC_IRQHandler
                0x0800b824                ADC1_COMP_IRQHandler
                0x0800b824                I2C1_IRQHandler
                0x0800b824                RCC_CRS_IRQHandler
                0x0800b824                SPI1_IRQHandler
                0x0800b824                TIM6_DAC_IRQHandler
                0x0800b824                USART3_4_IRQHandler
                0x0800b824                EXTI2_3_IRQHandler
                0x0800b824                I2C2_IRQHandler
                0x0800b824                TIM17_IRQHandler
                0x0800b824                CEC_CAN_IRQHandler
                0x0800b824                RTC_IRQHandler
                0x0800b824                PVD_VDDIO2_IRQHandler
                0x0800b824                DMA1_Channel4_5_6_7_IRQHandler
                0x0800b824                TIM16_IRQHandler
                0x0800b824                TIM3_IRQHandler
                0x0800b824                EXTI4_15_IRQHandler
                0x0800b824                DMA1_Channel1_IRQHandler
                0x0800b824                Default_Handler
                0x0800b824                TIM14_IRQHandler
                0x0800b824                TIM7_IRQHandler
                0x0800b824                TIM15_IRQHandler
                0x0800b824                EXTI0_1_IRQHandler
                0x0800b824                SPI2_IRQHandler
                0x0800b824                WWDG_IRQHandler
                0x0800b824                TIM2_IRQHandler
                0x0800b824                DMA1_Channel2_3_IRQHandler
                0x0800b824                USART2_IRQHandler
                0x0800b824                FLASH_IRQHandler
                0x0800b824                USART1_IRQHandler
                0x0800b824                TIM1_BRK_UP_TRG_COM_IRQHandler
 *(.glue_7)
 .glue_7        0x0800b826        0x0 linker stubs
 *(.glue_7t)
 .glue_7t       0x0800b826        0x0 linker stubs
 *(.eh_frame)
 *fill*         0x0800b826        0x2 
 .eh_frame      0x0800b828        0x0 /home/cyrill/bin/arm-cortexm0-eabi/lib/gcc/arm-cortexm0-eabi/15.2.0/crtbegin.o
 *(.init)
 .init          0x0800b828        0x4 /home/cyrill/bin/arm-cortexm0-eabi/lib/gcc/arm-cortexm0-eabi/15.2.0/crti.o
                0x0800b828                _init
 .init          0x0800b82c        0x8 /home/cyrill/bin/arm-cortexm0-eabi/lib/gcc/arm-cortexm0-eabi/15.2.0/crtn.o
 *(.fini)
 .fini          0x0800b834        0x4 /home/cyrill/bin/arm-cortexm0-eabi/lib/gcc/arm-cortexm0-eabi/15.2.0/crti.o
                0x0800b834                _fini
 .fini          0x0800b838        0x8 /home/cyrill/bin/arm-cortexm0-eabi/lib/gcc/arm-cortexm0-eabi/15.2.0/crtn.o
                0x0800b840                        . = ALIGN (0x4)
                0x0800b840                        _etext = .

.vfp11_veneer   0x0800b840        0x0
 .vfp11_veneer  0x0800b840        0x0 linker stubs

.v4_bx          0x0800b840        0x0
 .v4_bx         0x0800b840        0x0 linker stubs

.iplt           0x0800b840        0x0
 .iplt          0x0800b840        0x0 /home/cyrill/bin/arm-cortexm0-eabi/lib/gcc/arm-cortexm0-eabi/15.2.0/crtbegin.o

.rodata         0x0800b840      0x14c
                0x0800b840                        . = ALIGN (0x4)
 *(.rodata)
 .rodata        0x0800b840       0x1b build/main.o
 *fill*         0x0800b85b        0x1 
 .rodata        0x0800b85c       0x46 build/usbd_desc.o
 .rodata        0x0800b8a2       0x20 /home/cyrill/bin/arm-cortexm0-eabi/lib/gcc/arm-cortexm0-eabi/15.2.0/../../../../arm-cortexm0-eabi/lib/libc.a(libc_a-svfprintf.o)
 .rodata        0x0800b8c2       0x20 /home/cyrill/bin/arm-cortexm0-eabi/lib/gcc/arm-cortexm0-eabi/15.2.0/../../../../arm-cortexm0-eabi/lib/libc.a(libc_a-svfiprintf.o)
 *fill*         0x0800b8e2        0x6 
 .rodata        0x0800b8e8       0x40 /home/cyrill/bin/arm-cortexm0-eabi/lib/gcc/arm-cortexm0-eabi/15.2.0/../../../../arm-cortexm0-eabi/lib/libm.a(libm_a-s_atan.o)
 .rodata        0x0800b928       0x10 /home/cyrill/bin/arm-cortexm0-eabi/lib/gcc/arm-cortexm0-eabi/15.2.0/../../../../arm-cortexm0-eabi/lib/libm.a(libm_a-e_sqrt.o)
 .rodata        0x0800b938       0x30 /home/cyrill/bin/arm-cortexm0-eabi/lib/gcc/arm-cortexm0-eabi/15.2.0/../../../../arm-cortexm0-eabi/lib/libm.a(libm_a-e_pow.o)
 *(.rodata*)
 .rodata.str1.1
                0x0800b968       0x22 /home/cyrill/bin/arm-cortexm0-eabi/lib/gcc/arm-cortexm0-eabi/15.2.0/../../../../arm-cortexm0-eabi/lib/libc.a(libc_a-svfprintf.o)
 .rodata.str1.1
                0x0800b98a       0x22 /home/cyrill/bin/arm-cortexm0-eabi/lib/gcc/arm-cortexm0-eabi/15.2.0/../../../../arm-cortexm0-eabi/lib/libc.a(libc_a-svfiprintf.o)
                0x0800b9ac                        . = ALIGN (0x4)
 *fill*         0x0800b98a        0x2 

.ARM.extab      0x0800b98c        0x0
                0x0800b98c                        . = ALIGN (0x4)
 *(.ARM.extab* .gnu.linkonce.armextab.*)
                0x0800b98c                        . = ALIGN (0x4)

.ARM            0x0800b98c        0x0
                0x0800b98c                        . = ALIGN (0x4)
                0x0800b98c                        __exidx_start = .
 *(.ARM.exidx*)
                0x0800b98c                        __exidx_end = .
                0x0800b98c                        . = ALIGN (0x4)

.preinit_array  0x0800b98c        0x0
                0x0800b98c                        . = ALIGN (0x4)
                0x0800b98c                        PROVIDE (__preinit_array_start = .)
 *(.preinit_array*)
                0x0800b98c                        PROVIDE (__preinit_array_end = .)
                0x0800b98c                        . = ALIGN (0x4)

.init_array     0x0800b98c        0x4
                0x0800b98c                        . = ALIGN (0x4)
                0x0800b98c                        PROVIDE (__init_array_start = .)
 *(SORT_BY_NAME(.init_array.*))
 *(.init_array*)
 .init_array    0x0800b98c        0x4 /home/cyrill/bin/arm-cortexm0-eabi/lib/gcc/arm-cortexm0-eabi/15.2.0/crtbegin.o
                0x0800b990                        PROVIDE (__init_array_end = .)
                0x0800b990                        . = ALIGN (0x4)

.fini_array     0x0800b990        0x4
                0x0800b990                        . = ALIGN (0x4)
                0x0800b990                        PROVIDE (__fini_array_start = .)
 *(SORT_BY_NAME(.fini_array.*))
 *(.fini_array*)
 .fini_array    0x0800b990        0x4 /home/cyrill/bin/arm-cortexm0-eabi/lib/gcc/arm-cortexm0-eabi/15.2.0/crtbegin.o
                0x0800b994                        PROVIDE (__fini_array_end = .)
                0x0800b994                        . = ALIGN (0x4)
                0x0800b994                        _sidata = LOADADDR (.data)

.rel.dyn        0x0800b994        0x0
 .rel.iplt      0x0800b994        0x0 /home/cyrill/bin/arm-cortexm0-eabi/lib/gcc/arm-cortexm0-eabi/15.2.0/crtbegin.o

.data           0x20000000      0x6b8 load address 0x0800b994
                0x20000000                        . = ALIGN (0x4)
                0x20000000                        _sdata = .
 *(.data)
 .data          0x20000000      0x128 /home/cyrill/bin/arm-cortexm0-eabi/lib/gcc/arm-cortexm0-eabi/15.2.0/../../../../arm-cortexm0-eabi/lib/libc.a(libc_a-impure.o)
                0x20000000                _impure_ptr
                0x20000008                _impure_data
 .data          0x20000128      0x410 /home/cyrill/bin/arm-cortexm0-eabi/lib/gcc/arm-cortexm0-eabi/15.2.0/../../../../arm-cortexm0-eabi/lib/libc.a(libc_a-mallocr.o)
                0x20000128                __malloc_sbrk_base
                0x2000012c                __malloc_trim_threshold
                0x20000130                __malloc_av_
 *(.data*)
 .data.PIN_SCL  0x20000538        0x1 build/main.o
                0x20000538                PIN_SCL
 .data.PIN_SDA  0x20000539        0x1 build/main.o
                0x20000539                PIN_SDA
 *fill*         0x2000053a        0x2 
 .data.uwTickPrio
                0x2000053c        0x4 build/stm32f0xx_hal.o
                0x2000053c                uwTickPrio
 .data.uwTickFreq
                0x20000540        0x1 build/stm32f0xx_hal.o
                0x20000540                uwTickFreq
 *fill*         0x20000541        0x3 
 .data.SystemCoreClock
                0x20000544        0x4 build/system_stm32f0xx.o
                0x20000544                SystemCoreClock
 .data.FS_Desc  0x20000548       0x1c build/usbd_desc.o
                0x20000548                FS_Desc
 .data.USBD_FS_DeviceDesc
                0x20000564       0x12 build/usbd_desc.o
                0x20000564                USBD_FS_DeviceDesc
 *fill*         0x20000576        0x2 
 .data.USBD_LangIDDesc
                0x20000578        0x4 build/usbd_desc.o
                0x20000578                USBD_LangIDDesc
 .data.USBD_StringSerial
                0x2000057c       0x1a build/usbd_desc.o
                0x2000057c                USBD_StringSerial
 *fill*         0x20000596        0x2 
 .data.USBD_Interface_fops_FS
                0x20000598       0x10 build/usbd_cdc_if.o
                0x20000598                USBD_Interface_fops_FS
 .data.USBD_CDC_DeviceQualifierDesc
                0x200005a8        0xa build/usbd_cdc.o
 *fill*         0x200005b2        0x2 
 .data.USBD_CDC
                0x200005b4       0x38 build/usbd_cdc.o
                0x200005b4                USBD_CDC
 .data.USBD_CDC_CfgHSDesc
                0x200005ec       0x43 build/usbd_cdc.o
                0x200005ec                USBD_CDC_CfgHSDesc
 *fill*         0x2000062f        0x1 
 .data.USBD_CDC_CfgFSDesc
                0x20000630       0x43 build/usbd_cdc.o
                0x20000630                USBD_CDC_CfgFSDesc
 *fill*         0x20000673        0x1 
 .data.USBD_CDC_OtherSpeedCfgDesc
                0x20000674       0x43 build/usbd_cdc.o
                0x20000674                USBD_CDC_OtherSpeedCfgDesc
 *(.RamFunc)
 *(.RamFunc*)
                0x200006b8                        . = ALIGN (0x4)
 *fill*         0x200006b7        0x1 
                0x200006b8                        _edata = .

.tm_clone_table
                0x200006b8        0x0 load address 0x0800c04c
 .tm_clone_table
                0x200006b8        0x0 /home/cyrill/bin/arm-cortexm0-eabi/lib/gcc/arm-cortexm0-eabi/15.2.0/crtbegin.o
 .tm_clone_table
                0x200006b8        0x0 /home/cyrill/bin/arm-cortexm0-eabi/lib/gcc/arm-cortexm0-eabi/15.2.0/crtend.o

.igot.plt       0x200006b8        0x0 load address 0x0800c04c
 .igot.plt      0x200006b8        0x0 /home/cyrill/bin/arm-cortexm0-eabi/lib/gcc/arm-cortexm0-eabi/15.2.0/crtbegin.o
                0x200006b8                        . = ALIGN (0x4)

.bss            0x200006b8     0x135c load address 0x0800c04c
                0x200006b8                        _sbss = .
                0x200006b8                        __bss_start__ = _sbss
 *(.bss)
 .bss           0x200006b8       0x1c /home/cyrill/bin/arm-cortexm0-eabi/lib/gcc/arm-cortexm0-eabi/15.2.0/crtbegin.o
 .bss           0x200006d4      0x13c /home/cyrill/bin/arm-cortexm0-eabi/lib/gcc/arm-cortexm0-eabi/15.2.0/../../../../arm-cortexm0-eabi/lib/libc.a(libc_a-findfp.o)
                0x200006d4                __stdio_exit_handler
                0x200006d8                __sf
 .bss           0x20000810        0x4 /home/cyrill/bin/arm-cortexm0-eabi/lib/gcc/arm-cortexm0-eabi/15.2.0/../../../../arm-cortexm0-eabi/lib/libc.a(libc_a-reent.o)
                0x20000810                errno
 .bss           0x20000814       0x34 /home/cyrill/bin/arm-cortexm0-eabi/lib/gcc/arm-cortexm0-eabi/15.2.0/../../../../arm-cortexm0-eabi/lib/libc.a(libc_a-mallocr.o)
                0x20000814                __malloc_top_pad
                0x20000818                __malloc_current_mallinfo
                0x20000840                __malloc_max_sbrked_mem
                0x20000844                __malloc_max_total_mem
 *(.bss*)
 .bss.uwTick    0x20000848        0x4 build/stm32f0xx_hal.o
                0x20000848                uwTick
 .bss.__sbrk_heap_end
                0x2000084c        0x4 build/sysmem.o
 .bss.hUsbDeviceFS
                0x20000850      0x2c4 build/usb_device.o
                0x20000850                hUsbDeviceFS
 .bss.USBD_StrDesc
                0x20000b14      0x200 build/usbd_desc.o
                0x20000b14                USBD_StrDesc
 .bss.UserRxBufferFS
                0x20000d14      0x400 build/usbd_cdc_if.o
                0x20000d14                UserRxBufferFS
 .bss.UserTxBufferFS
                0x20001114      0x400 build/usbd_cdc_if.o
                0x20001114                UserTxBufferFS
 .bss.hpcd_USB_FS
                0x20001514      0x2dc build/usbd_conf.o
                0x20001514                hpcd_USB_FS
 .bss.mem.0     0x200017f0      0x220 build/usbd_conf.o
 .bss.cfgidx.0  0x20001a10        0x1 build/usbd_ctlreq.o
 *(COMMON)
                0x20001a14                        . = ALIGN (0x4)
 *fill*         0x20001a11        0x3 
                0x20001a14                        _ebss = .
                0x20001a14                        __bss_end__ = _ebss

._user_heap_stack
                0x20001a14      0x604 load address 0x0800c04c
                0x20001a18                        . = ALIGN (0x8)
 *fill*         0x20001a14        0x4 
                0x20001a18                        PROVIDE (end = .)
                0x20001a18                        PROVIDE (_end = .)
                0x20001c18                        . = (. + _Min_Heap_Size)
 *fill*         0x20001a18      0x200 
                0x20002018                        . = (. + _Min_Stack_Size)
 *fill*         0x20001c18      0x400 
                0x20002018                        . = ALIGN (0x8)

/DISCARD/
 libc.a(*)
 libm.a(*)
 libgcc.a(*)
OUTPUT(build/Check.elf elf32-littlearm)
LOAD linker stubs
LOAD /home/cyrill/bin/arm-cortexm0-eabi/lib/gcc/arm-cortexm0-eabi/15.2.0/../../../../arm-cortexm0-eabi/lib/libc.a
LOAD /home/cyrill/bin/arm-cortexm0-eabi/lib/gcc/arm-cortexm0-eabi/15.2.0/../../../../arm-cortexm0-eabi/lib/libm.a
LOAD /home/cyrill/bin/arm-cortexm0-eabi/lib/gcc/arm-cortexm0-eabi/15.2.0/libgcc.a

.ARM.attributes
                0x00000000       0x28
 .ARM.attributes
                0x00000000       0x1e /home/cyrill/bin/arm-cortexm0-eabi/lib/gcc/arm-cortexm0-eabi/15.2.0/crti.o
 .ARM.attributes
                0x0000001e       0x2c /home/cyrill/bin/arm-cortexm0-eabi/lib/gcc/arm-cortexm0-eabi/15.2.0/crtbegin.o
 .ARM.attributes
                0x0000004a       0x2c build/main.o
 .ARM.attributes
                0x00000076       0x2c build/stm32f0xx_it.o
 .ARM.attributes
                0x000000a2       0x2c build/stm32f0xx_hal_msp.o
 .ARM.attributes
                0x000000ce       0x2c build/stm32f0xx_ll_usb.o
 .ARM.attributes
                0x000000fa       0x2c build/stm32f0xx_hal.o
 .ARM.attributes
                0x00000126       0x2c build/stm32f0xx_hal_cortex.o
 .ARM.attributes
                0x00000152       0x2c build/stm32f0xx_hal_pcd.o
 .ARM.attributes
                0x0000017e       0x2c build/stm32f0xx_hal_pcd_ex.o
 .ARM.attributes
                0x000001aa       0x2c build/system_stm32f0xx.o
 .ARM.attributes
                0x000001d6       0x2c build/sysmem.o
 .ARM.attributes
                0x00000202       0x2c build/stm32f0xx_ll_gpio.o
 .ARM.attributes
                0x0000022e       0x2c build/stm32f0xx_ll_utils.o
 .ARM.attributes
                0x0000025a       0x2c build/usb_device.o
 .ARM.attributes
                0x00000286       0x2c build/usbd_desc.o
 .ARM.attributes
                0x000002b2       0x2c build/usbd_cdc_if.o
 .ARM.attributes
                0x000002de       0x2c build/usbd_conf.o
 .ARM.attributes
                0x0000030a       0x2c build/usbd_core.o
 .ARM.attributes
                0x00000336       0x2c build/usbd_ctlreq.o
 .ARM.attributes
                0x00000362       0x2c build/usbd_ioreq.o
 .ARM.attributes
                0x0000038e       0x2c build/usbd_cdc.o
 .ARM.attributes
                0x000003ba       0x21 build/startup_stm32f072xb.o
 .ARM.attributes
                0x000003db       0x2c /home/cyrill/bin/arm-cortexm0-eabi/lib/gcc/arm-cortexm0-eabi/15.2.0/../../../../arm-cortexm0-eabi/lib/libc.a(libc_a-findfp.o)
 .ARM.attributes
                0x00000407       0x2c /home/cyrill/bin/arm-cortexm0-eabi/lib/gcc/arm-cortexm0-eabi/15.2.0/../../../../arm-cortexm0-eabi/lib/libc.a(libc_a-sprintf.o)
 .ARM.attributes
                0x00000433       0x2c /home/cyrill/bin/arm-cortexm0-eabi/lib/gcc/arm-cortexm0-eabi/15.2.0/../../../../arm-cortexm0-eabi/lib/libc.a(libc_a-reent.o)
 .ARM.attributes
                0x0000045f       0x2c /home/cyrill/bin/arm-cortexm0-eabi/lib/gcc/arm-cortexm0-eabi/15.2.0/../../../../arm-cortexm0-eabi/lib/libc.a(libc_a-impure.o)
 .ARM.attributes
                0x0000048b       0x2c /home/cyrill/bin/arm-cortexm0-eabi/lib/gcc/arm-cortexm0-eabi/15.2.0/../../../../arm-cortexm0-eabi/lib/libc.a(libc_a-errno.o)
 .ARM.attributes
                0x000004b7       0x2c /home/cyrill/bin/arm-cortexm0-eabi/lib/gcc/arm-cortexm0-eabi/15.2.0/../../../../arm-cortexm0-eabi/lib/libc.a(libc_a-init.o)
 .ARM.attributes
                0x000004e3       0x1c /home/cyrill/bin/arm-cortexm0-eabi/lib/gcc/arm-cortexm0-eabi/15.2.0/../../../../arm-cortexm0-eabi/lib/libc.a(libc_a-strlen.o)
 .ARM.attributes
                0x000004ff       0x2c /home/cyrill/bin/arm-cortexm0-eabi/lib/gcc/arm-cortexm0-eabi/15.2.0/../../../../arm-cortexm0-eabi/lib/libc.a(libc_a-freer.o)
 .ARM.attributes
                0x0000052b       0x2c /home/cyrill/bin/arm-cortexm0-eabi/lib/gcc/arm-cortexm0-eabi/15.2.0/../../../../arm-cortexm0-eabi/lib/libc.a(libc_a-mallocr.o)
 .ARM.attributes
                0x00000557       0x2c /home/cyrill/bin/arm-cortexm0-eabi/lib/gcc/arm-cortexm0-eabi/15.2.0/../../../../arm-cortexm0-eabi/lib/libc.a(libc_a-mlock.o)
 .ARM.attributes
                0x00000583       0x2c /home/cyrill/bin/arm-cortexm0-eabi/lib/gcc/arm-cortexm0-eabi/15.2.0/../../../../arm-cortexm0-eabi/lib/libc.a(libc_a-svfprintf.o)
 .ARM.attributes
                0x000005af       0x2c /home/cyrill/bin/arm-cortexm0-eabi/lib/gcc/arm-cortexm0-eabi/15.2.0/../../../../arm-cortexm0-eabi/lib/libc.a(libc_a-sbrkr.o)
 .ARM.attributes
                0x000005db       0x2c /home/cyrill/bin/arm-cortexm0-eabi/lib/gcc/arm-cortexm0-eabi/15.2.0/../../../../arm-cortexm0-eabi/lib/libc.a(libc_a-sysconf.o)
 .ARM.attributes
                0x00000607       0x2c /home/cyrill/bin/arm-cortexm0-eabi/lib/gcc/arm-cortexm0-eabi/15.2.0/../../../../arm-cortexm0-eabi/lib/libc.a(libc_a-memchr-stub.o)
 .ARM.attributes
                0x00000633       0x2c /home/cyrill/bin/arm-cortexm0-eabi/lib/gcc/arm-cortexm0-eabi/15.2.0/../../../../arm-cortexm0-eabi/lib/libc.a(libc_a-svfiprintf.o)
 .ARM.attributes
                0x0000065f       0x2c /home/cyrill/bin/arm-cortexm0-eabi/lib/gcc/arm-cortexm0-eabi/15.2.0/../../../../arm-cortexm0-eabi/lib/libc.a(libc_a-memmove.o)
 .ARM.attributes
                0x0000068b       0x2c /home/cyrill/bin/arm-cortexm0-eabi/lib/gcc/arm-cortexm0-eabi/15.2.0/../../../../arm-cortexm0-eabi/lib/libc.a(libc_a-memcpy-stub.o)
 .ARM.attributes
                0x000006b7       0x2c /home/cyrill/bin/arm-cortexm0-eabi/lib/gcc/arm-cortexm0-eabi/15.2.0/../../../../arm-cortexm0-eabi/lib/libc.a(libc_a-reallocr.o)
 .ARM.attributes
                0x000006e3       0x2c /home/cyrill/bin/arm-cortexm0-eabi/lib/gcc/arm-cortexm0-eabi/15.2.0/../../../../arm-cortexm0-eabi/lib/libm.a(libm_a-w_pow.o)
 .ARM.attributes
                0x0000070f       0x2c /home/cyrill/bin/arm-cortexm0-eabi/lib/gcc/arm-cortexm0-eabi/15.2.0/../../../../arm-cortexm0-eabi/lib/libm.a(libm_a-w_sqrt.o)
 .ARM.attributes
                0x0000073b       0x2c /home/cyrill/bin/arm-cortexm0-eabi/lib/gcc/arm-cortexm0-eabi/15.2.0/../../../../arm-cortexm0-eabi/lib/libm.a(libm_a-s_atan.o)
 .ARM.attributes
                0x00000767       0x2c /home/cyrill/bin/arm-cortexm0-eabi/lib/gcc/arm-cortexm0-eabi/15.2.0/../../../../arm-cortexm0-eabi/lib/libm.a(libm_a-s_fabs.o)
 .ARM.attributes
                0x00000793       0x2c /home/cyrill/bin/arm-cortexm0-eabi/lib/gcc/arm-cortexm0-eabi/15.2.0/../../../../arm-cortexm0-eabi/lib/libm.a(libm_a-s_finite.o)
 .ARM.attributes
                0x000007bf       0x2c /home/cyrill/bin/arm-cortexm0-eabi/lib/gcc/arm-cortexm0-eabi/15.2.0/../../../../arm-cortexm0-eabi/lib/libm.a(libm_a-e_sqrt.o)
 .ARM.attributes
                0x000007eb       0x2c /home/cyrill/bin/arm-cortexm0-eabi/lib/gcc/arm-cortexm0-eabi/15.2.0/../../../../arm-cortexm0-eabi/lib/libm.a(libm_a-e_pow.o)
 .ARM.attributes
                0x00000817       0x2c /home/cyrill/bin/arm-cortexm0-eabi/lib/gcc/arm-cortexm0-eabi/15.2.0/../../../../arm-cortexm0-eabi/lib/libm.a(libm_a-s_scalbn.o)
 .ARM.attributes
                0x00000843       0x2c /home/cyrill/bin/arm-cortexm0-eabi/lib/gcc/arm-cortexm0-eabi/15.2.0/../../../../arm-cortexm0-eabi/lib/libm.a(libm_a-math_err.o)
 .ARM.attributes
                0x0000086f       0x1e /home/cyrill/bin/arm-cortexm0-eabi/lib/gcc/arm-cortexm0-eabi/15.2.0/libgcc.a(_thumb1_case_sqi.o)
 .ARM.attributes
                0x0000088d       0x1e /home/cyrill/bin/arm-cortexm0-eabi/lib/gcc/arm-cortexm0-eabi/15.2.0/libgcc.a(_thumb1_case_shi.o)
 .ARM.attributes
                0x000008ab       0x1e /home/cyrill/bin/arm-cortexm0-eabi/lib/gcc/arm-cortexm0-eabi/15.2.0/libgcc.a(_udivsi3.o)
 .ARM.attributes
                0x000008c9       0x1e /home/cyrill/bin/arm-cortexm0-eabi/lib/gcc/arm-cortexm0-eabi/15.2.0/libgcc.a(_dvmd_tls.o)
 .ARM.attributes
                0x000008e7       0x1e /home/cyrill/bin/arm-cortexm0-eabi/lib/gcc/arm-cortexm0-eabi/15.2.0/libgcc.a(_arm_cmpdf2.o)
 .ARM.attributes
                0x00000905       0x2c /home/cyrill/bin/arm-cortexm0-eabi/lib/gcc/arm-cortexm0-eabi/15.2.0/libgcc.a(adddf3.o)
 .ARM.attributes
                0x00000931       0x2c /home/cyrill/bin/arm-cortexm0-eabi/lib/gcc/arm-cortexm0-eabi/15.2.0/libgcc.a(divdf3.o)
 .ARM.attributes
                0x0000095d       0x2c /home/cyrill/bin/arm-cortexm0-eabi/lib/gcc/arm-cortexm0-eabi/15.2.0/libgcc.a(eqdf2.o)
 .ARM.attributes
                0x00000989       0x2c /home/cyrill/bin/arm-cortexm0-eabi/lib/gcc/arm-cortexm0-eabi/15.2.0/libgcc.a(gedf2.o)
 .ARM.attributes
                0x000009b5       0x2c /home/cyrill/bin/arm-cortexm0-eabi/lib/gcc/arm-cortexm0-eabi/15.2.0/libgcc.a(ledf2.o)
 .ARM.attributes
                0x000009e1       0x2c /home/cyrill/bin/arm-cortexm0-eabi/lib/gcc/arm-cortexm0-eabi/15.2.0/libgcc.a(muldf3.o)
 .ARM.attributes
                0x00000a0d       0x2c /home/cyrill/bin/arm-cortexm0-eabi/lib/gcc/arm-cortexm0-eabi/15.2.0/libgcc.a(subdf3.o)
 .ARM.attributes
                0x00000a39       0x2c /home/cyrill/bin/arm-cortexm0-eabi/lib/gcc/arm-cortexm0-eabi/15.2.0/libgcc.a(unorddf2.o)
 .ARM.attributes
                0x00000a65       0x2c /home/cyrill/bin/arm-cortexm0-eabi/lib/gcc/arm-cortexm0-eabi/15.2.0/libgcc.a(fixdfsi.o)
 .ARM.attributes
                0x00000a91       0x2c /home/cyrill/bin/arm-cortexm0-eabi/lib/gcc/arm-cortexm0-eabi/15.2.0/libgcc.a(floatsidf.o)
 .ARM.attributes
                0x00000abd       0x1e /home/cyrill/bin/arm-cortexm0-eabi/lib/gcc/arm-cortexm0-eabi/15.2.0/libgcc.a(_thumb1_case_uhi.o)
 .ARM.attributes
                0x00000adb       0x1e /home/cyrill/bin/arm-cortexm0-eabi/lib/gcc/arm-cortexm0-eabi/15.2.0/libgcc.a(_clzsi2.o)
 .ARM.attributes
                0x00000af9       0x2c /home/cyrill/bin/arm-cortexm0-eabi/lib/gcc/arm-cortexm0-eabi/15.2.0/crtend.o
 .ARM.attributes
                0x00000b25       0x1e /home/cyrill/bin/arm-cortexm0-eabi/lib/gcc/arm-cortexm0-eabi/15.2.0/crtn.o

.comment        0x00000000       0x36
 .comment       0x00000000       0x36 /home/cyrill/bin/arm-cortexm0-eabi/lib/gcc/arm-cortexm0-eabi/15.2.0/crtbegin.o
                                 0x37 (size before relaxing)
 .comment       0x00000036       0x37 build/main.o
 .comment       0x00000036       0x37 build/stm32f0xx_it.o
 .comment       0x00000036       0x37 build/stm32f0xx_hal_msp.o
 .comment       0x00000036       0x37 build/stm32f0xx_ll_usb.o
 .comment       0x00000036       0x37 build/stm32f0xx_hal.o
 .comment       0x00000036       0x37 build/stm32f0xx_hal_cortex.o
 .comment       0x00000036       0x37 build/stm32f0xx_hal_pcd.o
 .comment       0x00000036       0x37 build/stm32f0xx_hal_pcd_ex.o
 .comment       0x00000036       0x37 build/system_stm32f0xx.o
 .comment       0x00000036       0x37 build/sysmem.o
 .comment       0x00000036       0x37 build/stm32f0xx_ll_gpio.o
 .comment       0x00000036       0x37 build/stm32f0xx_ll_utils.o
 .comment       0x00000036       0x37 build/usb_device.o
 .comment       0x00000036       0x37 build/usbd_desc.o
 .comment       0x00000036       0x37 build/usbd_cdc_if.o
 .comment       0x00000036       0x37 build/usbd_conf.o
 .comment       0x00000036       0x37 build/usbd_core.o
 .comment       0x00000036       0x37 build/usbd_ctlreq.o
 .comment       0x00000036       0x37 build/usbd_ioreq.o
 .comment       0x00000036       0x37 build/usbd_cdc.o
 .comment       0x00000036       0x37 /home/cyrill/bin/arm-cortexm0-eabi/lib/gcc/arm-cortexm0-eabi/15.2.0/../../../../arm-cortexm0-eabi/lib/libc.a(libc_a-findfp.o)
 .comment       0x00000036       0x37 /home/cyrill/bin/arm-cortexm0-eabi/lib/gcc/arm-cortexm0-eabi/15.2.0/../../../../arm-cortexm0-eabi/lib/libc.a(libc_a-sprintf.o)
 .comment       0x00000036       0x37 /home/cyrill/bin/arm-cortexm0-eabi/lib/gcc/arm-cortexm0-eabi/15.2.0/../../../../arm-cortexm0-eabi/lib/libc.a(libc_a-reent.o)
 .comment       0x00000036       0x37 /home/cyrill/bin/arm-cortexm0-eabi/lib/gcc/arm-cortexm0-eabi/15.2.0/../../../../arm-cortexm0-eabi/lib/libc.a(libc_a-impure.o)
 .comment       0x00000036       0x37 /home/cyrill/bin/arm-cortexm0-eabi/lib/gcc/arm-cortexm0-eabi/15.2.0/../../../../arm-cortexm0-eabi/lib/libc.a(libc_a-errno.o)
 .comment       0x00000036       0x37 /home/cyrill/bin/arm-cortexm0-eabi/lib/gcc/arm-cortexm0-eabi/15.2.0/../../../../arm-cortexm0-eabi/lib/libc.a(libc_a-init.o)
 .comment       0x00000036       0x37 /home/cyrill/bin/arm-cortexm0-eabi/lib/gcc/arm-cortexm0-eabi/15.2.0/../../../../arm-cortexm0-eabi/lib/libc.a(libc_a-freer.o)
 .comment       0x00000036       0x37 /home/cyrill/bin/arm-cortexm0-eabi/lib/gcc/arm-cortexm0-eabi/15.2.0/../../../../arm-cortexm0-eabi/lib/libc.a(libc_a-mallocr.o)
 .comment       0x00000036       0x37 /home/cyrill/bin/arm-cortexm0-eabi/lib/gcc/arm-cortexm0-eabi/15.2.0/../../../../arm-cortexm0-eabi/lib/libc.a(libc_a-mlock.o)
 .comment       0x00000036       0x37 /home/cyrill/bin/arm-cortexm0-eabi/lib/gcc/arm-cortexm0-eabi/15.2.0/../../../../arm-cortexm0-eabi/lib/libc.a(libc_a-svfprintf.o)
 .comment       0x00000036       0x37 /home/cyrill/bin/arm-cortexm0-eabi/lib/gcc/arm-cortexm0-eabi/15.2.0/../../../../arm-cortexm0-eabi/lib/libc.a(libc_a-sbrkr.o)
 .comment       0x00000036       0x37 /home/cyrill/bin/arm-cortexm0-eabi/lib/gcc/arm-cortexm0-eabi/15.2.0/../../../../arm-cortexm0-eabi/lib/libc.a(libc_a-sysconf.o)
 .comment       0x00000036       0x37 /home/cyrill/bin/arm-cortexm0-eabi/lib/gcc/arm-cortexm0-eabi/15.2.0/../../../../arm-cortexm0-eabi/lib/libc.a(libc_a-memchr-stub.o)
 .comment       0x00000036       0x37 /home/cyrill/bin/arm-cortexm0-eabi/lib/gcc/arm-cortexm0-eabi/15.2.0/../../../../arm-cortexm0-eabi/lib/libc.a(libc_a-svfiprintf.o)
 .comment       0x00000036       0x37 /home/cyrill/bin/arm-cortexm0-eabi/lib/gcc/arm-cortexm0-eabi/15.2.0/../../../../arm-cortexm0-eabi/lib/libc.a(libc_a-memmove.o)
 .comment       0x00000036       0x37 /home/cyrill/bin/arm-cortexm0-eabi/lib/gcc/arm-cortexm0-eabi/15.2.0/../../../../arm-cortexm0-eabi/lib/libc.a(libc_a-memcpy-stub.o)
 .comment       0x00000036       0x37 /home/cyrill/bin/arm-cortexm0-eabi/lib/gcc/arm-cortexm0-eabi/15.2.0/../../../../arm-cortexm0-eabi/lib/libc.a(libc_a-reallocr.o)
 .comment       0x00000036       0x37 /home/cyrill/bin/arm-cortexm0-eabi/lib/gcc/arm-cortexm0-eabi/15.2.0/../../../../arm-cortexm0-eabi/lib/libm.a(libm_a-w_pow.o)
 .comment       0x00000036       0x37 /home/cyrill/bin/arm-cortexm0-eabi/lib/gcc/arm-cortexm0-eabi/15.2.0/../../../../arm-cortexm0-eabi/lib/libm.a(libm_a-w_sqrt.o)
 .comment       0x00000036       0x37 /home/cyrill/bin/arm-cortexm0-eabi/lib/gcc/arm-cortexm0-eabi/15.2.0/../../../../arm-cortexm0-eabi/lib/libm.a(libm_a-s_atan.o)
 .comment       0x00000036       0x37 /home/cyrill/bin/arm-cortexm0-eabi/lib/gcc/arm-cortexm0-eabi/15.2.0/../../../../arm-cortexm0-eabi/lib/libm.a(libm_a-s_fabs.o)
 .comment       0x00000036       0x37 /home/cyrill/bin/arm-cortexm0-eabi/lib/gcc/arm-cortexm0-eabi/15.2.0/../../../../arm-cortexm0-eabi/lib/libm.a(libm_a-s_finite.o)
 .comment       0x00000036       0x37 /home/cyrill/bin/arm-cortexm0-eabi/lib/gcc/arm-cortexm0-eabi/15.2.0/../../../../arm-cortexm0-eabi/lib/libm.a(libm_a-e_sqrt.o)
 .comment       0x00000036       0x37 /home/cyrill/bin/arm-cortexm0-eabi/lib/gcc/arm-cortexm0-eabi/15.2.0/../../../../arm-cortexm0-eabi/lib/libm.a(libm_a-e_pow.o)
 .comment       0x00000036       0x37 /home/cyrill/bin/arm-cortexm0-eabi/lib/gcc/arm-cortexm0-eabi/15.2.0/../../../../arm-cortexm0-eabi/lib/libm.a(libm_a-s_scalbn.o)
 .comment       0x00000036       0x37 /home/cyrill/bin/arm-cortexm0-eabi/lib/gcc/arm-cortexm0-eabi/15.2.0/../../../../arm-cortexm0-eabi/lib/libm.a(libm_a-math_err.o)
 .comment       0x00000036       0x37 /home/cyrill/bin/arm-cortexm0-eabi/lib/gcc/arm-cortexm0-eabi/15.2.0/libgcc.a(adddf3.o)
 .comment       0x00000036       0x37 /home/cyrill/bin/arm-cortexm0-eabi/lib/gcc/arm-cortexm0-eabi/15.2.0/libgcc.a(divdf3.o)
 .comment       0x00000036       0x37 /home/cyrill/bin/arm-cortexm0-eabi/lib/gcc/arm-cortexm0-eabi/15.2.0/libgcc.a(eqdf2.o)
 .comment       0x00000036       0x37 /home/cyrill/bin/arm-cortexm0-eabi/lib/gcc/arm-cortexm0-eabi/15.2.0/libgcc.a(gedf2.o)
 .comment       0x00000036       0x37 /home/cyrill/bin/arm-cortexm0-eabi/lib/gcc/arm-cortexm0-eabi/15.2.0/libgcc.a(ledf2.o)
 .comment       0x00000036       0x37 /home/cyrill/bin/arm-cortexm0-eabi/lib/gcc/arm-cortexm0-eabi/15.2.0/libgcc.a(muldf3.o)
 .comment       0x00000036       0x37 /home/cyrill/bin/arm-cortexm0-eabi/lib/gcc/arm-cortexm0-eabi/15.2.0/libgcc.a(subdf3.o)
 .comment       0x00000036       0x37 /home/cyrill/bin/arm-cortexm0-eabi/lib/gcc/arm-cortexm0-eabi/15.2.0/libgcc.a(unorddf2.o)
 .comment       0x00000036       0x37 /home/cyrill/bin/arm-cortexm0-eabi/lib/gcc/arm-cortexm0-eabi/15.2.0/libgcc.a(fixdfsi.o)
 .comment       0x00000036       0x37 /home/cyrill/bin/arm-cortexm0-eabi/lib/gcc/arm-cortexm0-eabi/15.2.0/libgcc.a(floatsidf.o)
 .comment       0x00000036       0x37 /home/cyrill/bin/arm-cortexm0-eabi/lib/gcc/arm-cortexm0-eabi/15.2.0/crtend.o

.debug_line     0x00000000     0xa333
 .debug_line    0x00000000       0x77 build/startup_stm32f072xb.o
 .debug_line    0x00000077      0x4fd /home/cyrill/bin/arm-cortexm0-eabi/lib/gcc/arm-cortexm0-eabi/15.2.0/../../../../arm-cortexm0-eabi/lib/libc.a(libc_a-findfp.o)
 .debug_line    0x00000574      0x2a2 /home/cyrill/bin/arm-cortexm0-eabi/lib/gcc/arm-cortexm0-eabi/15.2.0/../../../../arm-cortexm0-eabi/lib/libc.a(libc_a-sprintf.o)
 .debug_line    0x00000816      0x244 /home/cyrill/bin/arm-cortexm0-eabi/lib/gcc/arm-cortexm0-eabi/15.2.0/../../../../arm-cortexm0-eabi/lib/libc.a(libc_a-reent.o)
 .debug_line    0x00000a5a      0x154 /home/cyrill/bin/arm-cortexm0-eabi/lib/gcc/arm-cortexm0-eabi/15.2.0/../../../../arm-cortexm0-eabi/lib/libc.a(libc_a-impure.o)
 .debug_line    0x00000bae      0x183 /home/cyrill/bin/arm-cortexm0-eabi/lib/gcc/arm-cortexm0-eabi/15.2.0/../../../../arm-cortexm0-eabi/lib/libc.a(libc_a-errno.o)
 .debug_line    0x00000d31      0x164 /home/cyrill/bin/arm-cortexm0-eabi/lib/gcc/arm-cortexm0-eabi/15.2.0/../../../../arm-cortexm0-eabi/lib/libc.a(libc_a-init.o)
 .debug_line    0x00000e95       0x4f /home/cyrill/bin/arm-cortexm0-eabi/lib/gcc/arm-cortexm0-eabi/15.2.0/../../../../arm-cortexm0-eabi/lib/libc.a(libc_a-strlen.o)
 .debug_line    0x00000ee4      0x4e9 /home/cyrill/bin/arm-cortexm0-eabi/lib/gcc/arm-cortexm0-eabi/15.2.0/../../../../arm-cortexm0-eabi/lib/libc.a(libc_a-freer.o)
 .debug_line    0x000013cd      0x857 /home/cyrill/bin/arm-cortexm0-eabi/lib/gcc/arm-cortexm0-eabi/15.2.0/../../../../arm-cortexm0-eabi/lib/libc.a(libc_a-mallocr.o)
 .debug_line    0x00001c24      0x1cc /home/cyrill/bin/arm-cortexm0-eabi/lib/gcc/arm-cortexm0-eabi/15.2.0/../../../../arm-cortexm0-eabi/lib/libc.a(libc_a-mlock.o)
 .debug_line    0x00001df0      0xc96 /home/cyrill/bin/arm-cortexm0-eabi/lib/gcc/arm-cortexm0-eabi/15.2.0/../../../../arm-cortexm0-eabi/lib/libc.a(libc_a-svfprintf.o)
 .debug_line    0x00002a86      0x20c /home/cyrill/bin/arm-cortexm0-eabi/lib/gcc/arm-cortexm0-eabi/15.2.0/../../../../arm-cortexm0-eabi/lib/libc.a(libc_a-sbrkr.o)
 .debug_line    0x00002c92      0x11c /home/cyrill/bin/arm-cortexm0-eabi/lib/gcc/arm-cortexm0-eabi/15.2.0/../../../../arm-cortexm0-eabi/lib/libc.a(libc_a-sysconf.o)
 .debug_line    0x00002dae      0x1ef /home/cyrill/bin/arm-cortexm0-eabi/lib/gcc/arm-cortexm0-eabi/15.2.0/../../../../arm-cortexm0-eabi/lib/libc.a(libc_a-memchr-stub.o)
 .debug_line    0x00002f9d      0xe99 /home/cyrill/bin/arm-cortexm0-eabi/lib/gcc/arm-cortexm0-eabi/15.2.0/../../../../arm-cortexm0-eabi/lib/libc.a(libc_a-svfiprintf.o)
 .debug_line    0x00003e36      0x198 /home/cyrill/bin/arm-cortexm0-eabi/lib/gcc/arm-cortexm0-eabi/15.2.0/../../../../arm-cortexm0-eabi/lib/libc.a(libc_a-memmove.o)
 .debug_line    0x00003fce      0x1ee /home/cyrill/bin/arm-cortexm0-eabi/lib/gcc/arm-cortexm0-eabi/15.2.0/../../../../arm-cortexm0-eabi/lib/libc.a(libc_a-memcpy-stub.o)
 .debug_line    0x000041bc      0x73e /home/cyrill/bin/arm-cortexm0-eabi/lib/gcc/arm-cortexm0-eabi/15.2.0/../../../../arm-cortexm0-eabi/lib/libc.a(libc_a-reallocr.o)
 .debug_line    0x000048fa      0x251 /home/cyrill/bin/arm-cortexm0-eabi/lib/gcc/arm-cortexm0-eabi/15.2.0/../../../../arm-cortexm0-eabi/lib/libm.a(libm_a-w_pow.o)
 .debug_line    0x00004b4b      0x1d1 /home/cyrill/bin/arm-cortexm0-eabi/lib/gcc/arm-cortexm0-eabi/15.2.0/../../../../arm-cortexm0-eabi/lib/libm.a(libm_a-w_sqrt.o)
 .debug_line    0x00004d1c      0x383 /home/cyrill/bin/arm-cortexm0-eabi/lib/gcc/arm-cortexm0-eabi/15.2.0/../../../../arm-cortexm0-eabi/lib/libm.a(libm_a-s_atan.o)
 .debug_line    0x0000509f      0x1b3 /home/cyrill/bin/arm-cortexm0-eabi/lib/gcc/arm-cortexm0-eabi/15.2.0/../../../../arm-cortexm0-eabi/lib/libm.a(libm_a-s_fabs.o)
 .debug_line    0x00005252      0x16b /home/cyrill/bin/arm-cortexm0-eabi/lib/gcc/arm-cortexm0-eabi/15.2.0/../../../../arm-cortexm0-eabi/lib/libm.a(libm_a-s_finite.o)
 .debug_line    0x000053bd      0x4a5 /home/cyrill/bin/arm-cortexm0-eabi/lib/gcc/arm-cortexm0-eabi/15.2.0/../../../../arm-cortexm0-eabi/lib/libm.a(libm_a-e_sqrt.o)
 .debug_line    0x00005862      0xab2 /home/cyrill/bin/arm-cortexm0-eabi/lib/gcc/arm-cortexm0-eabi/15.2.0/../../../../arm-cortexm0-eabi/lib/libm.a(libm_a-e_pow.o)
 .debug_line    0x00006314      0x272 /home/cyrill/bin/arm-cortexm0-eabi/lib/gcc/arm-cortexm0-eabi/15.2.0/../../../../arm-cortexm0-eabi/lib/libm.a(libm_a-s_scalbn.o)
 .debug_line    0x00006586      0x2d7 /home/cyrill/bin/arm-cortexm0-eabi/lib/gcc/arm-cortexm0-eabi/15.2.0/../../../../arm-cortexm0-eabi/lib/libm.a(libm_a-math_err.o)
 .debug_line    0x0000685d       0x52 /home/cyrill/bin/arm-cortexm0-eabi/lib/gcc/arm-cortexm0-eabi/15.2.0/libgcc.a(_thumb1_case_sqi.o)
 .debug_line    0x000068af       0x53 /home/cyrill/bin/arm-cortexm0-eabi/lib/gcc/arm-cortexm0-eabi/15.2.0/libgcc.a(_thumb1_case_shi.o)
 .debug_line    0x00006902       0x61 /home/cyrill/bin/arm-cortexm0-eabi/lib/gcc/arm-cortexm0-eabi/15.2.0/libgcc.a(_udivsi3.o)
 .debug_line    0x00006963       0x4a /home/cyrill/bin/arm-cortexm0-eabi/lib/gcc/arm-cortexm0-eabi/15.2.0/libgcc.a(_dvmd_tls.o)
 .debug_line    0x000069ad       0x62 /home/cyrill/bin/arm-cortexm0-eabi/lib/gcc/arm-cortexm0-eabi/15.2.0/libgcc.a(_arm_cmpdf2.o)
 .debug_line    0x00006a0f      0xdeb /home/cyrill/bin/arm-cortexm0-eabi/lib/gcc/arm-cortexm0-eabi/15.2.0/libgcc.a(adddf3.o)
 .debug_line    0x000077fa      0xa21 /home/cyrill/bin/arm-cortexm0-eabi/lib/gcc/arm-cortexm0-eabi/15.2.0/libgcc.a(divdf3.o)
 .debug_line    0x0000821b      0x19e /home/cyrill/bin/arm-cortexm0-eabi/lib/gcc/arm-cortexm0-eabi/15.2.0/libgcc.a(eqdf2.o)
 .debug_line    0x000083b9      0x242 /home/cyrill/bin/arm-cortexm0-eabi/lib/gcc/arm-cortexm0-eabi/15.2.0/libgcc.a(gedf2.o)
 .debug_line    0x000085fb      0x233 /home/cyrill/bin/arm-cortexm0-eabi/lib/gcc/arm-cortexm0-eabi/15.2.0/libgcc.a(ledf2.o)
 .debug_line    0x0000882e      0x84e /home/cyrill/bin/arm-cortexm0-eabi/lib/gcc/arm-cortexm0-eabi/15.2.0/libgcc.a(muldf3.o)
 .debug_line    0x0000907c      0xdf2 /home/cyrill/bin/arm-cortexm0-eabi/lib/gcc/arm-cortexm0-eabi/15.2.0/libgcc.a(subdf3.o)
 .debug_line    0x00009e6e      0x127 /home/cyrill/bin/arm-cortexm0-eabi/lib/gcc/arm-cortexm0-eabi/15.2.0/libgcc.a(unorddf2.o)
 .debug_line    0x00009f95      0x169 /home/cyrill/bin/arm-cortexm0-eabi/lib/gcc/arm-cortexm0-eabi/15.2.0/libgcc.a(fixdfsi.o)
 .debug_line    0x0000a0fe      0x184 /home/cyrill/bin/arm-cortexm0-eabi/lib/gcc/arm-cortexm0-eabi/15.2.0/libgcc.a(floatsidf.o)
 .debug_line    0x0000a282       0x53 /home/cyrill/bin/arm-cortexm0-eabi/lib/gcc/arm-cortexm0-eabi/15.2.0/libgcc.a(_thumb1_case_uhi.o)
 .debug_line    0x0000a2d5       0x5e /home/cyrill/bin/arm-cortexm0-eabi/lib/gcc/arm-cortexm0-eabi/15.2.0/libgcc.a(_clzsi2.o)

.debug_info     0x00000000     0xd214
 .debug_info    0x00000000       0x30 build/startup_stm32f072xb.o
 .debug_info    0x00000030      0xe46 /home/cyrill/bin/arm-cortexm0-eabi/lib/gcc/arm-cortexm0-eabi/15.2.0/../../../../arm-cortexm0-eabi/lib/libc.a(libc_a-findfp.o)
 .debug_info    0x00000e76      0x89e /home/cyrill/bin/arm-cortexm0-eabi/lib/gcc/arm-cortexm0-eabi/15.2.0/../../../../arm-cortexm0-eabi/lib/libc.a(libc_a-sprintf.o)
 .debug_info    0x00001714      0x7e1 /home/cyrill/bin/arm-cortexm0-eabi/lib/gcc/arm-cortexm0-eabi/15.2.0/../../../../arm-cortexm0-eabi/lib/libc.a(libc_a-reent.o)
 .debug_info    0x00001ef5      0x72e /home/cyrill/bin/arm-cortexm0-eabi/lib/gcc/arm-cortexm0-eabi/15.2.0/../../../../arm-cortexm0-eabi/lib/libc.a(libc_a-impure.o)
 .debug_info    0x00002623      0x714 /home/cyrill/bin/arm-cortexm0-eabi/lib/gcc/arm-cortexm0-eabi/15.2.0/../../../../arm-cortexm0-eabi/lib/libc.a(libc_a-errno.o)
 .debug_info    0x00002d37      0x110 /home/cyrill/bin/arm-cortexm0-eabi/lib/gcc/arm-cortexm0-eabi/15.2.0/../../../../arm-cortexm0-eabi/lib/libc.a(libc_a-init.o)
 .debug_info    0x00002e47       0x31 /home/cyrill/bin/arm-cortexm0-eabi/lib/gcc/arm-cortexm0-eabi/15.2.0/../../../../arm-cortexm0-eabi/lib/libc.a(libc_a-strlen.o)
 .debug_info    0x00002e78      0xb51 /home/cyrill/bin/arm-cortexm0-eabi/lib/gcc/arm-cortexm0-eabi/15.2.0/../../../../arm-cortexm0-eabi/lib/libc.a(libc_a-freer.o)
 .debug_info    0x000039c9      0xc62 /home/cyrill/bin/arm-cortexm0-eabi/lib/gcc/arm-cortexm0-eabi/15.2.0/../../../../arm-cortexm0-eabi/lib/libc.a(libc_a-mallocr.o)
 .debug_info    0x0000462b      0x73f /home/cyrill/bin/arm-cortexm0-eabi/lib/gcc/arm-cortexm0-eabi/15.2.0/../../../../arm-cortexm0-eabi/lib/libc.a(libc_a-mlock.o)
 .debug_info    0x00004d6a     0x104a /home/cyrill/bin/arm-cortexm0-eabi/lib/gcc/arm-cortexm0-eabi/15.2.0/../../../../arm-cortexm0-eabi/lib/libc.a(libc_a-svfprintf.o)
 .debug_info    0x00005db4      0x79b /home/cyrill/bin/arm-cortexm0-eabi/lib/gcc/arm-cortexm0-eabi/15.2.0/../../../../arm-cortexm0-eabi/lib/libc.a(libc_a-sbrkr.o)
 .debug_info    0x0000654f       0xc6 /home/cyrill/bin/arm-cortexm0-eabi/lib/gcc/arm-cortexm0-eabi/15.2.0/../../../../arm-cortexm0-eabi/lib/libc.a(libc_a-sysconf.o)
 .debug_info    0x00006615      0x115 /home/cyrill/bin/arm-cortexm0-eabi/lib/gcc/arm-cortexm0-eabi/15.2.0/../../../../arm-cortexm0-eabi/lib/libc.a(libc_a-memchr-stub.o)
 .debug_info    0x0000672a     0x11f3 /home/cyrill/bin/arm-cortexm0-eabi/lib/gcc/arm-cortexm0-eabi/15.2.0/../../../../arm-cortexm0-eabi/lib/libc.a(libc_a-svfiprintf.o)
 .debug_info    0x0000791d      0x10e /home/cyrill/bin/arm-cortexm0-eabi/lib/gcc/arm-cortexm0-eabi/15.2.0/../../../../arm-cortexm0-eabi/lib/libc.a(libc_a-memmove.o)
 .debug_info    0x00007a2b      0x120 /home/cyrill/bin/arm-cortexm0-eabi/lib/gcc/arm-cortexm0-eabi/15.2.0/../../../../arm-cortexm0-eabi/lib/libc.a(libc_a-memcpy-stub.o)
 .debug_info    0x00007b4b      0xbe6 /home/cyrill/bin/arm-cortexm0-eabi/lib/gcc/arm-cortexm0-eabi/15.2.0/../../../../arm-cortexm0-eabi/lib/libc.a(libc_a-reallocr.o)
 .debug_info    0x00008731      0x207 /home/cyrill/bin/arm-cortexm0-eabi/lib/gcc/arm-cortexm0-eabi/15.2.0/../../../../arm-cortexm0-eabi/lib/libm.a(libm_a-w_pow.o)
 .debug_info    0x00008938      0x150 /home/cyrill/bin/arm-cortexm0-eabi/lib/gcc/arm-cortexm0-eabi/15.2.0/../../../../arm-cortexm0-eabi/lib/libm.a(libm_a-w_sqrt.o)
 .debug_info    0x00008a88      0x48a /home/cyrill/bin/arm-cortexm0-eabi/lib/gcc/arm-cortexm0-eabi/15.2.0/../../../../arm-cortexm0-eabi/lib/libm.a(libm_a-s_atan.o)
 .debug_info    0x00008f12      0x147 /home/cyrill/bin/arm-cortexm0-eabi/lib/gcc/arm-cortexm0-eabi/15.2.0/../../../../arm-cortexm0-eabi/lib/libm.a(libm_a-s_fabs.o)
 .debug_info    0x00009059      0x139 /home/cyrill/bin/arm-cortexm0-eabi/lib/gcc/arm-cortexm0-eabi/15.2.0/../../../../arm-cortexm0-eabi/lib/libm.a(libm_a-s_finite.o)
 .debug_info    0x00009192      0x2e9 /home/cyrill/bin/arm-cortexm0-eabi/lib/gcc/arm-cortexm0-eabi/15.2.0/../../../../arm-cortexm0-eabi/lib/libm.a(libm_a-e_sqrt.o)
 .debug_info    0x0000947b      0xd56 /home/cyrill/bin/arm-cortexm0-eabi/lib/gcc/arm-cortexm0-eabi/15.2.0/../../../../arm-cortexm0-eabi/lib/libm.a(libm_a-e_pow.o)
 .debug_info    0x0000a1d1      0x265 /home/cyrill/bin/arm-cortexm0-eabi/lib/gcc/arm-cortexm0-eabi/15.2.0/../../../../arm-cortexm0-eabi/lib/libm.a(libm_a-s_scalbn.o)
 .debug_info    0x0000a436      0x421 /home/cyrill/bin/arm-cortexm0-eabi/lib/gcc/arm-cortexm0-eabi/15.2.0/../../../../arm-cortexm0-eabi/lib/libm.a(libm_a-math_err.o)
 .debug_info    0x0000a857       0x31 /home/cyrill/bin/arm-cortexm0-eabi/lib/gcc/arm-cortexm0-eabi/15.2.0/libgcc.a(_thumb1_case_sqi.o)
 .debug_info    0x0000a888       0x31 /home/cyrill/bin/arm-cortexm0-eabi/lib/gcc/arm-cortexm0-eabi/15.2.0/libgcc.a(_thumb1_case_shi.o)
 .debug_info    0x0000a8b9       0x3d /home/cyrill/bin/arm-cortexm0-eabi/lib/gcc/arm-cortexm0-eabi/15.2.0/libgcc.a(_udivsi3.o)
 .debug_info    0x0000a8f6       0x3c /home/cyrill/bin/arm-cortexm0-eabi/lib/gcc/arm-cortexm0-eabi/15.2.0/libgcc.a(_dvmd_tls.o)
 .debug_info    0x0000a932       0x7e /home/cyrill/bin/arm-cortexm0-eabi/lib/gcc/arm-cortexm0-eabi/15.2.0/libgcc.a(_arm_cmpdf2.o)
 .debug_info    0x0000a9b0      0x58e /home/cyrill/bin/arm-cortexm0-eabi/lib/gcc/arm-cortexm0-eabi/15.2.0/libgcc.a(adddf3.o)
 .debug_info    0x0000af3e      0x7cf /home/cyrill/bin/arm-cortexm0-eabi/lib/gcc/arm-cortexm0-eabi/15.2.0/libgcc.a(divdf3.o)
 .debug_info    0x0000b70d      0x240 /home/cyrill/bin/arm-cortexm0-eabi/lib/gcc/arm-cortexm0-eabi/15.2.0/libgcc.a(eqdf2.o)
 .debug_info    0x0000b94d      0x246 /home/cyrill/bin/arm-cortexm0-eabi/lib/gcc/arm-cortexm0-eabi/15.2.0/libgcc.a(gedf2.o)
 .debug_info    0x0000bb93      0x242 /home/cyrill/bin/arm-cortexm0-eabi/lib/gcc/arm-cortexm0-eabi/15.2.0/libgcc.a(ledf2.o)
 .debug_info    0x0000bdd5      0x7b9 /home/cyrill/bin/arm-cortexm0-eabi/lib/gcc/arm-cortexm0-eabi/15.2.0/libgcc.a(muldf3.o)
 .debug_info    0x0000c58e      0x58e /home/cyrill/bin/arm-cortexm0-eabi/lib/gcc/arm-cortexm0-eabi/15.2.0/libgcc.a(subdf3.o)
 .debug_info    0x0000cb1c      0x224 /home/cyrill/bin/arm-cortexm0-eabi/lib/gcc/arm-cortexm0-eabi/15.2.0/libgcc.a(unorddf2.o)
 .debug_info    0x0000cd40      0x1de /home/cyrill/bin/arm-cortexm0-eabi/lib/gcc/arm-cortexm0-eabi/15.2.0/libgcc.a(fixdfsi.o)
 .debug_info    0x0000cf1e      0x294 /home/cyrill/bin/arm-cortexm0-eabi/lib/gcc/arm-cortexm0-eabi/15.2.0/libgcc.a(floatsidf.o)
 .debug_info    0x0000d1b2       0x31 /home/cyrill/bin/arm-cortexm0-eabi/lib/gcc/arm-cortexm0-eabi/15.2.0/libgcc.a(_thumb1_case_uhi.o)
 .debug_info    0x0000d1e3       0x31 /home/cyrill/bin/arm-cortexm0-eabi/lib/gcc/arm-cortexm0-eabi/15.2.0/libgcc.a(_clzsi2.o)

.debug_abbrev   0x00000000     0x3cff
 .debug_abbrev  0x00000000       0x1d build/startup_stm32f072xb.o
 .debug_abbrev  0x0000001d      0x442 /home/cyrill/bin/arm-cortexm0-eabi/lib/gcc/arm-cortexm0-eabi/15.2.0/../../../../arm-cortexm0-eabi/lib/libc.a(libc_a-findfp.o)
 .debug_abbrev  0x0000045f      0x25e /home/cyrill/bin/arm-cortexm0-eabi/lib/gcc/arm-cortexm0-eabi/15.2.0/../../../../arm-cortexm0-eabi/lib/libc.a(libc_a-sprintf.o)
 .debug_abbrev  0x000006bd      0x22c /home/cyrill/bin/arm-cortexm0-eabi/lib/gcc/arm-cortexm0-eabi/15.2.0/../../../../arm-cortexm0-eabi/lib/libc.a(libc_a-reent.o)
 .debug_abbrev  0x000008e9      0x18b /home/cyrill/bin/arm-cortexm0-eabi/lib/gcc/arm-cortexm0-eabi/15.2.0/../../../../arm-cortexm0-eabi/lib/libc.a(libc_a-impure.o)
 .debug_abbrev  0x00000a74      0x1a0 /home/cyrill/bin/arm-cortexm0-eabi/lib/gcc/arm-cortexm0-eabi/15.2.0/../../../../arm-cortexm0-eabi/lib/libc.a(libc_a-errno.o)
 .debug_abbrev  0x00000c14       0xcf /home/cyrill/bin/arm-cortexm0-eabi/lib/gcc/arm-cortexm0-eabi/15.2.0/../../../../arm-cortexm0-eabi/lib/libc.a(libc_a-init.o)
 .debug_abbrev  0x00000ce3       0x28 /home/cyrill/bin/arm-cortexm0-eabi/lib/gcc/arm-cortexm0-eabi/15.2.0/../../../../arm-cortexm0-eabi/lib/libc.a(libc_a-strlen.o)
 .debug_abbrev  0x00000d0b      0x28f /home/cyrill/bin/arm-cortexm0-eabi/lib/gcc/arm-cortexm0-eabi/15.2.0/../../../../arm-cortexm0-eabi/lib/libc.a(libc_a-freer.o)
 .debug_abbrev  0x00000f9a      0x2c6 /home/cyrill/bin/arm-cortexm0-eabi/lib/gcc/arm-cortexm0-eabi/15.2.0/../../../../arm-cortexm0-eabi/lib/libc.a(libc_a-mallocr.o)
 .debug_abbrev  0x00001260      0x1d4 /home/cyrill/bin/arm-cortexm0-eabi/lib/gcc/arm-cortexm0-eabi/15.2.0/../../../../arm-cortexm0-eabi/lib/libc.a(libc_a-mlock.o)
 .debug_abbrev  0x00001434      0x31e /home/cyrill/bin/arm-cortexm0-eabi/lib/gcc/arm-cortexm0-eabi/15.2.0/../../../../arm-cortexm0-eabi/lib/libc.a(libc_a-svfprintf.o)
 .debug_abbrev  0x00001752      0x21c /home/cyrill/bin/arm-cortexm0-eabi/lib/gcc/arm-cortexm0-eabi/15.2.0/../../../../arm-cortexm0-eabi/lib/libc.a(libc_a-sbrkr.o)
 .debug_abbrev  0x0000196e       0x86 /home/cyrill/bin/arm-cortexm0-eabi/lib/gcc/arm-cortexm0-eabi/15.2.0/../../../../arm-cortexm0-eabi/lib/libc.a(libc_a-sysconf.o)
 .debug_abbrev  0x000019f4       0xb7 /home/cyrill/bin/arm-cortexm0-eabi/lib/gcc/arm-cortexm0-eabi/15.2.0/../../../../arm-cortexm0-eabi/lib/libc.a(libc_a-memchr-stub.o)
 .debug_abbrev  0x00001aab      0x32b /home/cyrill/bin/arm-cortexm0-eabi/lib/gcc/arm-cortexm0-eabi/15.2.0/../../../../arm-cortexm0-eabi/lib/libc.a(libc_a-svfiprintf.o)
 .debug_abbrev  0x00001dd6       0xb2 /home/cyrill/bin/arm-cortexm0-eabi/lib/gcc/arm-cortexm0-eabi/15.2.0/../../../../arm-cortexm0-eabi/lib/libc.a(libc_a-memmove.o)
 .debug_abbrev  0x00001e88       0xc7 /home/cyrill/bin/arm-cortexm0-eabi/lib/gcc/arm-cortexm0-eabi/15.2.0/../../../../arm-cortexm0-eabi/lib/libc.a(libc_a-memcpy-stub.o)
 .debug_abbrev  0x00001f4f      0x267 /home/cyrill/bin/arm-cortexm0-eabi/lib/gcc/arm-cortexm0-eabi/15.2.0/../../../../arm-cortexm0-eabi/lib/libc.a(libc_a-reallocr.o)
 .debug_abbrev  0x000021b6       0xdd /home/cyrill/bin/arm-cortexm0-eabi/lib/gcc/arm-cortexm0-eabi/15.2.0/../../../../arm-cortexm0-eabi/lib/libm.a(libm_a-w_pow.o)
 .debug_abbrev  0x00002293       0xdb /home/cyrill/bin/arm-cortexm0-eabi/lib/gcc/arm-cortexm0-eabi/15.2.0/../../../../arm-cortexm0-eabi/lib/libm.a(libm_a-w_sqrt.o)
 .debug_abbrev  0x0000236e      0x193 /home/cyrill/bin/arm-cortexm0-eabi/lib/gcc/arm-cortexm0-eabi/15.2.0/../../../../arm-cortexm0-eabi/lib/libm.a(libm_a-s_atan.o)
 .debug_abbrev  0x00002501       0xde /home/cyrill/bin/arm-cortexm0-eabi/lib/gcc/arm-cortexm0-eabi/15.2.0/../../../../arm-cortexm0-eabi/lib/libm.a(libm_a-s_fabs.o)
 .debug_abbrev  0x000025df       0xe2 /home/cyrill/bin/arm-cortexm0-eabi/lib/gcc/arm-cortexm0-eabi/15.2.0/../../../../arm-cortexm0-eabi/lib/libm.a(libm_a-s_finite.o)
 .debug_abbrev  0x000026c1      0x159 /home/cyrill/bin/arm-cortexm0-eabi/lib/gcc/arm-cortexm0-eabi/15.2.0/../../../../arm-cortexm0-eabi/lib/libm.a(libm_a-e_sqrt.o)
 .debug_abbrev  0x0000281a      0x2b1 /home/cyrill/bin/arm-cortexm0-eabi/lib/gcc/arm-cortexm0-eabi/15.2.0/../../../../arm-cortexm0-eabi/lib/libm.a(libm_a-e_pow.o)
 .debug_abbrev  0x00002acb      0x16d /home/cyrill/bin/arm-cortexm0-eabi/lib/gcc/arm-cortexm0-eabi/15.2.0/../../../../arm-cortexm0-eabi/lib/libm.a(libm_a-s_scalbn.o)
 .debug_abbrev  0x00002c38      0x169 /home/cyrill/bin/arm-cortexm0-eabi/lib/gcc/arm-cortexm0-eabi/15.2.0/../../../../arm-cortexm0-eabi/lib/libm.a(libm_a-math_err.o)
 .debug_abbrev  0x00002da1       0x28 /home/cyrill/bin/arm-cortexm0-eabi/lib/gcc/arm-cortexm0-eabi/15.2.0/libgcc.a(_thumb1_case_sqi.o)
 .debug_abbrev  0x00002dc9       0x28 /home/cyrill/bin/arm-cortexm0-eabi/lib/gcc/arm-cortexm0-eabi/15.2.0/libgcc.a(_thumb1_case_shi.o)
 .debug_abbrev  0x00002df1       0x28 /home/cyrill/bin/arm-cortexm0-eabi/lib/gcc/arm-cortexm0-eabi/15.2.0/libgcc.a(_udivsi3.o)
 .debug_abbrev  0x00002e19       0x26 /home/cyrill/bin/arm-cortexm0-eabi/lib/gcc/arm-cortexm0-eabi/15.2.0/libgcc.a(_dvmd_tls.o)
 .debug_abbrev  0x00002e3f       0x28 /home/cyrill/bin/arm-cortexm0-eabi/lib/gcc/arm-cortexm0-eabi/15.2.0/libgcc.a(_arm_cmpdf2.o)
 .debug_abbrev  0x00002e67      0x18d /home/cyrill/bin/arm-cortexm0-eabi/lib/gcc/arm-cortexm0-eabi/15.2.0/libgcc.a(adddf3.o)
 .debug_abbrev  0x00002ff4      0x174 /home/cyrill/bin/arm-cortexm0-eabi/lib/gcc/arm-cortexm0-eabi/15.2.0/libgcc.a(divdf3.o)
 .debug_abbrev  0x00003168      0x15d /home/cyrill/bin/arm-cortexm0-eabi/lib/gcc/arm-cortexm0-eabi/15.2.0/libgcc.a(eqdf2.o)
 .debug_abbrev  0x000032c5      0x15f /home/cyrill/bin/arm-cortexm0-eabi/lib/gcc/arm-cortexm0-eabi/15.2.0/libgcc.a(gedf2.o)
 .debug_abbrev  0x00003424      0x161 /home/cyrill/bin/arm-cortexm0-eabi/lib/gcc/arm-cortexm0-eabi/15.2.0/libgcc.a(ledf2.o)
 .debug_abbrev  0x00003585      0x18c /home/cyrill/bin/arm-cortexm0-eabi/lib/gcc/arm-cortexm0-eabi/15.2.0/libgcc.a(muldf3.o)
 .debug_abbrev  0x00003711      0x18d /home/cyrill/bin/arm-cortexm0-eabi/lib/gcc/arm-cortexm0-eabi/15.2.0/libgcc.a(subdf3.o)
 .debug_abbrev  0x0000389e      0x149 /home/cyrill/bin/arm-cortexm0-eabi/lib/gcc/arm-cortexm0-eabi/15.2.0/libgcc.a(unorddf2.o)
 .debug_abbrev  0x000039e7      0x14a /home/cyrill/bin/arm-cortexm0-eabi/lib/gcc/arm-cortexm0-eabi/15.2.0/libgcc.a(fixdfsi.o)
 .debug_abbrev  0x00003b31      0x17e /home/cyrill/bin/arm-cortexm0-eabi/lib/gcc/arm-cortexm0-eabi/15.2.0/libgcc.a(floatsidf.o)
 .debug_abbrev  0x00003caf       0x28 /home/cyrill/bin/arm-cortexm0-eabi/lib/gcc/arm-cortexm0-eabi/15.2.0/libgcc.a(_thumb1_case_uhi.o)
 .debug_abbrev  0x00003cd7       0x28 /home/cyrill/bin/arm-cortexm0-eabi/lib/gcc/arm-cortexm0-eabi/15.2.0/libgcc.a(_clzsi2.o)

.debug_aranges  0x00000000      0x5a0
 .debug_aranges
                0x00000000       0x28 build/startup_stm32f072xb.o
 .debug_aranges
                0x00000028       0x20 /home/cyrill/bin/arm-cortexm0-eabi/lib/gcc/arm-cortexm0-eabi/15.2.0/../../../../arm-cortexm0-eabi/lib/libc.a(libc_a-findfp.o)
 .debug_aranges
                0x00000048       0x20 /home/cyrill/bin/arm-cortexm0-eabi/lib/gcc/arm-cortexm0-eabi/15.2.0/../../../../arm-cortexm0-eabi/lib/libc.a(libc_a-sprintf.o)
 .debug_aranges
                0x00000068       0x20 /home/cyrill/bin/arm-cortexm0-eabi/lib/gcc/arm-cortexm0-eabi/15.2.0/../../../../arm-cortexm0-eabi/lib/libc.a(libc_a-reent.o)
 .debug_aranges
                0x00000088       0x18 /home/cyrill/bin/arm-cortexm0-eabi/lib/gcc/arm-cortexm0-eabi/15.2.0/../../../../arm-cortexm0-eabi/lib/libc.a(libc_a-impure.o)
 .debug_aranges
                0x000000a0       0x20 /home/cyrill/bin/arm-cortexm0-eabi/lib/gcc/arm-cortexm0-eabi/15.2.0/../../../../arm-cortexm0-eabi/lib/libc.a(libc_a-errno.o)
 .debug_aranges
                0x000000c0       0x20 /home/cyrill/bin/arm-cortexm0-eabi/lib/gcc/arm-cortexm0-eabi/15.2.0/../../../../arm-cortexm0-eabi/lib/libc.a(libc_a-init.o)
 .debug_aranges
                0x000000e0       0x20 /home/cyrill/bin/arm-cortexm0-eabi/lib/gcc/arm-cortexm0-eabi/15.2.0/../../../../arm-cortexm0-eabi/lib/libc.a(libc_a-strlen.o)
 .debug_aranges
                0x00000100       0x20 /home/cyrill/bin/arm-cortexm0-eabi/lib/gcc/arm-cortexm0-eabi/15.2.0/../../../../arm-cortexm0-eabi/lib/libc.a(libc_a-freer.o)
 .debug_aranges
                0x00000120       0x20 /home/cyrill/bin/arm-cortexm0-eabi/lib/gcc/arm-cortexm0-eabi/15.2.0/../../../../arm-cortexm0-eabi/lib/libc.a(libc_a-mallocr.o)
 .debug_aranges
                0x00000140       0x20 /home/cyrill/bin/arm-cortexm0-eabi/lib/gcc/arm-cortexm0-eabi/15.2.0/../../../../arm-cortexm0-eabi/lib/libc.a(libc_a-mlock.o)
 .debug_aranges
                0x00000160       0x20 /home/cyrill/bin/arm-cortexm0-eabi/lib/gcc/arm-cortexm0-eabi/15.2.0/../../../../arm-cortexm0-eabi/lib/libc.a(libc_a-svfprintf.o)
 .debug_aranges
                0x00000180       0x20 /home/cyrill/bin/arm-cortexm0-eabi/lib/gcc/arm-cortexm0-eabi/15.2.0/../../../../arm-cortexm0-eabi/lib/libc.a(libc_a-sbrkr.o)
 .debug_aranges
                0x000001a0       0x20 /home/cyrill/bin/arm-cortexm0-eabi/lib/gcc/arm-cortexm0-eabi/15.2.0/../../../../arm-cortexm0-eabi/lib/libc.a(libc_a-sysconf.o)
 .debug_aranges
                0x000001c0       0x20 /home/cyrill/bin/arm-cortexm0-eabi/lib/gcc/arm-cortexm0-eabi/15.2.0/../../../../arm-cortexm0-eabi/lib/libc.a(libc_a-memchr-stub.o)
 .debug_aranges
                0x000001e0       0x20 /home/cyrill/bin/arm-cortexm0-eabi/lib/gcc/arm-cortexm0-eabi/15.2.0/../../../../arm-cortexm0-eabi/lib/libc.a(libc_a-svfiprintf.o)
 .debug_aranges
                0x00000200       0x20 /home/cyrill/bin/arm-cortexm0-eabi/lib/gcc/arm-cortexm0-eabi/15.2.0/../../../../arm-cortexm0-eabi/lib/libc.a(libc_a-memmove.o)
 .debug_aranges
                0x00000220       0x20 /home/cyrill/bin/arm-cortexm0-eabi/lib/gcc/arm-cortexm0-eabi/15.2.0/../../../../arm-cortexm0-eabi/lib/libc.a(libc_a-memcpy-stub.o)
 .debug_aranges
                0x00000240       0x20 /home/cyrill/bin/arm-cortexm0-eabi/lib/gcc/arm-cortexm0-eabi/15.2.0/../../../../arm-cortexm0-eabi/lib/libc.a(libc_a-reallocr.o)
 .debug_aranges
                0x00000260       0x20 /home/cyrill/bin/arm-cortexm0-eabi/lib/gcc/arm-cortexm0-eabi/15.2.0/../../../../arm-cortexm0-eabi/lib/libm.a(libm_a-w_pow.o)
 .debug_aranges
                0x00000280       0x20 /home/cyrill/bin/arm-cortexm0-eabi/lib/gcc/arm-cortexm0-eabi/15.2.0/../../../../arm-cortexm0-eabi/lib/libm.a(libm_a-w_sqrt.o)
 .debug_aranges
                0x000002a0       0x20 /home/cyrill/bin/arm-cortexm0-eabi/lib/gcc/arm-cortexm0-eabi/15.2.0/../../../../arm-cortexm0-eabi/lib/libm.a(libm_a-s_atan.o)
 .debug_aranges
                0x000002c0       0x20 /home/cyrill/bin/arm-cortexm0-eabi/lib/gcc/arm-cortexm0-eabi/15.2.0/../../../../arm-cortexm0-eabi/lib/libm.a(libm_a-s_fabs.o)
 .debug_aranges
                0x000002e0       0x20 /home/cyrill/bin/arm-cortexm0-eabi/lib/gcc/arm-cortexm0-eabi/15.2.0/../../../../arm-cortexm0-eabi/lib/libm.a(libm_a-s_finite.o)
 .debug_aranges
                0x00000300       0x20 /home/cyrill/bin/arm-cortexm0-eabi/lib/gcc/arm-cortexm0-eabi/15.2.0/../../../../arm-cortexm0-eabi/lib/libm.a(libm_a-e_sqrt.o)
 .debug_aranges
                0x00000320       0x20 /home/cyrill/bin/arm-cortexm0-eabi/lib/gcc/arm-cortexm0-eabi/15.2.0/../../../../arm-cortexm0-eabi/lib/libm.a(libm_a-e_pow.o)
 .debug_aranges
                0x00000340       0x20 /home/cyrill/bin/arm-cortexm0-eabi/lib/gcc/arm-cortexm0-eabi/15.2.0/../../../../arm-cortexm0-eabi/lib/libm.a(libm_a-s_scalbn.o)
 .debug_aranges
                0x00000360       0x20 /home/cyrill/bin/arm-cortexm0-eabi/lib/gcc/arm-cortexm0-eabi/15.2.0/../../../../arm-cortexm0-eabi/lib/libm.a(libm_a-math_err.o)
 .debug_aranges
                0x00000380       0x20 /home/cyrill/bin/arm-cortexm0-eabi/lib/gcc/arm-cortexm0-eabi/15.2.0/libgcc.a(_thumb1_case_sqi.o)
 .debug_aranges
                0x000003a0       0x20 /home/cyrill/bin/arm-cortexm0-eabi/lib/gcc/arm-cortexm0-eabi/15.2.0/libgcc.a(_thumb1_case_shi.o)
 .debug_aranges
                0x000003c0       0x20 /home/cyrill/bin/arm-cortexm0-eabi/lib/gcc/arm-cortexm0-eabi/15.2.0/libgcc.a(_udivsi3.o)
 .debug_aranges
                0x000003e0       0x20 /home/cyrill/bin/arm-cortexm0-eabi/lib/gcc/arm-cortexm0-eabi/15.2.0/libgcc.a(_dvmd_tls.o)
 .debug_aranges
                0x00000400       0x20 /home/cyrill/bin/arm-cortexm0-eabi/lib/gcc/arm-cortexm0-eabi/15.2.0/libgcc.a(_arm_cmpdf2.o)
 .debug_aranges
                0x00000420       0x20 /home/cyrill/bin/arm-cortexm0-eabi/lib/gcc/arm-cortexm0-eabi/15.2.0/libgcc.a(adddf3.o)
 .debug_aranges
                0x00000440       0x20 /home/cyrill/bin/arm-cortexm0-eabi/lib/gcc/arm-cortexm0-eabi/15.2.0/libgcc.a(divdf3.o)
 .debug_aranges
                0x00000460       0x20 /home/cyrill/bin/arm-cortexm0-eabi/lib/gcc/arm-cortexm0-eabi/15.2.0/libgcc.a(eqdf2.o)
 .debug_aranges
                0x00000480       0x20 /home/cyrill/bin/arm-cortexm0-eabi/lib/gcc/arm-cortexm0-eabi/15.2.0/libgcc.a(gedf2.o)
 .debug_aranges
                0x000004a0       0x20 /home/cyrill/bin/arm-cortexm0-eabi/lib/gcc/arm-cortexm0-eabi/15.2.0/libgcc.a(ledf2.o)
 .debug_aranges
                0x000004c0       0x20 /home/cyrill/bin/arm-cortexm0-eabi/lib/gcc/arm-cortexm0-eabi/15.2.0/libgcc.a(muldf3.o)
 .debug_aranges
                0x000004e0       0x20 /home/cyrill/bin/arm-cortexm0-eabi/lib/gcc/arm-cortexm0-eabi/15.2.0/libgcc.a(subdf3.o)
 .debug_aranges
                0x00000500       0x20 /home/cyrill/bin/arm-cortexm0-eabi/lib/gcc/arm-cortexm0-eabi/15.2.0/libgcc.a(unorddf2.o)
 .debug_aranges
                0x00000520       0x20 /home/cyrill/bin/arm-cortexm0-eabi/lib/gcc/arm-cortexm0-eabi/15.2.0/libgcc.a(fixdfsi.o)
 .debug_aranges
                0x00000540       0x20 /home/cyrill/bin/arm-cortexm0-eabi/lib/gcc/arm-cortexm0-eabi/15.2.0/libgcc.a(floatsidf.o)
 .debug_aranges
                0x00000560       0x20 /home/cyrill/bin/arm-cortexm0-eabi/lib/gcc/arm-cortexm0-eabi/15.2.0/libgcc.a(_thumb1_case_uhi.o)
 .debug_aranges
                0x00000580       0x20 /home/cyrill/bin/arm-cortexm0-eabi/lib/gcc/arm-cortexm0-eabi/15.2.0/libgcc.a(_clzsi2.o)

.debug_str      0x00000000     0x1fe3
 .debug_str     0x00000000       0x53 build/startup_stm32f072xb.o
 .debug_str     0x00000053      0x62b /home/cyrill/bin/arm-cortexm0-eabi/lib/gcc/arm-cortexm0-eabi/15.2.0/../../../../arm-cortexm0-eabi/lib/libc.a(libc_a-findfp.o)
                                0x6ce (size before relaxing)
 .debug_str     0x0000067e       0xa0 /home/cyrill/bin/arm-cortexm0-eabi/lib/gcc/arm-cortexm0-eabi/15.2.0/../../../../arm-cortexm0-eabi/lib/libc.a(libc_a-sprintf.o)
                                0x505 (size before relaxing)
 .debug_str     0x0000071e       0x7b /home/cyrill/bin/arm-cortexm0-eabi/lib/gcc/arm-cortexm0-eabi/15.2.0/../../../../arm-cortexm0-eabi/lib/libc.a(libc_a-reent.o)
                                0x4e5 (size before relaxing)
 .debug_str     0x00000799       0x55 /home/cyrill/bin/arm-cortexm0-eabi/lib/gcc/arm-cortexm0-eabi/15.2.0/../../../../arm-cortexm0-eabi/lib/libc.a(libc_a-impure.o)
                                0x4cb (size before relaxing)
 .debug_str     0x000007ee       0x5c /home/cyrill/bin/arm-cortexm0-eabi/lib/gcc/arm-cortexm0-eabi/15.2.0/../../../../arm-cortexm0-eabi/lib/libc.a(libc_a-errno.o)
                                0x4c0 (size before relaxing)
 .debug_str     0x0000084a       0xb2 /home/cyrill/bin/arm-cortexm0-eabi/lib/gcc/arm-cortexm0-eabi/15.2.0/../../../../arm-cortexm0-eabi/lib/libc.a(libc_a-init.o)
                                0x214 (size before relaxing)
 .debug_str     0x000008fc       0x6c /home/cyrill/bin/arm-cortexm0-eabi/lib/gcc/arm-cortexm0-eabi/15.2.0/../../../../arm-cortexm0-eabi/lib/libc.a(libc_a-strlen.o)
                                 0xd1 (size before relaxing)
 .debug_str     0x00000968      0x1b2 /home/cyrill/bin/arm-cortexm0-eabi/lib/gcc/arm-cortexm0-eabi/15.2.0/../../../../arm-cortexm0-eabi/lib/libc.a(libc_a-freer.o)
                                0x644 (size before relaxing)
 .debug_str     0x00000b1a      0x13c /home/cyrill/bin/arm-cortexm0-eabi/lib/gcc/arm-cortexm0-eabi/15.2.0/../../../../arm-cortexm0-eabi/lib/libc.a(libc_a-mallocr.o)
                                0x6ee (size before relaxing)
 .debug_str     0x00000c56       0x6e /home/cyrill/bin/arm-cortexm0-eabi/lib/gcc/arm-cortexm0-eabi/15.2.0/../../../../arm-cortexm0-eabi/lib/libc.a(libc_a-mlock.o)