Archive member included to satisfy reference by file (symbol)

/home/cyrill/bin/arm-cortexm0-eabi/lib/gcc/arm-cortexm0-eabi/15.2.0/../../../../arm-cortexm0-eabi/lib/libc.a(libc_a-atexit.o)
                              /home/cyrill/bin/arm-cortexm0-eabi/lib/gcc/arm-cortexm0-eabi/15.2.0/../../../../arm-cortexm0-eabi/lib/crt0.o (atexit)
/home/cyrill/bin/arm-cortexm0-eabi/lib/gcc/arm-cortexm0-eabi/15.2.0/../../../../arm-cortexm0-eabi/lib/libc.a(libc_a-exit.o)
                              /home/cyrill/bin/arm-cortexm0-eabi/lib/gcc/arm-cortexm0-eabi/15.2.0/../../../../arm-cortexm0-eabi/lib/crt0.o (exit)
/home/cyrill/bin/arm-cortexm0-eabi/lib/gcc/arm-cortexm0-eabi/15.2.0/../../../../arm-cortexm0-eabi/lib/libc.a(libc_a-findfp.o)
                              /home/cyrill/bin/arm-cortexm0-eabi/lib/gcc/arm-cortexm0-eabi/15.2.0/../../../../arm-cortexm0-eabi/lib/libc.a(libc_a-exit.o) (__stdio_exit_handler)
/home/cyrill/bin/arm-cortexm0-eabi/lib/gcc/arm-cortexm0-eabi/15.2.0/../../../../arm-cortexm0-eabi/lib/libc.a(libc_a-fwalk.o)
                              /home/cyrill/bin/arm-cortexm0-eabi/lib/gcc/arm-cortexm0-eabi/15.2.0/../../../../arm-cortexm0-eabi/lib/libc.a(libc_a-findfp.o) (_fwalk_sglue)
/home/cyrill/bin/arm-cortexm0-eabi/lib/gcc/arm-cortexm0-eabi/15.2.0/../../../../arm-cortexm0-eabi/lib/libc.a(libc_a-stdio.o)
                              /home/cyrill/bin/arm-cortexm0-eabi/lib/gcc/arm-cortexm0-eabi/15.2.0/../../../../arm-cortexm0-eabi/lib/libc.a(libc_a-findfp.o) (__sread)
/home/cyrill/bin/arm-cortexm0-eabi/lib/gcc/arm-cortexm0-eabi/15.2.0/../../../../arm-cortexm0-eabi/lib/libc.a(libc_a-memset.o)
                              /home/cyrill/bin/arm-cortexm0-eabi/lib/gcc/arm-cortexm0-eabi/15.2.0/../../../../arm-cortexm0-eabi/lib/crt0.o (memset)
/home/cyrill/bin/arm-cortexm0-eabi/lib/gcc/arm-cortexm0-eabi/15.2.0/../../../../arm-cortexm0-eabi/lib/libc.a(libc_a-closer.o)
                              /home/cyrill/bin/arm-cortexm0-eabi/lib/gcc/arm-cortexm0-eabi/15.2.0/../../../../arm-cortexm0-eabi/lib/libc.a(libc_a-stdio.o) (_close_r)
/home/cyrill/bin/arm-cortexm0-eabi/lib/gcc/arm-cortexm0-eabi/15.2.0/../../../../arm-cortexm0-eabi/lib/libc.a(libc_a-reent.o)
                              /home/cyrill/bin/arm-cortexm0-eabi/lib/gcc/arm-cortexm0-eabi/15.2.0/../../../../arm-cortexm0-eabi/lib/libc.a(libc_a-closer.o) (errno)
/home/cyrill/bin/arm-cortexm0-eabi/lib/gcc/arm-cortexm0-eabi/15.2.0/../../../../arm-cortexm0-eabi/lib/libc.a(libc_a-impure.o)
                              /home/cyrill/bin/arm-cortexm0-eabi/lib/gcc/arm-cortexm0-eabi/15.2.0/../../../../arm-cortexm0-eabi/lib/libc.a(libc_a-reent.o) (_impure_ptr)
/home/cyrill/bin/arm-cortexm0-eabi/lib/gcc/arm-cortexm0-eabi/15.2.0/../../../../arm-cortexm0-eabi/lib/libc.a(libc_a-lseekr.o)
                              /home/cyrill/bin/arm-cortexm0-eabi/lib/gcc/arm-cortexm0-eabi/15.2.0/../../../../arm-cortexm0-eabi/lib/libc.a(libc_a-stdio.o) (_lseek_r)
/home/cyrill/bin/arm-cortexm0-eabi/lib/gcc/arm-cortexm0-eabi/15.2.0/../../../../arm-cortexm0-eabi/lib/libc.a(libc_a-readr.o)
                              /home/cyrill/bin/arm-cortexm0-eabi/lib/gcc/arm-cortexm0-eabi/15.2.0/../../../../arm-cortexm0-eabi/lib/libc.a(libc_a-stdio.o) (_read_r)
/home/cyrill/bin/arm-cortexm0-eabi/lib/gcc/arm-cortexm0-eabi/15.2.0/../../../../arm-cortexm0-eabi/lib/libc.a(libc_a-writer.o)
                              /home/cyrill/bin/arm-cortexm0-eabi/lib/gcc/arm-cortexm0-eabi/15.2.0/../../../../arm-cortexm0-eabi/lib/libc.a(libc_a-stdio.o) (_write_r)
/home/cyrill/bin/arm-cortexm0-eabi/lib/gcc/arm-cortexm0-eabi/15.2.0/../../../../arm-cortexm0-eabi/lib/libc.a(libc_a-errno.o)
                              build/sysmem.o (__errno)
/home/cyrill/bin/arm-cortexm0-eabi/lib/gcc/arm-cortexm0-eabi/15.2.0/../../../../arm-cortexm0-eabi/lib/libc.a(libc_a-init.o)
                              /home/cyrill/bin/arm-cortexm0-eabi/lib/gcc/arm-cortexm0-eabi/15.2.0/../../../../arm-cortexm0-eabi/lib/crt0.o (__libc_init_array)
/home/cyrill/bin/arm-cortexm0-eabi/lib/gcc/arm-cortexm0-eabi/15.2.0/../../../../arm-cortexm0-eabi/lib/libc.a(libc_a-fini.o)
                              /home/cyrill/bin/arm-cortexm0-eabi/lib/gcc/arm-cortexm0-eabi/15.2.0/../../../../arm-cortexm0-eabi/lib/crt0.o (__libc_fini_array)
/home/cyrill/bin/arm-cortexm0-eabi/lib/gcc/arm-cortexm0-eabi/15.2.0/../../../../arm-cortexm0-eabi/lib/libc.a(libc_a-syscalls.o)
                              /home/cyrill/bin/arm-cortexm0-eabi/lib/gcc/arm-cortexm0-eabi/15.2.0/../../../../arm-cortexm0-eabi/lib/crt0.o (initialise_monitor_handles)
/home/cyrill/bin/arm-cortexm0-eabi/lib/gcc/arm-cortexm0-eabi/15.2.0/../../../../arm-cortexm0-eabi/lib/libc.a(libc_a-strlen.o)
                              /home/cyrill/bin/arm-cortexm0-eabi/lib/gcc/arm-cortexm0-eabi/15.2.0/../../../../arm-cortexm0-eabi/lib/libc.a(libc_a-syscalls.o) (strlen)
/home/cyrill/bin/arm-cortexm0-eabi/lib/gcc/arm-cortexm0-eabi/15.2.0/../../../../arm-cortexm0-eabi/lib/libc.a(libc_a-__atexit.o)
[...]
Memory Configuration

Name             Origin             Length             Attributes
RAM              0x20000000         0x00004000         xrw
FLASH            0x08000000         0x00020000         xr
*default*        0x00000000         0xffffffff

Linker script and memory map

LOAD /home/cyrill/bin/arm-cortexm0-eabi/lib/gcc/arm-cortexm0-eabi/15.2.0/crti.o
LOAD /home/cyrill/bin/arm-cortexm0-eabi/lib/gcc/arm-cortexm0-eabi/15.2.0/crtbegin.o
LOAD /home/cyrill/bin/arm-cortexm0-eabi/lib/gcc/arm-cortexm0-eabi/15.2.0/../../../../arm-cortexm0-eabi/lib/crt0.o
LOAD build/main.o
LOAD build/stm32f0xx_it.o
LOAD build/stm32f0xx_hal_msp.o
LOAD build/stm32f0xx_ll_usb.o
LOAD build/stm32f0xx_hal_i2c.o
LOAD build/stm32f0xx_hal_i2c_ex.o
LOAD build/stm32f0xx_hal_rcc.o
LOAD build/stm32f0xx_hal_rcc_ex.o
LOAD build/stm32f0xx_hal.o
LOAD build/stm32f0xx_hal_gpio.o
LOAD build/stm32f0xx_hal_dma.o
LOAD build/stm32f0xx_hal_cortex.o
LOAD build/stm32f0xx_hal_pwr.o
LOAD build/stm32f0xx_hal_pwr_ex.o
LOAD build/stm32f0xx_hal_flash.o
LOAD build/stm32f0xx_hal_flash_ex.o
LOAD build/stm32f0xx_hal_exti.o
LOAD build/stm32f0xx_hal_pcd.o
LOAD build/stm32f0xx_hal_pcd_ex.o
LOAD build/system_stm32f0xx.o
LOAD build/sysmem.o
LOAD build/stm32f0xx_ll_gpio.o
LOAD build/stm32f0xx_ll_i2c.o
LOAD build/stm32f0xx_ll_dma.o
LOAD build/stm32f0xx_ll_rcc.o
LOAD build/stm32f0xx_ll_utils.o
LOAD build/stm32f0xx_ll_exti.o
LOAD build/usb_device.o
LOAD build/usbd_desc.o
LOAD build/usbd_cdc_if.o
LOAD build/usbd_conf.o
LOAD build/usbd_core.o
LOAD build/usbd_ctlreq.o
LOAD build/usbd_ioreq.o
LOAD build/usbd_cdc.o
LOAD build/startup_stm32f072xb.o
LOAD /home/cyrill/bin/arm-cortexm0-eabi/lib/gcc/arm-cortexm0-eabi/15.2.0/../../../../arm-cortexm0-eabi/lib/libc.a
LOAD /home/cyrill/bin/arm-cortexm0-eabi/lib/gcc/arm-cortexm0-eabi/15.2.0/../../../../arm-cortexm0-eabi/lib/libm.a
LOAD /home/cyrill/bin/arm-cortexm0-eabi/lib/gcc/arm-cortexm0-eabi/15.2.0/../../../../arm-cortexm0-eabi/lib/libnosys.a
START GROUP
LOAD /home/cyrill/bin/arm-cortexm0-eabi/lib/gcc/arm-cortexm0-eabi/15.2.0/libgcc.a
LOAD /home/cyrill/bin/arm-cortexm0-eabi/lib/gcc/arm-cortexm0-eabi/15.2.0/../../../../arm-cortexm0-eabi/lib/libc.a
END GROUP
LOAD /home/cyrill/bin/arm-cortexm0-eabi/lib/gcc/arm-cortexm0-eabi/15.2.0/crtend.o
LOAD /home/cyrill/bin/arm-cortexm0-eabi/lib/gcc/arm-cortexm0-eabi/15.2.0/crtn.o
                0x20004000                        _estack = (ORIGIN (RAM) + LENGTH (RAM))
                0x20003c00                        _sstack = (_estack - _Min_Stack_Size)
                0x00000200                        _Min_Heap_Size = 0x200
                0x00000400                        _Min_Stack_Size = 0x400

.isr_vector     0x08000000       0xc0
                0x08000000                        . = ALIGN (0x4)
 *(.isr_vector)
 .isr_vector    0x08000000       0xc0 build/startup_stm32f072xb.o
                0x08000000                g_pfnVectors
                0x080000c0                        . = ALIGN (0x4)

.text           0x080000c0     0x6f8c
                0x080000c0                        . = ALIGN (0x4)
 *(.text)
 .text          0x080000c0       0x98 /home/cyrill/bin/arm-cortexm0-eabi/lib/gcc/arm-cortexm0-eabi/15.2.0/crtbegin.o
 .text          0x08000158       0x48 /home/cyrill/bin/arm-cortexm0-eabi/lib/gcc/arm-cortexm0-eabi/15.2.0/../../../../arm-cortexm0-eabi/lib/libc.a(libc_a-init.o)
                0x08000158                __libc_init_array
 .text          0x080001a0       0x8c /home/cyrill/bin/arm-cortexm0-eabi/lib/gcc/arm-cortexm0-eabi/15.2.0/libgcc.a(_udivsi3.o)
                0x080001a0                __udivsi3
                0x080001a0                __aeabi_uidiv
                0x08000218                __aeabi_uidivmod
 .text          0x0800022c        0x4 /home/cyrill/bin/arm-cortexm0-eabi/lib/gcc/arm-cortexm0-eabi/15.2.0/libgcc.a(_dvmd_tls.o)
                0x0800022c                __aeabi_ldiv0
                0x0800022c                __aeabi_idiv0
 *(.text*)
 .text.LL_RCC_HSI_Enable
                0x08000230       0x1c build/main.o
 .text.LL_RCC_HSI_IsReady
                0x0800024c       0x1c build/main.o
 .text.LL_RCC_HSI_SetCalibTrimming
                0x08000268       0x28 build/main.o
 .text.LL_RCC_HSI48_Enable
                0x08000290       0x1c build/main.o
 .text.LL_RCC_HSI48_IsReady
                0x080002ac       0x20 build/main.o
 .text.LL_RCC_SetSysClkSource
                0x080002cc       0x28 build/main.o
 .text.LL_RCC_GetSysClkSource
                0x080002f4       0x18 build/main.o
 .text.LL_RCC_SetAHBPrescaler
                0x0800030c       0x28 build/main.o
 .text.LL_RCC_SetAPB1Prescaler
                0x08000334       0x2c build/main.o
 .text.LL_RCC_SetUSBClockSource
                0x08000360       0x28 build/main.o
 .text.LL_RCC_PLL_Enable
                0x08000388       0x1c build/main.o
 .text.LL_RCC_PLL_IsReady
                0x080003a4       0x20 build/main.o
 .text.LL_RCC_PLL_ConfigDomain_SYS
                0x080003c4       0x44 build/main.o
 .text.LL_FLASH_SetLatency
                0x08000408       0x28 build/main.o
 .text.LL_FLASH_GetLatency
                0x08000430       0x18 build/main.o
 .text.main     0x08000448      0x1a4 build/main.o
                0x08000448                main
 .text.SystemClock_Config
                0x080005ec       0xa0 build/main.o
                0x080005ec                SystemClock_Config
 .text.Error_Handler
                0x0800068c        0xc build/main.o
                0x0800068c                Error_Handler
 .text.NMI_Handler
                0x08000698        0x8 build/stm32f0xx_it.o
                0x08000698                NMI_Handler
 .text.HardFault_Handler
                0x080006a0        0x8 build/stm32f0xx_it.o
                0x080006a0                HardFault_Handler
 .text.SVC_Handler
                0x080006a8        0xa build/stm32f0xx_it.o
                0x080006a8                SVC_Handler
 .text.PendSV_Handler
                0x080006b2        0xa build/stm32f0xx_it.o
                0x080006b2                PendSV_Handler
 .text.SysTick_Handler
                0x080006bc        0xe build/stm32f0xx_it.o
                0x080006bc                SysTick_Handler
 *fill*         0x080006ca        0x2 
 .text.USB_IRQHandler
                0x080006cc       0x18 build/stm32f0xx_it.o
                0x080006cc                USB_IRQHandler
 .text.HAL_MspInit
                0x080006e4       0x48 build/stm32f0xx_hal_msp.o
                0x080006e4                HAL_MspInit
 .text.USB_EnableGlobalInt
                0x0800072c       0x2c build/stm32f0xx_ll_usb.o
                0x0800072c                USB_EnableGlobalInt
 .text.USB_DisableGlobalInt
                0x08000758       0x34 build/stm32f0xx_ll_usb.o
                0x08000758                USB_DisableGlobalInt
 .text.USB_DevInit
                0x0800078c       0x38 build/stm32f0xx_ll_usb.o
                0x0800078c                USB_DevInit
 .text.USB_ActivateEndpoint
                0x080007c4      0x750 build/stm32f0xx_ll_usb.o
                0x080007c4                USB_ActivateEndpoint
 .text.USB_DeactivateEndpoint
                0x08000f14      0x380 build/stm32f0xx_ll_usb.o
                0x08000f14                USB_DeactivateEndpoint
 .text.USB_EPStartXfer
                0x08001294     0x1260 build/stm32f0xx_ll_usb.o
                0x08001294                USB_EPStartXfer
 .text.USB_EPSetStall
                0x080024f4       0xa0 build/stm32f0xx_ll_usb.o
                0x080024f4                USB_EPSetStall
 .text.USB_EPClearStall
                0x08002594      0x164 build/stm32f0xx_ll_usb.o
                0x08002594                USB_EPClearStall
 .text.USB_SetDevAddress
                0x080026f8       0x28 build/stm32f0xx_ll_usb.o
                0x080026f8                USB_SetDevAddress
 .text.USB_DevConnect
                0x08002720       0x2c build/stm32f0xx_ll_usb.o
                0x08002720                USB_DevConnect
 .text.USB_ReadInterrupts
                0x0800274c       0x1c build/stm32f0xx_ll_usb.o
                0x0800274c                USB_ReadInterrupts
 .text.USB_WritePMA
                0x08002768       0x94 build/stm32f0xx_ll_usb.o
                0x08002768                USB_WritePMA
 .text.USB_ReadPMA
                0x080027fc       0x9e build/stm32f0xx_ll_usb.o
                0x080027fc                USB_ReadPMA
 *fill*         0x0800289a        0x2 
 .text.HAL_Init
                0x0800289c       0x28 build/stm32f0xx_hal.o
                0x0800289c                HAL_Init
 .text.HAL_InitTick
                0x080028c4       0x68 build/stm32f0xx_hal.o
                0x080028c4                HAL_InitTick
 .text.HAL_IncTick
                0x0800292c       0x24 build/stm32f0xx_hal.o
                0x0800292c                HAL_IncTick
 .text.HAL_GetTick
                0x08002950       0x14 build/stm32f0xx_hal.o
                0x08002950                HAL_GetTick
 .text.HAL_Delay
                0x08002964       0x48 build/stm32f0xx_hal.o
                0x08002964                HAL_Delay
 .text.__NVIC_EnableIRQ
                0x080029ac       0x34 build/stm32f0xx_hal_cortex.o
 .text.__NVIC_SetPriority
                0x080029e0       0xdc build/stm32f0xx_hal_cortex.o
 .text.SysTick_Config
                0x08002abc       0x48 build/stm32f0xx_hal_cortex.o
 .text.HAL_NVIC_SetPriority
                0x08002b04       0x2a build/stm32f0xx_hal_cortex.o
                0x08002b04                HAL_NVIC_SetPriority
 .text.HAL_NVIC_EnableIRQ
                0x08002b2e       0x20 build/stm32f0xx_hal_cortex.o
                0x08002b2e                HAL_NVIC_EnableIRQ
 .text.HAL_SYSTICK_Config
                0x08002b4e       0x1a build/stm32f0xx_hal_cortex.o
                0x08002b4e                HAL_SYSTICK_Config
 .text.HAL_PCD_Init
                0x08002b68      0x1e8 build/stm32f0xx_hal_pcd.o
                0x08002b68                HAL_PCD_Init
 .text.HAL_PCD_Start
                0x08002d50       0x4a build/stm32f0xx_hal_pcd.o
                0x08002d50                HAL_PCD_Start
 *fill*         0x08002d9a        0x2 
 .text.HAL_PCD_IRQHandler
                0x08002d9c      0x288 build/stm32f0xx_hal_pcd.o
                0x08002d9c                HAL_PCD_IRQHandler
 .text.HAL_PCD_SetAddress
                0x08003024       0x54 build/stm32f0xx_hal_pcd.o
                0x08003024                HAL_PCD_SetAddress
 .text.HAL_PCD_EP_Open
                0x08003078       0xde build/stm32f0xx_hal_pcd.o
                0x08003078                HAL_PCD_EP_Open
 .text.HAL_PCD_EP_Close
                0x08003156       0xa2 build/stm32f0xx_hal_pcd.o
                0x08003156                HAL_PCD_EP_Close
 .text.HAL_PCD_EP_Receive
                0x080031f8       0x6e build/stm32f0xx_hal_pcd.o
                0x080031f8                HAL_PCD_EP_Receive
 .text.HAL_PCD_EP_GetRxCount
                0x08003266       0x32 build/stm32f0xx_hal_pcd.o
                0x08003266                HAL_PCD_EP_GetRxCount
 .text.HAL_PCD_EP_Transmit
                0x08003298       0x78 build/stm32f0xx_hal_pcd.o
                0x08003298                HAL_PCD_EP_Transmit
 .text.HAL_PCD_EP_SetStall
                0x08003310       0xb8 build/stm32f0xx_hal_pcd.o
                0x08003310                HAL_PCD_EP_SetStall
 .text.HAL_PCD_EP_ClrStall
                0x080033c8       0xbc build/stm32f0xx_hal_pcd.o
                0x080033c8                HAL_PCD_EP_ClrStall
 .text.PCD_EP_ISR_Handler
                0x08003484      0x808 build/stm32f0xx_hal_pcd.o
 .text.HAL_PCD_EP_DB_Receive
                0x08003c8c      0x238 build/stm32f0xx_hal_pcd.o
 .text.HAL_PCD_EP_DB_Transmit
                0x08003ec4      0x820 build/stm32f0xx_hal_pcd.o
 .text.HAL_PCDEx_PMAConfig
                0x080046e4       0x9c build/stm32f0xx_hal_pcd_ex.o
                0x080046e4                HAL_PCDEx_PMAConfig
 .text.HAL_PCDEx_ActivateLPM
                0x08004780       0x54 build/stm32f0xx_hal_pcd_ex.o
                0x08004780                HAL_PCDEx_ActivateLPM
 .text.HAL_PCDEx_LPM_Callback
                0x080047d4       0x16 build/stm32f0xx_hal_pcd_ex.o
                0x080047d4                HAL_PCDEx_LPM_Callback
 .text.SystemInit
                0x080047ea        0xa build/system_stm32f0xx.o
                0x080047ea                SystemInit
 .text.LL_GPIO_SetPinMode
                0x080047f4       0x38 build/stm32f0xx_ll_gpio.o
 .text.LL_GPIO_SetPinOutputType
                0x0800482c       0x2a build/stm32f0xx_ll_gpio.o
 .text.LL_GPIO_SetPinSpeed
                0x08004856       0x38 build/stm32f0xx_ll_gpio.o
 .text.LL_GPIO_SetPinPull
                0x0800488e       0x38 build/stm32f0xx_ll_gpio.o
 .text.LL_GPIO_SetAFPin_0_7
                0x080048c6       0x46 build/stm32f0xx_ll_gpio.o
 .text.LL_GPIO_SetAFPin_8_15
                0x0800490c       0x5a build/stm32f0xx_ll_gpio.o
 .text.LL_GPIO_Init
                0x08004966       0xb8 build/stm32f0xx_ll_gpio.o
                0x08004966                LL_GPIO_Init
 *fill*         0x08004a1e        0x2 
 .text.LL_SetSystemCoreClock
                0x08004a20       0x1c build/stm32f0xx_ll_utils.o
                0x08004a20                LL_SetSystemCoreClock
 .text.MX_USB_DEVICE_Init
                0x08004a3c       0x68 build/usb_device.o
                0x08004a3c                MX_USB_DEVICE_Init
 .text.USBD_FS_DeviceDescriptor
                0x08004aa4       0x24 build/usbd_desc.o
                0x08004aa4                USBD_FS_DeviceDescriptor
 .text.USBD_FS_LangIDStrDescriptor
                0x08004ac8       0x24 build/usbd_desc.o
                0x08004ac8                USBD_FS_LangIDStrDescriptor
 .text.USBD_FS_ProductStrDescriptor
                0x08004aec       0x44 build/usbd_desc.o
                0x08004aec                USBD_FS_ProductStrDescriptor
 .text.USBD_FS_ManufacturerStrDescriptor
                0x08004b30       0x2c build/usbd_desc.o
                0x08004b30                USBD_FS_ManufacturerStrDescriptor
 .text.USBD_FS_SerialStrDescriptor
                0x08004b5c       0x28 build/usbd_desc.o
                0x08004b5c                USBD_FS_SerialStrDescriptor
 .text.USBD_FS_ConfigStrDescriptor
                0x08004b84       0x44 build/usbd_desc.o
                0x08004b84                USBD_FS_ConfigStrDescriptor
 .text.USBD_FS_InterfaceStrDescriptor
                0x08004bc8       0x44 build/usbd_desc.o
                0x08004bc8                USBD_FS_InterfaceStrDescriptor
 .text.Get_SerialNum
                0x08004c0c       0x5c build/usbd_desc.o
 .text.IntToUnicode
                0x08004c68       0x96 build/usbd_desc.o
 *fill*         0x08004cfe        0x2 
 .text.CDC_Init_FS
                0x08004d00       0x30 build/usbd_cdc_if.o
 .text.CDC_DeInit_FS
                0x08004d30        0xc build/usbd_cdc_if.o
 .text.CDC_Control_FS
                0x08004d3c       0x7e build/usbd_cdc_if.o
 *fill*         0x08004dba        0x2 
 .text.CDC_Receive_FS
                0x08004dbc       0x2c build/usbd_cdc_if.o
 .text.CDC_Transmit_FS
                0x08004de8       0x60 build/usbd_cdc_if.o
                0x08004de8                CDC_Transmit_FS
 .text.HAL_PCD_MspInit
                0x08004e48       0x50 build/usbd_conf.o
                0x08004e48                HAL_PCD_MspInit
 .text.HAL_PCD_SetupStageCallback
                0x08004e98       0x2a build/usbd_conf.o
                0x08004e98                HAL_PCD_SetupStageCallback
 .text.HAL_PCD_DataOutStageCallback
                0x08004ec2       0x42 build/usbd_conf.o
                0x08004ec2                HAL_PCD_DataOutStageCallback
 .text.HAL_PCD_DataInStageCallback
                0x08004f04       0x3c build/usbd_conf.o
                0x08004f04                HAL_PCD_DataInStageCallback
 .text.HAL_PCD_SOFCallback
                0x08004f40       0x1e build/usbd_conf.o
                0x08004f40                HAL_PCD_SOFCallback
 .text.HAL_PCD_ResetCallback
                0x08004f5e       0x48 build/usbd_conf.o
                0x08004f5e                HAL_PCD_ResetCallback
 *fill*         0x08004fa6        0x2 
 .text.HAL_PCD_SuspendCallback
                0x08004fa8       0x38 build/usbd_conf.o
                0x08004fa8                HAL_PCD_SuspendCallback
 .text.HAL_PCD_ResumeCallback
                0x08004fe0       0x3c build/usbd_conf.o
                0x08004fe0                HAL_PCD_ResumeCallback
 .text.USBD_LL_Init
                0x0800501c       0xc8 build/usbd_conf.o
                0x0800501c                USBD_LL_Init
 .text.USBD_LL_Start
                0x080050e4       0x4a build/usbd_conf.o
                0x080050e4                USBD_LL_Start
 .text.USBD_LL_OpenEP
                0x0800512e       0x6e build/usbd_conf.o
                0x0800512e                USBD_LL_OpenEP
 .text.USBD_LL_CloseEP
                0x0800519c       0x56 build/usbd_conf.o
                0x0800519c                USBD_LL_CloseEP
 .text.USBD_LL_StallEP
                0x080051f2       0x56 build/usbd_conf.o
                0x080051f2                USBD_LL_StallEP
 .text.USBD_LL_ClearStallEP
                0x08005248       0x56 build/usbd_conf.o
                0x08005248                USBD_LL_ClearStallEP
 .text.USBD_LL_IsStallEP
                0x0800529e       0x60 build/usbd_conf.o
                0x0800529e                USBD_LL_IsStallEP
 .text.USBD_LL_SetUSBAddress
                0x080052fe       0x56 build/usbd_conf.o
                0x080052fe                USBD_LL_SetUSBAddress
 .text.USBD_LL_Transmit
                0x08005354       0x6e build/usbd_conf.o
                0x08005354                USBD_LL_Transmit
 .text.USBD_LL_PrepareReceive
                0x080053c2       0x6e build/usbd_conf.o
                0x080053c2                USBD_LL_PrepareReceive
 .text.USBD_LL_GetRxDataSize
                0x08005430       0x2c build/usbd_conf.o
                0x08005430                USBD_LL_GetRxDataSize
 .text.USBD_static_malloc
                0x0800545c       0x18 build/usbd_conf.o
                0x0800545c                USBD_static_malloc
 .text.USBD_static_free
                0x08005474       0x10 build/usbd_conf.o
                0x08005474                USBD_static_free
 .text.SystemClockConfig_Resume
                0x08005484        0xe build/usbd_conf.o
 .text.USBD_Get_USB_Status
                0x08005492       0x6e build/usbd_conf.o
 .text.USBD_Init
                0x08005500       0x62 build/usbd_core.o
                0x08005500                USBD_Init
 .text.USBD_RegisterClass
                0x08005562       0x40 build/usbd_core.o
                0x08005562                USBD_RegisterClass
 .text.USBD_Start
                0x080055a2       0x1a build/usbd_core.o
                0x080055a2                USBD_Start
 .text.USBD_RunTestMode
                0x080055bc       0x12 build/usbd_core.o
                0x080055bc                USBD_RunTestMode
 .text.USBD_SetClassConfig
                0x080055ce       0x4e build/usbd_core.o
                0x080055ce                USBD_SetClassConfig
 .text.USBD_ClrClassConfig
                0x0800561c       0x2c build/usbd_core.o
                0x0800561c                USBD_ClrClassConfig
 .text.USBD_LL_SetupStage
                0x08005648       0xbc build/usbd_core.o
                0x08005648                USBD_LL_SetupStage
 .text.USBD_LL_DataOutStage
                0x08005704      0x104 build/usbd_core.o
                0x08005704                USBD_LL_DataOutStage
 .text.USBD_LL_DataInStage
                0x08005808      0x17a build/usbd_core.o
                0x08005808                USBD_LL_DataInStage
 .text.USBD_LL_Reset
                0x08005982       0x90 build/usbd_core.o
                0x08005982                USBD_LL_Reset
 .text.USBD_LL_SetSpeed
                0x08005a12       0x20 build/usbd_core.o
                0x08005a12                USBD_LL_SetSpeed
 *fill*         0x08005a32        0x2 
 .text.USBD_LL_Suspend
                0x08005a34       0x30 build/usbd_core.o
                0x08005a34                USBD_LL_Suspend
 .text.USBD_LL_Resume
                0x08005a64       0x30 build/usbd_core.o
                0x08005a64                USBD_LL_Resume
 .text.USBD_LL_SOF
                0x08005a94       0x3c build/usbd_core.o
                0x08005a94                USBD_LL_SOF
 .text.USBD_StdDevReq
                0x08005ad0       0xfa build/usbd_ctlreq.o
                0x08005ad0                USBD_StdDevReq
 .text.USBD_StdItfReq
                0x08005bca       0xae build/usbd_ctlreq.o
                0x08005bca                USBD_StdItfReq
 .text.USBD_StdEPReq
                0x08005c78      0x370 build/usbd_ctlreq.o
                0x08005c78                USBD_StdEPReq
 .text.USBD_GetDescriptor
                0x08005fe8      0x392 build/usbd_ctlreq.o
 *fill*         0x0800637a        0x2 
 .text.USBD_SetAddress
                0x0800637c       0xa8 build/usbd_ctlreq.o
 .text.USBD_SetConfig
                0x08006424      0x148 build/usbd_ctlreq.o
 .text.USBD_GetConfig
                0x0800656c       0x76 build/usbd_ctlreq.o
 .text.USBD_GetStatus
                0x080065e2       0x74 build/usbd_ctlreq.o
 .text.USBD_SetFeature
                0x08006656       0x2c build/usbd_ctlreq.o
 .text.USBD_ClrFeature
                0x08006682       0x4c build/usbd_ctlreq.o
 .text.USBD_ParseSetupRequest
                0x080066ce       0x70 build/usbd_ctlreq.o
                0x080066ce                USBD_ParseSetupRequest
 .text.USBD_CtlError
                0x0800673e       0x26 build/usbd_ctlreq.o
                0x0800673e                USBD_CtlError
 .text.USBD_GetString
                0x08006764       0x9c build/usbd_ctlreq.o
                0x08006764                USBD_GetString
 .text.USBD_GetLen
                0x08006800       0x3a build/usbd_ctlreq.o
 .text.USBD_CtlSendData
                0x0800683a       0x40 build/usbd_ioreq.o
                0x0800683a                USBD_CtlSendData
 .text.USBD_CtlContinueSendData
                0x0800687a       0x26 build/usbd_ioreq.o
                0x0800687a                USBD_CtlContinueSendData
 .text.USBD_CtlPrepareRx
                0x080068a0       0x48 build/usbd_ioreq.o
                0x080068a0                USBD_CtlPrepareRx
 .text.USBD_CtlContinueRx
                0x080068e8       0x26 build/usbd_ioreq.o
                0x080068e8                USBD_CtlContinueRx
 .text.USBD_CtlSendStatus
                0x0800690e       0x28 build/usbd_ioreq.o
                0x0800690e                USBD_CtlSendStatus
 .text.USBD_CtlReceiveStatus
                0x08006936       0x28 build/usbd_ioreq.o
                0x08006936                USBD_CtlReceiveStatus
 .text.USBD_CDC_Init
                0x0800695e      0x118 build/usbd_cdc.o
 .text.USBD_CDC_DeInit
                0x08006a76       0x88 build/usbd_cdc.o
 *fill*         0x08006afe        0x2 
 .text.USBD_CDC_Setup
                0x08006b00      0x190 build/usbd_cdc.o
 .text.USBD_CDC_DataIn
                0x08006c90       0xb6 build/usbd_cdc.o
 .text.USBD_CDC_DataOut
                0x08006d46       0x6a build/usbd_cdc.o
 .text.USBD_CDC_EP0_RxReady
                0x08006db0       0x60 build/usbd_cdc.o
 .text.USBD_CDC_GetFSCfgDesc
                0x08006e10       0x1c build/usbd_cdc.o
 .text.USBD_CDC_GetHSCfgDesc
                0x08006e2c       0x1c build/usbd_cdc.o
 .text.USBD_CDC_GetOtherSpeedCfgDesc
                0x08006e48       0x1c build/usbd_cdc.o
 .text.USBD_CDC_GetDeviceQualifierDescriptor
                0x08006e64       0x1c build/usbd_cdc.o
                0x08006e64                USBD_CDC_GetDeviceQualifierDescriptor
 .text.USBD_CDC_RegisterInterface
                0x08006e80       0x36 build/usbd_cdc.o
                0x08006e80                USBD_CDC_RegisterInterface
 .text.USBD_CDC_SetTxBuffer
                0x08006eb6       0x38 build/usbd_cdc.o
                0x08006eb6                USBD_CDC_SetTxBuffer
 .text.USBD_CDC_SetRxBuffer
                0x08006eee       0x28 build/usbd_cdc.o
                0x08006eee                USBD_CDC_SetRxBuffer
 .text.USBD_CDC_TransmitPacket
                0x08006f16       0x6e build/usbd_cdc.o
                0x08006f16                USBD_CDC_TransmitPacket
 .text.USBD_CDC_ReceivePacket
                0x08006f84       0x5c build/usbd_cdc.o
                0x08006f84                USBD_CDC_ReceivePacket
 .text.Reset_Handler
                0x08006fe0       0x50 build/startup_stm32f072xb.o
                0x08006fe0                Reset_Handler
 .text.Default_Handler
                0x08007030        0x2 build/startup_stm32f072xb.o
                0x08007030                TIM1_CC_IRQHandler
                0x08007030                TSC_IRQHandler
                0x08007030                ADC1_COMP_IRQHandler
                0x08007030                I2C1_IRQHandler
                0x08007030                RCC_CRS_IRQHandler
                0x08007030                SPI1_IRQHandler
                0x08007030                TIM6_DAC_IRQHandler
                0x08007030                USART3_4_IRQHandler
                0x08007030                EXTI2_3_IRQHandler
                0x08007030                I2C2_IRQHandler
                0x08007030                TIM17_IRQHandler
                0x08007030                CEC_CAN_IRQHandler
                0x08007030                RTC_IRQHandler
                0x08007030                PVD_VDDIO2_IRQHandler
                0x08007030                DMA1_Channel4_5_6_7_IRQHandler
                0x08007030                TIM16_IRQHandler
                0x08007030                TIM3_IRQHandler
                0x08007030                EXTI4_15_IRQHandler
                0x08007030                DMA1_Channel1_IRQHandler
                0x08007030                Default_Handler
                0x08007030                TIM14_IRQHandler
                0x08007030                TIM7_IRQHandler
                0x08007030                TIM15_IRQHandler
                0x08007030                EXTI0_1_IRQHandler
                0x08007030                SPI2_IRQHandler
                0x08007030                WWDG_IRQHandler
                0x08007030                TIM2_IRQHandler
                0x08007030                DMA1_Channel2_3_IRQHandler
                0x08007030                USART2_IRQHandler
                0x08007030                FLASH_IRQHandler
                0x08007030                USART1_IRQHandler
                0x08007030                TIM1_BRK_UP_TRG_COM_IRQHandler
 *(.glue_7)
 .glue_7        0x08007032        0x0 linker stubs
 *(.glue_7t)
 .glue_7t       0x08007032        0x0 linker stubs
 *(.eh_frame)
 *fill*         0x08007032        0x2 
 .eh_frame      0x08007034        0x0 /home/cyrill/bin/arm-cortexm0-eabi/lib/gcc/arm-cortexm0-eabi/15.2.0/crtbegin.o
 *(.init)
 .init          0x08007034        0x4 /home/cyrill/bin/arm-cortexm0-eabi/lib/gcc/arm-cortexm0-eabi/15.2.0/crti.o
                0x08007034                _init
 .init          0x08007038        0x8 /home/cyrill/bin/arm-cortexm0-eabi/lib/gcc/arm-cortexm0-eabi/15.2.0/crtn.o
 *(.fini)
 .fini          0x08007040        0x4 /home/cyrill/bin/arm-cortexm0-eabi/lib/gcc/arm-cortexm0-eabi/15.2.0/crti.o
                0x08007040                _fini
 .fini          0x08007044        0x8 /home/cyrill/bin/arm-cortexm0-eabi/lib/gcc/arm-cortexm0-eabi/15.2.0/crtn.o
                0x0800704c                        . = ALIGN (0x4)
                0x0800704c                        _etext = .

.vfp11_veneer   0x0800704c        0x0
 .vfp11_veneer  0x0800704c        0x0 linker stubs

.v4_bx          0x0800704c        0x0
 .v4_bx         0x0800704c        0x0 linker stubs

.iplt           0x0800704c        0x0
 .iplt          0x0800704c        0x0 /home/cyrill/bin/arm-cortexm0-eabi/lib/gcc/arm-cortexm0-eabi/15.2.0/crtbegin.o

.rodata         0x0800704c       0x58
                0x0800704c                        . = ALIGN (0x4)
 *(.rodata)
 .rodata        0x0800704c        0xd build/main.o
 *fill*         0x08007059        0x3 
 .rodata        0x0800705c       0x46 build/usbd_desc.o
 *(.rodata*)
                0x080070a4                        . = ALIGN (0x4)
 *fill*         0x080070a2        0x2 

.ARM.extab      0x080070a4        0x0
                0x080070a4                        . = ALIGN (0x4)
 *(.ARM.extab* .gnu.linkonce.armextab.*)
                0x080070a4                        . = ALIGN (0x4)

.ARM            0x080070a4        0x0
                0x080070a4                        . = ALIGN (0x4)
                0x080070a4                        __exidx_start = .
 *(.ARM.exidx*)
                0x080070a4                        __exidx_end = .
                0x080070a4                        . = ALIGN (0x4)

.preinit_array  0x080070a4        0x0
                0x080070a4                        . = ALIGN (0x4)
                0x080070a4                        PROVIDE (__preinit_array_start = .)
 *(.preinit_array*)
                0x080070a4                        PROVIDE (__preinit_array_end = .)
                0x080070a4                        . = ALIGN (0x4)

.init_array     0x080070a4        0x4
                0x080070a4                        . = ALIGN (0x4)
                0x080070a4                        PROVIDE (__init_array_start = .)
 *(SORT_BY_NAME(.init_array.*))
 *(.init_array*)
 .init_array    0x080070a4        0x4 /home/cyrill/bin/arm-cortexm0-eabi/lib/gcc/arm-cortexm0-eabi/15.2.0/crtbegin.o
                0x080070a8                        PROVIDE (__init_array_end = .)
                0x080070a8                        . = ALIGN (0x4)

.fini_array     0x080070a8        0x4
                0x080070a8                        . = ALIGN (0x4)
                0x080070a8                        PROVIDE (__fini_array_start = .)
 *(SORT_BY_NAME(.fini_array.*))
 *(.fini_array*)
 .fini_array    0x080070a8        0x4 /home/cyrill/bin/arm-cortexm0-eabi/lib/gcc/arm-cortexm0-eabi/15.2.0/crtbegin.o
                0x080070ac                        PROVIDE (__fini_array_end = .)
                0x080070ac                        . = ALIGN (0x4)
                0x080070ac                        _sidata = LOADADDR (.data)

.rel.dyn        0x080070ac        0x0
 .rel.iplt      0x080070ac        0x0 /home/cyrill/bin/arm-cortexm0-eabi/lib/gcc/arm-cortexm0-eabi/15.2.0/crtbegin.o

.data           0x20000000      0x17c load address 0x080070ac
                0x20000000                        . = ALIGN (0x4)
                0x20000000                        _sdata = .
 *(.data)
 *(.data*)
 .data.uwTickPrio
                0x20000000        0x4 build/stm32f0xx_hal.o
                0x20000000                uwTickPrio
 .data.uwTickFreq
                0x20000004        0x1 build/stm32f0xx_hal.o
                0x20000004                uwTickFreq
 *fill*         0x20000005        0x3 
 .data.SystemCoreClock
                0x20000008        0x4 build/system_stm32f0xx.o
                0x20000008                SystemCoreClock
 .data.FS_Desc  0x2000000c       0x1c build/usbd_desc.o
                0x2000000c                FS_Desc
 .data.USBD_FS_DeviceDesc
                0x20000028       0x12 build/usbd_desc.o
                0x20000028                USBD_FS_DeviceDesc
 *fill*         0x2000003a        0x2 
 .data.USBD_LangIDDesc
                0x2000003c        0x4 build/usbd_desc.o
                0x2000003c                USBD_LangIDDesc
 .data.USBD_StringSerial
                0x20000040       0x1a build/usbd_desc.o
                0x20000040                USBD_StringSerial
 *fill*         0x2000005a        0x2 
 .data.USBD_Interface_fops_FS
                0x2000005c       0x10 build/usbd_cdc_if.o
                0x2000005c                USBD_Interface_fops_FS
 .data.USBD_CDC_DeviceQualifierDesc
                0x2000006c        0xa build/usbd_cdc.o
 *fill*         0x20000076        0x2 
 .data.USBD_CDC
                0x20000078       0x38 build/usbd_cdc.o
                0x20000078                USBD_CDC
 .data.USBD_CDC_CfgHSDesc
                0x200000b0       0x43 build/usbd_cdc.o
                0x200000b0                USBD_CDC_CfgHSDesc
 *fill*         0x200000f3        0x1 
 .data.USBD_CDC_CfgFSDesc
                0x200000f4       0x43 build/usbd_cdc.o
                0x200000f4                USBD_CDC_CfgFSDesc
 *fill*         0x20000137        0x1 
 .data.USBD_CDC_OtherSpeedCfgDesc
                0x20000138       0x43 build/usbd_cdc.o
                0x20000138                USBD_CDC_OtherSpeedCfgDesc
 *(.RamFunc)
 *(.RamFunc*)
                0x2000017c                        . = ALIGN (0x4)
 *fill*         0x2000017b        0x1 
                0x2000017c                        _edata = .

.tm_clone_table
                0x2000017c        0x0 load address 0x08007228
 .tm_clone_table
                0x2000017c        0x0 /home/cyrill/bin/arm-cortexm0-eabi/lib/gcc/arm-cortexm0-eabi/15.2.0/crtbegin.o
 .tm_clone_table
                0x2000017c        0x0 /home/cyrill/bin/arm-cortexm0-eabi/lib/gcc/arm-cortexm0-eabi/15.2.0/crtend.o

.igot.plt       0x2000017c        0x0 load address 0x08007228
 .igot.plt      0x2000017c        0x0 /home/cyrill/bin/arm-cortexm0-eabi/lib/gcc/arm-cortexm0-eabi/15.2.0/crtbegin.o
                0x2000017c                        . = ALIGN (0x4)

.bss            0x2000017c     0x11e4 load address 0x08007228
                0x2000017c                        _sbss = .
                0x2000017c                        __bss_start__ = _sbss
 *(.bss)
 .bss           0x2000017c       0x1c /home/cyrill/bin/arm-cortexm0-eabi/lib/gcc/arm-cortexm0-eabi/15.2.0/crtbegin.o
 *(.bss*)
 .bss.uwTick    0x20000198        0x4 build/stm32f0xx_hal.o
                0x20000198                uwTick
 .bss.hUsbDeviceFS
                0x2000019c      0x2c4 build/usb_device.o
                0x2000019c                hUsbDeviceFS
 .bss.USBD_StrDesc
                0x20000460      0x200 build/usbd_desc.o
                0x20000460                USBD_StrDesc
 .bss.UserRxBufferFS
                0x20000660      0x400 build/usbd_cdc_if.o
                0x20000660                UserRxBufferFS
 .bss.UserTxBufferFS
                0x20000a60      0x400 build/usbd_cdc_if.o
                0x20000a60                UserTxBufferFS
 .bss.hpcd_USB_FS
                0x20000e60      0x2dc build/usbd_conf.o
                0x20000e60                hpcd_USB_FS
 .bss.mem.0     0x2000113c      0x220 build/usbd_conf.o
 .bss.cfgidx.0  0x2000135c        0x1 build/usbd_ctlreq.o
 *(COMMON)
                0x20001360                        . = ALIGN (0x4)
 *fill*         0x2000135d        0x3 
                0x20001360                        _ebss = .
                0x20001360                        __bss_end__ = _ebss

._user_heap_stack
                0x20001360      0x600 load address 0x08007228
                0x20001360                        . = ALIGN (0x8)
                0x20001360                        PROVIDE (end = .)
                0x20001360                        PROVIDE (_end = .)
                0x20001560                        . = (. + _Min_Heap_Size)
 *fill*         0x20001360      0x200 
                0x20001960                        . = (. + _Min_Stack_Size)
 *fill*         0x20001560      0x400 
                0x20001960                        . = ALIGN (0x8)

/DISCARD/
 libc.a(*)
 libm.a(*)
 libgcc.a(*)
OUTPUT(build/Check.elf elf32-littlearm)
LOAD linker stubs
LOAD /home/cyrill/bin/arm-cortexm0-eabi/lib/gcc/arm-cortexm0-eabi/15.2.0/../../../../arm-cortexm0-eabi/lib/libc.a
LOAD /home/cyrill/bin/arm-cortexm0-eabi/lib/gcc/arm-cortexm0-eabi/15.2.0/../../../../arm-cortexm0-eabi/lib/libm.a
LOAD /home/cyrill/bin/arm-cortexm0-eabi/lib/gcc/arm-cortexm0-eabi/15.2.0/libgcc.a

.ARM.attributes
                0x00000000       0x28
 .ARM.attributes
                0x00000000       0x1e /home/cyrill/bin/arm-cortexm0-eabi/lib/gcc/arm-cortexm0-eabi/15.2.0/crti.o
 .ARM.attributes
                0x0000001e       0x2c /home/cyrill/bin/arm-cortexm0-eabi/lib/gcc/arm-cortexm0-eabi/15.2.0/crtbegin.o
 .ARM.attributes
                0x0000004a       0x2c build/main.o
 .ARM.attributes
                0x00000076       0x2c build/stm32f0xx_it.o
 .ARM.attributes
                0x000000a2       0x2c build/stm32f0xx_hal_msp.o
 .ARM.attributes
                0x000000ce       0x2c build/stm32f0xx_ll_usb.o
 .ARM.attributes
                0x000000fa       0x2c build/stm32f0xx_hal.o
 .ARM.attributes
                0x00000126       0x2c build/stm32f0xx_hal_cortex.o
 .ARM.attributes
                0x00000152       0x2c build/stm32f0xx_hal_pcd.o
 .ARM.attributes
                0x0000017e       0x2c build/stm32f0xx_hal_pcd_ex.o
 .ARM.attributes
                0x000001aa       0x2c build/system_stm32f0xx.o
 .ARM.attributes
                0x000001d6       0x2c build/stm32f0xx_ll_gpio.o
 .ARM.attributes
                0x00000202       0x2c build/stm32f0xx_ll_utils.o
 .ARM.attributes
                0x0000022e       0x2c build/usb_device.o
 .ARM.attributes
                0x0000025a       0x2c build/usbd_desc.o
 .ARM.attributes
                0x00000286       0x2c build/usbd_cdc_if.o
 .ARM.attributes
                0x000002b2       0x2c build/usbd_conf.o
 .ARM.attributes
                0x000002de       0x2c build/usbd_core.o
 .ARM.attributes
                0x0000030a       0x2c build/usbd_ctlreq.o
 .ARM.attributes
                0x00000336       0x2c build/usbd_ioreq.o
 .ARM.attributes
                0x00000362       0x2c build/usbd_cdc.o
 .ARM.attributes
                0x0000038e       0x21 build/startup_stm32f072xb.o
 .ARM.attributes
                0x000003af       0x2c /home/cyrill/bin/arm-cortexm0-eabi/lib/gcc/arm-cortexm0-eabi/15.2.0/../../../../arm-cortexm0-eabi/lib/libc.a(libc_a-init.o)
 .ARM.attributes
                0x000003db       0x1e /home/cyrill/bin/arm-cortexm0-eabi/lib/gcc/arm-cortexm0-eabi/15.2.0/libgcc.a(_udivsi3.o)
 .ARM.attributes
                0x000003f9       0x1e /home/cyrill/bin/arm-cortexm0-eabi/lib/gcc/arm-cortexm0-eabi/15.2.0/libgcc.a(_dvmd_tls.o)
 .ARM.attributes
                0x00000417       0x2c /home/cyrill/bin/arm-cortexm0-eabi/lib/gcc/arm-cortexm0-eabi/15.2.0/crtend.o
 .ARM.attributes
                0x00000443       0x1e /home/cyrill/bin/arm-cortexm0-eabi/lib/gcc/arm-cortexm0-eabi/15.2.0/crtn.o

.comment        0x00000000       0x36
 .comment       0x00000000       0x36 /home/cyrill/bin/arm-cortexm0-eabi/lib/gcc/arm-cortexm0-eabi/15.2.0/crtbegin.o
                                 0x37 (size before relaxing)
 .comment       0x00000036       0x37 build/main.o
 .comment       0x00000036       0x37 build/stm32f0xx_it.o
 .comment       0x00000036       0x37 build/stm32f0xx_hal_msp.o
 .comment       0x00000036       0x37 build/stm32f0xx_ll_usb.o
 .comment       0x00000036       0x37 build/stm32f0xx_hal.o
 .comment       0x00000036       0x37 build/stm32f0xx_hal_cortex.o
 .comment       0x00000036       0x37 build/stm32f0xx_hal_pcd.o
 .comment       0x00000036       0x37 build/stm32f0xx_hal_pcd_ex.o
 .comment       0x00000036       0x37 build/system_stm32f0xx.o
 .comment       0x00000036       0x37 build/stm32f0xx_ll_gpio.o
 .comment       0x00000036       0x37 build/stm32f0xx_ll_utils.o
 .comment       0x00000036       0x37 build/usb_device.o
 .comment       0x00000036       0x37 build/usbd_desc.o
 .comment       0x00000036       0x37 build/usbd_cdc_if.o
 .comment       0x00000036       0x37 build/usbd_conf.o
 .comment       0x00000036       0x37 build/usbd_core.o
 .comment       0x00000036       0x37 build/usbd_ctlreq.o
 .comment       0x00000036       0x37 build/usbd_ioreq.o
 .comment       0x00000036       0x37 build/usbd_cdc.o
 .comment       0x00000036       0x37 /home/cyrill/bin/arm-cortexm0-eabi/lib/gcc/arm-cortexm0-eabi/15.2.0/../../../../arm-cortexm0-eabi/lib/libc.a(libc_a-init.o)
 .comment       0x00000036       0x37 /home/cyrill/bin/arm-cortexm0-eabi/lib/gcc/arm-cortexm0-eabi/15.2.0/crtend.o

.debug_line     0x00000000      0x286
 .debug_line    0x00000000       0x77 build/startup_stm32f072xb.o
 .debug_line    0x00000077      0x164 /home/cyrill/bin/arm-cortexm0-eabi/lib/gcc/arm-cortexm0-eabi/15.2.0/../../../../arm-cortexm0-eabi/lib/libc.a(libc_a-init.o)
 .debug_line    0x000001db       0x61 /home/cyrill/bin/arm-cortexm0-eabi/lib/gcc/arm-cortexm0-eabi/15.2.0/libgcc.a(_udivsi3.o)
 .debug_line    0x0000023c       0x4a /home/cyrill/bin/arm-cortexm0-eabi/lib/gcc/arm-cortexm0-eabi/15.2.0/libgcc.a(_dvmd_tls.o)

.debug_info     0x00000000      0x1b9
 .debug_info    0x00000000       0x30 build/startup_stm32f072xb.o
 .debug_info    0x00000030      0x110 /home/cyrill/bin/arm-cortexm0-eabi/lib/gcc/arm-cortexm0-eabi/15.2.0/../../../../arm-cortexm0-eabi/lib/libc.a(libc_a-init.o)
 .debug_info    0x00000140       0x3d /home/cyrill/bin/arm-cortexm0-eabi/lib/gcc/arm-cortexm0-eabi/15.2.0/libgcc.a(_udivsi3.o)
 .debug_info    0x0000017d       0x3c /home/cyrill/bin/arm-cortexm0-eabi/lib/gcc/arm-cortexm0-eabi/15.2.0/libgcc.a(_dvmd_tls.o)

.debug_abbrev   0x00000000      0x13a
 .debug_abbrev  0x00000000       0x1d build/startup_stm32f072xb.o
 .debug_abbrev  0x0000001d       0xcf /home/cyrill/bin/arm-cortexm0-eabi/lib/gcc/arm-cortexm0-eabi/15.2.0/../../../../arm-cortexm0-eabi/lib/libc.a(libc_a-init.o)
 .debug_abbrev  0x000000ec       0x28 /home/cyrill/bin/arm-cortexm0-eabi/lib/gcc/arm-cortexm0-eabi/15.2.0/libgcc.a(_udivsi3.o)
 .debug_abbrev  0x00000114       0x26 /home/cyrill/bin/arm-cortexm0-eabi/lib/gcc/arm-cortexm0-eabi/15.2.0/libgcc.a(_dvmd_tls.o)

.debug_aranges  0x00000000       0x88
 .debug_aranges
                0x00000000       0x28 build/startup_stm32f072xb.o
 .debug_aranges
                0x00000028       0x20 /home/cyrill/bin/arm-cortexm0-eabi/lib/gcc/arm-cortexm0-eabi/15.2.0/../../../../arm-cortexm0-eabi/lib/libc.a(libc_a-init.o)
 .debug_aranges
                0x00000048       0x20 /home/cyrill/bin/arm-cortexm0-eabi/lib/gcc/arm-cortexm0-eabi/15.2.0/libgcc.a(_udivsi3.o)
 .debug_aranges
                0x00000068       0x20 /home/cyrill/bin/arm-cortexm0-eabi/lib/gcc/arm-cortexm0-eabi/15.2.0/libgcc.a(_dvmd_tls.o)

.debug_str      0x00000000      0x31b
 .debug_str     0x00000000       0x53 build/startup_stm32f072xb.o
 .debug_str     0x00000053      0x1db /home/cyrill/bin/arm-cortexm0-eabi/lib/gcc/arm-cortexm0-eabi/15.2.0/../../../../arm-cortexm0-eabi/lib/libc.a(libc_a-init.o)
                                0x214 (size before relaxing)
 .debug_str     0x0000022e       0xd1 /home/cyrill/bin/arm-cortexm0-eabi/lib/gcc/arm-cortexm0-eabi/15.2.0/libgcc.a(_udivsi3.o)
                                 0xdd (size before relaxing)
 .debug_str     0x000002ff       0x1c /home/cyrill/bin/arm-cortexm0-eabi/lib/gcc/arm-cortexm0-eabi/15.2.0/libgcc.a(_dvmd_tls.o)
                                 0xde (size before relaxing)

.debug_ranges   0x00000000       0x20
 .debug_ranges  0x00000000       0x20 build/startup_stm32f072xb.o

.debug_loclists
                0x00000000       0x51
 .debug_loclists
                0x00000000       0x51 /home/cyrill/bin/arm-cortexm0-eabi/lib/gcc/arm-cortexm0-eabi/15.2.0/../../../../arm-cortexm0-eabi/lib/libc.a(libc_a-init.o)

.debug_frame    0x00000000       0x4c
 .debug_frame   0x00000000       0x2c /home/cyrill/bin/arm-cortexm0-eabi/lib/gcc/arm-cortexm0-eabi/15.2.0/../../../../arm-cortexm0-eabi/lib/libc.a(libc_a-init.o)
 .debug_frame   0x0000002c       0x20 /home/cyrill/bin/arm-cortexm0-eabi/lib/gcc/arm-cortexm0-eabi/15.2.0/libgcc.a(_udivsi3.o)

.debug_line_str
                0x00000000       0xb6
 .debug_line_str
                0x00000000       0xb6 /home/cyrill/bin/arm-cortexm0-eabi/lib/gcc/arm-cortexm0-eabi/15.2.0/libgcc.a(_udivsi3.o)
 .debug_line_str
                0x000000b6       0xb6 /home/cyrill/bin/arm-cortexm0-eabi/lib/gcc/arm-cortexm0-eabi/15.2.0/libgcc.a(_dvmd_tls.o)

Cross Reference Table

Symbol                                            File
ADC1_COMP_IRQHandler                              build/startup_stm32f072xb.o
AHBPrescTable                                     build/system_stm32f0xx.o
                                                  build/stm32f0xx_ll_utils.o
                                                  build/stm32f0xx_ll_rcc.o
                                                  build/stm32f0xx_hal_rcc.o
APBPrescTable                                     build/system_stm32f0xx.o
                                                  build/stm32f0xx_ll_rcc.o
                                                  build/stm32f0xx_hal_rcc.o
CDC_Transmit_FS                                   build/usbd_cdc_if.o
                                                  build/main.o
CEC_CAN_IRQHandler                                build/startup_stm32f072xb.o
DMA1_Channel1_IRQHandler                          build/startup_stm32f072xb.o
DMA1_Channel2_3_IRQHandler                        build/startup_stm32f072xb.o
DMA1_Channel4_5_6_7_IRQHandler                    build/startup_stm32f072xb.o
Default_Handler                                   build/startup_stm32f072xb.o
EXTI0_1_IRQHandler                                build/startup_stm32f072xb.o
EXTI2_3_IRQHandler                                build/startup_stm32f072xb.o
EXTI4_15_IRQHandler                               build/startup_stm32f072xb.o
Error_Handler                                     build/main.o
                                                  build/usbd_conf.o
                                                  build/usb_device.o
FLASH_IRQHandler                                  build/startup_stm32f072xb.o
FLASH_PageErase                                   build/stm32f0xx_hal_flash_ex.o
                                                  build/stm32f0xx_hal_flash.o
FLASH_WaitForLastOperation                        build/stm32f0xx_hal_flash.o
                                                  build/stm32f0xx_hal_flash_ex.o
FS_Desc                                           build/usbd_desc.o
                                                  build/usb_device.o
HAL_DBGMCU_DisableDBGStandbyMode                  build/stm32f0xx_hal.o
HAL_DBGMCU_DisableDBGStopMode                     build/stm32f0xx_hal.o
HAL_DBGMCU_EnableDBGStandbyMode                   build/stm32f0xx_hal.o
HAL_DBGMCU_EnableDBGStopMode                      build/stm32f0xx_hal.o
HAL_DMA_Abort                                     build/stm32f0xx_hal_dma.o
HAL_DMA_Abort_IT                                  build/stm32f0xx_hal_dma.o
                                                  build/stm32f0xx_hal_i2c.o
HAL_DMA_DeInit                                    build/stm32f0xx_hal_dma.o
HAL_DMA_GetError                                  build/stm32f0xx_hal_dma.o
HAL_DMA_GetState                                  build/stm32f0xx_hal_dma.o
                                                  build/stm32f0xx_hal_i2c.o
HAL_DMA_IRQHandler                                build/stm32f0xx_hal_dma.o
HAL_DMA_Init                                      build/stm32f0xx_hal_dma.o
HAL_DMA_PollForTransfer                           build/stm32f0xx_hal_dma.o
HAL_DMA_RegisterCallback                          build/stm32f0xx_hal_dma.o
HAL_DMA_Start                                     build/stm32f0xx_hal_dma.o
HAL_DMA_Start_IT                                  build/stm32f0xx_hal_dma.o
                                                  build/stm32f0xx_hal_i2c.o
HAL_DMA_UnRegisterCallback                        build/stm32f0xx_hal_dma.o
HAL_DeInit                                        build/stm32f0xx_hal.o
HAL_Delay                                         build/stm32f0xx_hal.o
                                                  build/usbd_conf.o
                                                  build/stm32f0xx_hal_pcd_ex.o
                                                  build/main.o
HAL_EXTI_ClearConfigLine                          build/stm32f0xx_hal_exti.o
HAL_EXTI_ClearPending                             build/stm32f0xx_hal_exti.o
HAL_EXTI_GenerateSWI                              build/stm32f0xx_hal_exti.o
HAL_EXTI_GetConfigLine                            build/stm32f0xx_hal_exti.o
HAL_EXTI_GetHandle                                build/stm32f0xx_hal_exti.o
HAL_EXTI_GetPending                               build/stm32f0xx_hal_exti.o
HAL_EXTI_IRQHandler                               build/stm32f0xx_hal_exti.o
HAL_EXTI_RegisterCallback                         build/stm32f0xx_hal_exti.o
HAL_EXTI_SetConfigLine                            build/stm32f0xx_hal_exti.o
HAL_FLASHEx_Erase                                 build/stm32f0xx_hal_flash_ex.o
HAL_FLASHEx_Erase_IT                              build/stm32f0xx_hal_flash_ex.o
HAL_FLASHEx_OBErase                               build/stm32f0xx_hal_flash_ex.o
HAL_FLASHEx_OBGetConfig                           build/stm32f0xx_hal_flash_ex.o
HAL_FLASHEx_OBGetUserData                         build/stm32f0xx_hal_flash_ex.o
HAL_FLASHEx_OBProgram                             build/stm32f0xx_hal_flash_ex.o
HAL_FLASH_EndOfOperationCallback                  build/stm32f0xx_hal_flash.o
HAL_FLASH_GetError                                build/stm32f0xx_hal_flash.o
HAL_FLASH_IRQHandler                              build/stm32f0xx_hal_flash.o
HAL_FLASH_Lock                                    build/stm32f0xx_hal_flash.o
HAL_FLASH_OB_Launch                               build/stm32f0xx_hal_flash.o
HAL_FLASH_OB_Lock                                 build/stm32f0xx_hal_flash.o
HAL_FLASH_OB_Unlock                               build/stm32f0xx_hal_flash.o
HAL_FLASH_OperationErrorCallback                  build/stm32f0xx_hal_flash.o
HAL_FLASH_Program                                 build/stm32f0xx_hal_flash.o
HAL_FLASH_Program_IT                              build/stm32f0xx_hal_flash.o
HAL_FLASH_Unlock                                  build/stm32f0xx_hal_flash.o
HAL_GPIO_DeInit                                   build/stm32f0xx_hal_gpio.o
HAL_GPIO_EXTI_Callback                            build/stm32f0xx_hal_gpio.o
HAL_GPIO_EXTI_IRQHandler                          build/stm32f0xx_hal_gpio.o
HAL_GPIO_Init                                     build/stm32f0xx_hal_gpio.o
                                                  build/stm32f0xx_hal_rcc.o
HAL_GPIO_LockPin                                  build/stm32f0xx_hal_gpio.o
HAL_GPIO_ReadPin                                  build/stm32f0xx_hal_gpio.o
HAL_GPIO_TogglePin                                build/stm32f0xx_hal_gpio.o
HAL_GPIO_WritePin                                 build/stm32f0xx_hal_gpio.o
HAL_GetDEVID                                      build/stm32f0xx_hal.o
HAL_GetHalVersion                                 build/stm32f0xx_hal.o
HAL_GetREVID                                      build/stm32f0xx_hal.o
HAL_GetTick                                       build/stm32f0xx_hal.o
                                                  build/stm32f0xx_hal_pcd_ex.o
                                                  build/stm32f0xx_hal_flash.o
                                                  build/stm32f0xx_hal_dma.o
                                                  build/stm32f0xx_hal_rcc_ex.o
                                                  build/stm32f0xx_hal_rcc.o
                                                  build/stm32f0xx_hal_i2c.o
HAL_GetTickFreq                                   build/stm32f0xx_hal.o
HAL_GetTickPrio                                   build/stm32f0xx_hal.o
HAL_GetUIDw0                                      build/stm32f0xx_hal.o
HAL_GetUIDw1                                      build/stm32f0xx_hal.o
HAL_GetUIDw2                                      build/stm32f0xx_hal.o
HAL_I2CEx_ConfigAnalogFilter                      build/stm32f0xx_hal_i2c_ex.o
HAL_I2CEx_ConfigDigitalFilter                     build/stm32f0xx_hal_i2c_ex.o
HAL_I2CEx_DisableFastModePlus                     build/stm32f0xx_hal_i2c_ex.o
HAL_I2CEx_DisableWakeUp                           build/stm32f0xx_hal_i2c_ex.o
HAL_I2CEx_EnableFastModePlus                      build/stm32f0xx_hal_i2c_ex.o
HAL_I2CEx_EnableWakeUp                            build/stm32f0xx_hal_i2c_ex.o
HAL_I2C_AbortCpltCallback                         build/stm32f0xx_hal_i2c.o
HAL_I2C_AddrCallback                              build/stm32f0xx_hal_i2c.o
HAL_I2C_DeInit                                    build/stm32f0xx_hal_i2c.o
HAL_I2C_DisableListen_IT                          build/stm32f0xx_hal_i2c.o
HAL_I2C_ER_IRQHandler                             build/stm32f0xx_hal_i2c.o
HAL_I2C_EV_IRQHandler                             build/stm32f0xx_hal_i2c.o
HAL_I2C_EnableListen_IT                           build/stm32f0xx_hal_i2c.o
HAL_I2C_ErrorCallback                             build/stm32f0xx_hal_i2c.o
HAL_I2C_GetError                                  build/stm32f0xx_hal_i2c.o
HAL_I2C_GetMode                                   build/stm32f0xx_hal_i2c.o
HAL_I2C_GetState                                  build/stm32f0xx_hal_i2c.o
HAL_I2C_Init                                      build/stm32f0xx_hal_i2c.o
HAL_I2C_IsDeviceReady                             build/stm32f0xx_hal_i2c.o
HAL_I2C_ListenCpltCallback                        build/stm32f0xx_hal_i2c.o
HAL_I2C_MasterRxCpltCallback                      build/stm32f0xx_hal_i2c.o
HAL_I2C_MasterTxCpltCallback                      build/stm32f0xx_hal_i2c.o
HAL_I2C_Master_Abort_IT                           build/stm32f0xx_hal_i2c.o
HAL_I2C_Master_Receive                            build/stm32f0xx_hal_i2c.o
HAL_I2C_Master_Receive_DMA                        build/stm32f0xx_hal_i2c.o
HAL_I2C_Master_Receive_IT                         build/stm32f0xx_hal_i2c.o
HAL_I2C_Master_Seq_Receive_DMA                    build/stm32f0xx_hal_i2c.o
HAL_I2C_Master_Seq_Receive_IT                     build/stm32f0xx_hal_i2c.o
HAL_I2C_Master_Seq_Transmit_DMA                   build/stm32f0xx_hal_i2c.o
HAL_I2C_Master_Seq_Transmit_IT                    build/stm32f0xx_hal_i2c.o
HAL_I2C_Master_Transmit                           build/stm32f0xx_hal_i2c.o
HAL_I2C_Master_Transmit_DMA                       build/stm32f0xx_hal_i2c.o
HAL_I2C_Master_Transmit_IT                        build/stm32f0xx_hal_i2c.o
HAL_I2C_MemRxCpltCallback                         build/stm32f0xx_hal_i2c.o
HAL_I2C_MemTxCpltCallback                         build/stm32f0xx_hal_i2c.o
HAL_I2C_Mem_Read                                  build/stm32f0xx_hal_i2c.o
HAL_I2C_Mem_Read_DMA                              build/stm32f0xx_hal_i2c.o
HAL_I2C_Mem_Read_IT                               build/stm32f0xx_hal_i2c.o
HAL_I2C_Mem_Write                                 build/stm32f0xx_hal_i2c.o
HAL_I2C_Mem_Write_DMA                             build/stm32f0xx_hal_i2c.o
HAL_I2C_Mem_Write_IT                              build/stm32f0xx_hal_i2c.o
HAL_I2C_MspDeInit                                 build/stm32f0xx_hal_i2c.o
HAL_I2C_MspInit                                   build/stm32f0xx_hal_i2c.o
HAL_I2C_SlaveRxCpltCallback                       build/stm32f0xx_hal_i2c.o
HAL_I2C_SlaveTxCpltCallback                       build/stm32f0xx_hal_i2c.o
HAL_I2C_Slave_Receive                             build/stm32f0xx_hal_i2c.o
HAL_I2C_Slave_Receive_DMA                         build/stm32f0xx_hal_i2c.o
HAL_I2C_Slave_Receive_IT                          build/stm32f0xx_hal_i2c.o
HAL_I2C_Slave_Seq_Receive_DMA                     build/stm32f0xx_hal_i2c.o
HAL_I2C_Slave_Seq_Receive_IT                      build/stm32f0xx_hal_i2c.o
HAL_I2C_Slave_Seq_Transmit_DMA                    build/stm32f0xx_hal_i2c.o
HAL_I2C_Slave_Seq_Transmit_IT                     build/stm32f0xx_hal_i2c.o
HAL_I2C_Slave_Transmit                            build/stm32f0xx_hal_i2c.o
HAL_I2C_Slave_Transmit_DMA                        build/stm32f0xx_hal_i2c.o
HAL_I2C_Slave_Transmit_IT                         build/stm32f0xx_hal_i2c.o
HAL_IncTick                                       build/stm32f0xx_hal.o
                                                  build/stm32f0xx_it.o
HAL_Init                                          build/stm32f0xx_hal.o
                                                  build/main.o
HAL_InitTick                                      build/stm32f0xx_hal.o
                                                  build/stm32f0xx_hal_rcc.o
                                                  build/main.o
HAL_MspDeInit                                     build/stm32f0xx_hal.o
HAL_MspInit                                       build/stm32f0xx_hal_msp.o
HAL_NVIC_ClearPendingIRQ                          build/stm32f0xx_hal_cortex.o
HAL_NVIC_DisableIRQ                               build/stm32f0xx_hal_cortex.o
                                                  build/usbd_conf.o
HAL_NVIC_EnableIRQ                                build/stm32f0xx_hal_cortex.o
                                                  build/usbd_conf.o
HAL_NVIC_GetPendingIRQ                            build/stm32f0xx_hal_cortex.o
HAL_NVIC_GetPriority                              build/stm32f0xx_hal_cortex.o
HAL_NVIC_SetPendingIRQ                            build/stm32f0xx_hal_cortex.o
HAL_NVIC_SetPriority                              build/stm32f0xx_hal_cortex.o
                                                  build/usbd_conf.o
                                                  build/stm32f0xx_hal.o
HAL_NVIC_SystemReset                              build/stm32f0xx_hal_cortex.o
HAL_PCDEx_ActivateBCD                             build/stm32f0xx_hal_pcd_ex.o
HAL_PCDEx_ActivateLPM                             build/stm32f0xx_hal_pcd_ex.o
                                                  build/stm32f0xx_hal_pcd.o
HAL_PCDEx_BCD_Callback                            build/stm32f0xx_hal_pcd_ex.o
HAL_PCDEx_BCD_VBUSDetect                          build/stm32f0xx_hal_pcd_ex.o
HAL_PCDEx_DeActivateBCD                           build/stm32f0xx_hal_pcd_ex.o
HAL_PCDEx_DeActivateLPM                           build/stm32f0xx_hal_pcd_ex.o
HAL_PCDEx_LPM_Callback                            build/stm32f0xx_hal_pcd_ex.o
                                                  build/stm32f0xx_hal_pcd.o
HAL_PCDEx_PMAConfig                               build/stm32f0xx_hal_pcd_ex.o
                                                  build/usbd_conf.o
HAL_PCD_ActivateRemoteWakeup                      build/stm32f0xx_hal_pcd.o
HAL_PCD_ConnectCallback                           build/usbd_conf.o
                                                  build/stm32f0xx_hal_pcd.o
HAL_PCD_DataInStageCallback                       build/usbd_conf.o
                                                  build/stm32f0xx_hal_pcd.o
HAL_PCD_DataOutStageCallback                      build/usbd_conf.o
                                                  build/stm32f0xx_hal_pcd.o
HAL_PCD_DeActivateRemoteWakeup                    build/stm32f0xx_hal_pcd.o
HAL_PCD_DeInit                                    build/stm32f0xx_hal_pcd.o
                                                  build/usbd_conf.o
HAL_PCD_DevConnect                                build/stm32f0xx_hal_pcd.o
HAL_PCD_DevDisconnect                             build/stm32f0xx_hal_pcd.o
HAL_PCD_DisconnectCallback                        build/usbd_conf.o
                                                  build/stm32f0xx_hal_pcd.o
HAL_PCD_EP_Abort                                  build/stm32f0xx_hal_pcd.o
HAL_PCD_EP_Close                                  build/stm32f0xx_hal_pcd.o
                                                  build/usbd_conf.o
HAL_PCD_EP_ClrStall                               build/stm32f0xx_hal_pcd.o
                                                  build/usbd_conf.o
HAL_PCD_EP_Flush                                  build/stm32f0xx_hal_pcd.o
                                                  build/usbd_conf.o
HAL_PCD_EP_GetRxCount                             build/stm32f0xx_hal_pcd.o
                                                  build/usbd_conf.o
HAL_PCD_EP_Open                                   build/stm32f0xx_hal_pcd.o
                                                  build/usbd_conf.o
HAL_PCD_EP_Receive                                build/stm32f0xx_hal_pcd.o
                                                  build/usbd_conf.o
HAL_PCD_EP_SetStall                               build/stm32f0xx_hal_pcd.o
                                                  build/usbd_conf.o
HAL_PCD_EP_Transmit                               build/stm32f0xx_hal_pcd.o
                                                  build/usbd_conf.o
HAL_PCD_GetState                                  build/stm32f0xx_hal_pcd.o
HAL_PCD_IRQHandler                                build/stm32f0xx_hal_pcd.o
                                                  build/stm32f0xx_it.o
HAL_PCD_ISOINIncompleteCallback                   build/usbd_conf.o
                                                  build/stm32f0xx_hal_pcd.o
HAL_PCD_ISOOUTIncompleteCallback                  build/usbd_conf.o
                                                  build/stm32f0xx_hal_pcd.o
HAL_PCD_Init                                      build/stm32f0xx_hal_pcd.o
                                                  build/usbd_conf.o
HAL_PCD_MspDeInit                                 build/usbd_conf.o
                                                  build/stm32f0xx_hal_pcd.o
HAL_PCD_MspInit                                   build/usbd_conf.o
                                                  build/stm32f0xx_hal_pcd.o
HAL_PCD_ResetCallback                             build/usbd_conf.o
                                                  build/stm32f0xx_hal_pcd.o
HAL_PCD_ResumeCallback                            build/usbd_conf.o
                                                  build/stm32f0xx_hal_pcd.o
HAL_PCD_SOFCallback                               build/usbd_conf.o
                                                  build/stm32f0xx_hal_pcd.o
HAL_PCD_SetAddress                                build/stm32f0xx_hal_pcd.o
                                                  build/usbd_conf.o
HAL_PCD_SetupStageCallback                        build/usbd_conf.o
                                                  build/stm32f0xx_hal_pcd.o
HAL_PCD_Start                                     build/stm32f0xx_hal_pcd.o
                                                  build/usbd_conf.o
HAL_PCD_Stop                                      build/stm32f0xx_hal_pcd.o
                                                  build/usbd_conf.o
HAL_PCD_SuspendCallback                           build/usbd_conf.o
                                                  build/stm32f0xx_hal_pcd.o
HAL_PWREx_DisableVddio2Monitor                    build/stm32f0xx_hal_pwr_ex.o
HAL_PWREx_EnableVddio2Monitor                     build/stm32f0xx_hal_pwr_ex.o
HAL_PWREx_Vddio2MonitorCallback                   build/stm32f0xx_hal_pwr_ex.o
HAL_PWREx_Vddio2Monitor_IRQHandler                build/stm32f0xx_hal_pwr_ex.o
HAL_PWR_ConfigPVD                                 build/stm32f0xx_hal_pwr_ex.o
HAL_PWR_DeInit                                    build/stm32f0xx_hal_pwr.o
HAL_PWR_DisableBkUpAccess                         build/stm32f0xx_hal_pwr.o
HAL_PWR_DisablePVD                                build/stm32f0xx_hal_pwr_ex.o
HAL_PWR_DisableSEVOnPend                          build/stm32f0xx_hal_pwr.o
HAL_PWR_DisableSleepOnExit                        build/stm32f0xx_hal_pwr.o
HAL_PWR_DisableWakeUpPin                          build/stm32f0xx_hal_pwr.o
HAL_PWR_EnableBkUpAccess                          build/stm32f0xx_hal_pwr.o
HAL_PWR_EnablePVD                                 build/stm32f0xx_hal_pwr_ex.o
HAL_PWR_EnableSEVOnPend                           build/stm32f0xx_hal_pwr.o
HAL_PWR_EnableSleepOnExit                         build/stm32f0xx_hal_pwr.o
HAL_PWR_EnableWakeUpPin                           build/stm32f0xx_hal_pwr.o
HAL_PWR_EnterSLEEPMode                            build/stm32f0xx_hal_pwr.o
HAL_PWR_EnterSTANDBYMode                          build/stm32f0xx_hal_pwr.o
HAL_PWR_EnterSTOPMode                             build/stm32f0xx_hal_pwr.o
HAL_PWR_PVDCallback                               build/stm32f0xx_hal_pwr_ex.o
HAL_PWR_PVD_IRQHandler                            build/stm32f0xx_hal_pwr_ex.o
HAL_RCCEx_CRSConfig                               build/stm32f0xx_hal_rcc_ex.o
HAL_RCCEx_CRSGetSynchronizationInfo               build/stm32f0xx_hal_rcc_ex.o
HAL_RCCEx_CRSSoftwareSynchronizationGenerate      build/stm32f0xx_hal_rcc_ex.o
HAL_RCCEx_CRSWaitSynchronization                  build/stm32f0xx_hal_rcc_ex.o
HAL_RCCEx_CRS_ErrorCallback                       build/stm32f0xx_hal_rcc_ex.o
HAL_RCCEx_CRS_ExpectedSyncCallback                build/stm32f0xx_hal_rcc_ex.o
HAL_RCCEx_CRS_IRQHandler                          build/stm32f0xx_hal_rcc_ex.o
HAL_RCCEx_CRS_SyncOkCallback                      build/stm32f0xx_hal_rcc_ex.o
HAL_RCCEx_CRS_SyncWarnCallback                    build/stm32f0xx_hal_rcc_ex.o
HAL_RCCEx_GetPeriphCLKConfig                      build/stm32f0xx_hal_rcc_ex.o
HAL_RCCEx_GetPeriphCLKFreq                        build/stm32f0xx_hal_rcc_ex.o
HAL_RCCEx_PeriphCLKConfig                         build/stm32f0xx_hal_rcc_ex.o
HAL_RCC_CSSCallback                               build/stm32f0xx_hal_rcc.o
HAL_RCC_ClockConfig                               build/stm32f0xx_hal_rcc.o
HAL_RCC_DeInit                                    build/stm32f0xx_hal_rcc.o
HAL_RCC_DisableCSS                                build/stm32f0xx_hal_rcc.o
HAL_RCC_EnableCSS                                 build/stm32f0xx_hal_rcc.o
HAL_RCC_GetClockConfig                            build/stm32f0xx_hal_rcc.o
HAL_RCC_GetHCLKFreq                               build/stm32f0xx_hal_rcc.o
HAL_RCC_GetOscConfig                              build/stm32f0xx_hal_rcc.o
HAL_RCC_GetPCLK1Freq                              build/stm32f0xx_hal_rcc.o
                                                  build/stm32f0xx_hal_rcc_ex.o
HAL_RCC_GetSysClockFreq                           build/stm32f0xx_hal_rcc.o
                                                  build/stm32f0xx_hal_rcc_ex.o
HAL_RCC_MCOConfig                                 build/stm32f0xx_hal_rcc.o
HAL_RCC_NMI_IRQHandler                            build/stm32f0xx_hal_rcc.o
HAL_RCC_OscConfig                                 build/stm32f0xx_hal_rcc.o
HAL_ResumeTick                                    build/stm32f0xx_hal.o
HAL_SYSTICK_CLKSourceConfig                       build/stm32f0xx_hal_cortex.o
HAL_SYSTICK_Callback                              build/stm32f0xx_hal_cortex.o
HAL_SYSTICK_Config                                build/stm32f0xx_hal_cortex.o
                                                  build/stm32f0xx_hal.o
HAL_SYSTICK_IRQHandler                            build/stm32f0xx_hal_cortex.o
HAL_SetTickFreq                                   build/stm32f0xx_hal.o
HAL_SuspendTick                                   build/stm32f0xx_hal.o
HardFault_Handler                                 build/stm32f0xx_it.o
I2C1_IRQHandler                                   build/startup_stm32f072xb.o
I2C2_IRQHandler                                   build/startup_stm32f072xb.o
LL_DMA_DeInit                                     build/stm32f0xx_ll_dma.o
LL_DMA_Init                                       build/stm32f0xx_ll_dma.o
LL_DMA_StructInit                                 build/stm32f0xx_ll_dma.o
LL_EXTI_DeInit                                    build/stm32f0xx_ll_exti.o
LL_EXTI_Init                                      build/stm32f0xx_ll_exti.o
LL_EXTI_StructInit                                build/stm32f0xx_ll_exti.o
LL_GPIO_DeInit                                    build/stm32f0xx_ll_gpio.o
LL_GPIO_Init                                      build/stm32f0xx_ll_gpio.o
                                                  build/main.o
LL_GPIO_StructInit                                build/stm32f0xx_ll_gpio.o
LL_I2C_DeInit                                     build/stm32f0xx_ll_i2c.o
LL_I2C_Init                                       build/stm32f0xx_ll_i2c.o
                                                  build/main.o
LL_I2C_StructInit                                 build/stm32f0xx_ll_i2c.o
LL_Init1msTick                                    build/stm32f0xx_ll_utils.o
LL_PLL_ConfigSystemClock_HSE                      build/stm32f0xx_ll_utils.o
LL_PLL_ConfigSystemClock_HSI                      build/stm32f0xx_ll_utils.o
LL_PLL_ConfigSystemClock_HSI48                    build/stm32f0xx_ll_utils.o
LL_RCC_DeInit                                     build/stm32f0xx_ll_rcc.o
LL_RCC_GetCECClockFreq                            build/stm32f0xx_ll_rcc.o
LL_RCC_GetI2CClockFreq                            build/stm32f0xx_ll_rcc.o
LL_RCC_GetSystemClocksFreq                        build/stm32f0xx_ll_rcc.o
LL_RCC_GetUSARTClockFreq                          build/stm32f0xx_ll_rcc.o
LL_RCC_GetUSBClockFreq                            build/stm32f0xx_ll_rcc.o
LL_SetFlashLatency                                build/stm32f0xx_ll_utils.o
LL_SetSystemCoreClock                             build/stm32f0xx_ll_utils.o
                                                  build/main.o
LL_mDelay                                         build/stm32f0xx_ll_utils.o
MX_USB_DEVICE_Init                                build/usb_device.o
                                                  build/main.o
NMI_Handler                                       build/stm32f0xx_it.o
PVD_VDDIO2_IRQHandler                             build/startup_stm32f072xb.o
PendSV_Handler                                    build/stm32f0xx_it.o
RCC_CRS_IRQHandler                                build/startup_stm32f072xb.o
RCC_GetHCLKClockFreq                              build/stm32f0xx_ll_rcc.o
RCC_GetPCLK1ClockFreq                             build/stm32f0xx_ll_rcc.o
RCC_GetSystemClockFreq                            build/stm32f0xx_ll_rcc.o
RCC_PLL_GetFreqDomain_SYS                         build/stm32f0xx_ll_rcc.o
RTC_IRQHandler                                    build/startup_stm32f072xb.o
Reset_Handler                                     build/startup_stm32f072xb.o
SPI1_IRQHandler                                   build/startup_stm32f072xb.o
SPI2_IRQHandler                                   build/startup_stm32f072xb.o
SVC_Handler                                       build/stm32f0xx_it.o
SysTick_Handler                                   build/stm32f0xx_it.o
SystemClock_Config                                build/main.o
                                                  build/usbd_conf.o
SystemCoreClock                                   build/system_stm32f0xx.o
                                                  build/stm32f0xx_ll_utils.o
                                                  build/stm32f0xx_hal.o
                                                  build/stm32f0xx_hal_rcc.o
SystemCoreClockUpdate                             build/system_stm32f0xx.o
SystemInit                                        build/system_stm32f0xx.o
                                                  build/startup_stm32f072xb.o
TIM14_IRQHandler                                  build/startup_stm32f072xb.o
TIM15_IRQHandler                                  build/startup_stm32f072xb.o
TIM16_IRQHandler                                  build/startup_stm32f072xb.o
TIM17_IRQHandler                                  build/startup_stm32f072xb.o
TIM1_BRK_UP_TRG_COM_IRQHandler                    build/startup_stm32f072xb.o
TIM1_CC_IRQHandler                                build/startup_stm32f072xb.o
TIM2_IRQHandler                                   build/startup_stm32f072xb.o
TIM3_IRQHandler                                   build/startup_stm32f072xb.o
TIM6_DAC_IRQHandler                               build/startup_stm32f072xb.o
TIM7_IRQHandler                                   build/startup_stm32f072xb.o
TSC_IRQHandler                                    build/startup_stm32f072xb.o
USART1_IRQHandler                                 build/startup_stm32f072xb.o
USART2_IRQHandler                                 build/startup_stm32f072xb.o
USART3_4_IRQHandler                               build/startup_stm32f072xb.o
USBD_CDC                                          build/usbd_cdc.o
                                                  build/usb_device.o
USBD_CDC_CfgFSDesc                                build/usbd_cdc.o
USBD_CDC_CfgHSDesc                                build/usbd_cdc.o
USBD_CDC_GetDeviceQualifierDescriptor             build/usbd_cdc.o
USBD_CDC_OtherSpeedCfgDesc                        build/usbd_cdc.o
USBD_CDC_ReceivePacket                            build/usbd_cdc.o
                                                  build/usbd_cdc_if.o
USBD_CDC_RegisterInterface                        build/usbd_cdc.o
                                                  build/usb_device.o
USBD_CDC_SetRxBuffer                              build/usbd_cdc.o
                                                  build/usbd_cdc_if.o
USBD_CDC_SetTxBuffer                              build/usbd_cdc.o
                                                  build/usbd_cdc_if.o
USBD_CDC_TransmitPacket                           build/usbd_cdc.o
                                                  build/usbd_cdc_if.o
USBD_ClrClassConfig                               build/usbd_core.o
                                                  build/usbd_ctlreq.o
USBD_CtlContinueRx                                build/usbd_ioreq.o
                                                  build/usbd_core.o
USBD_CtlContinueSendData                          build/usbd_ioreq.o
                                                  build/usbd_core.o
USBD_CtlError                                     build/usbd_ctlreq.o
                                                  build/usbd_cdc.o
USBD_CtlPrepareRx                                 build/usbd_ioreq.o
                                                  build/usbd_cdc.o
USBD_CtlReceiveStatus                             build/usbd_ioreq.o
                                                  build/usbd_core.o
USBD_CtlSendData                                  build/usbd_ioreq.o
                                                  build/usbd_cdc.o
                                                  build/usbd_ctlreq.o
USBD_CtlSendStatus                                build/usbd_ioreq.o
                                                  build/usbd_ctlreq.o
                                                  build/usbd_core.o
USBD_DeInit                                       build/usbd_core.o
USBD_FS_ConfigStrDescriptor                       build/usbd_desc.o
USBD_FS_DeviceDesc                                build/usbd_desc.o
USBD_FS_DeviceDescriptor                          build/usbd_desc.o
USBD_FS_InterfaceStrDescriptor                    build/usbd_desc.o
USBD_FS_LangIDStrDescriptor                       build/usbd_desc.o
USBD_FS_ManufacturerStrDescriptor                 build/usbd_desc.o
USBD_FS_ProductStrDescriptor                      build/usbd_desc.o
USBD_FS_SerialStrDescriptor                       build/usbd_desc.o
USBD_GetRxCount                                   build/usbd_ioreq.o
USBD_GetString                                    build/usbd_ctlreq.o
                                                  build/usbd_desc.o
USBD_Init                                         build/usbd_core.o
                                                  build/usb_device.o
USBD_Interface_fops_FS                            build/usbd_cdc_if.o
                                                  build/usb_device.o
USBD_LL_ClearStallEP                              build/usbd_conf.o
                                                  build/usbd_ctlreq.o
USBD_LL_CloseEP                                   build/usbd_conf.o
                                                  build/usbd_cdc.o
USBD_LL_DataInStage                               build/usbd_core.o
                                                  build/usbd_conf.o
USBD_LL_DataOutStage                              build/usbd_core.o
                                                  build/usbd_conf.o
USBD_LL_DeInit                                    build/usbd_conf.o
                                                  build/usbd_core.o
USBD_LL_Delay                                     build/usbd_conf.o
USBD_LL_DevConnected                              build/usbd_core.o
                                                  build/usbd_conf.o
USBD_LL_DevDisconnected                           build/usbd_core.o
                                                  build/usbd_conf.o
USBD_LL_FlushEP                                   build/usbd_conf.o
USBD_LL_GetRxDataSize                             build/usbd_conf.o
                                                  build/usbd_cdc.o
                                                  build/usbd_ioreq.o
USBD_LL_Init                                      build/usbd_conf.o
                                                  build/usbd_core.o
USBD_LL_IsStallEP                                 build/usbd_conf.o
                                                  build/usbd_ctlreq.o
USBD_LL_IsoINIncomplete                           build/usbd_core.o
                                                  build/usbd_conf.o
USBD_LL_IsoOUTIncomplete                          build/usbd_core.o
                                                  build/usbd_conf.o
USBD_LL_OpenEP                                    build/usbd_conf.o
                                                  build/usbd_cdc.o
                                                  build/usbd_core.o
USBD_LL_PrepareReceive                            build/usbd_conf.o
                                                  build/usbd_cdc.o
                                                  build/usbd_ioreq.o
                                                  build/usbd_core.o
USBD_LL_Reset                                     build/usbd_core.o
                                                  build/usbd_conf.o
USBD_LL_Resume                                    build/usbd_core.o
                                                  build/usbd_conf.o
USBD_LL_SOF                                       build/usbd_core.o
                                                  build/usbd_conf.o
USBD_LL_SetSpeed                                  build/usbd_core.o
                                                  build/usbd_conf.o
USBD_LL_SetUSBAddress                             build/usbd_conf.o
                                                  build/usbd_ctlreq.o
USBD_LL_SetupStage                                build/usbd_core.o
                                                  build/usbd_conf.o
USBD_LL_StallEP                                   build/usbd_conf.o
                                                  build/usbd_ctlreq.o
                                                  build/usbd_core.o
USBD_LL_Start                                     build/usbd_conf.o
                                                  build/usbd_core.o
USBD_LL_Stop                                      build/usbd_conf.o
                                                  build/usbd_core.o
USBD_LL_Suspend                                   build/usbd_core.o
                                                  build/usbd_conf.o
USBD_LL_Transmit                                  build/usbd_conf.o
                                                  build/usbd_cdc.o
                                                  build/usbd_ioreq.o
USBD_LangIDDesc                                   build/usbd_desc.o
USBD_ParseSetupRequest                            build/usbd_ctlreq.o
                                                  build/usbd_core.o
USBD_RegisterClass                                build/usbd_core.o
                                                  build/usb_device.o
USBD_RunTestMode                                  build/usbd_core.o
USBD_SetClassConfig                               build/usbd_core.o
                                                  build/usbd_ctlreq.o
USBD_Start                                        build/usbd_core.o
                                                  build/usb_device.o
USBD_StdDevReq                                    build/usbd_ctlreq.o
                                                  build/usbd_core.o
USBD_StdEPReq                                     build/usbd_ctlreq.o
                                                  build/usbd_core.o
USBD_StdItfReq                                    build/usbd_ctlreq.o
                                                  build/usbd_core.o
USBD_Stop                                         build/usbd_core.o
USBD_StrDesc                                      build/usbd_desc.o
USBD_StringSerial                                 build/usbd_desc.o
USBD_static_free                                  build/usbd_conf.o
                                                  build/usbd_cdc.o
USBD_static_malloc                                build/usbd_conf.o
                                                  build/usbd_cdc.o
USB_ActivateEndpoint                              build/stm32f0xx_ll_usb.o
                                                  build/stm32f0xx_hal_pcd.o
USB_ActivateRemoteWakeup                          build/stm32f0xx_ll_usb.o
                                                  build/stm32f0xx_hal_pcd.o
USB_CoreInit                                      build/stm32f0xx_ll_usb.o
USB_DeActivateRemoteWakeup                        build/stm32f0xx_ll_usb.o
                                                  build/stm32f0xx_hal_pcd.o
USB_DeactivateEndpoint                            build/stm32f0xx_ll_usb.o
                                                  build/stm32f0xx_hal_pcd.o
USB_DevConnect                                    build/stm32f0xx_ll_usb.o
                                                  build/stm32f0xx_hal_pcd.o
USB_DevDisconnect                                 build/stm32f0xx_ll_usb.o
                                                  build/stm32f0xx_hal_pcd.o
USB_DevInit                                       build/stm32f0xx_ll_usb.o
                                                  build/stm32f0xx_hal_pcd.o
USB_DisableGlobalInt                              build/stm32f0xx_ll_usb.o
                                                  build/stm32f0xx_hal_pcd.o
USB_EPClearStall                                  build/stm32f0xx_ll_usb.o
                                                  build/stm32f0xx_hal_pcd.o
USB_EPSetStall                                    build/stm32f0xx_ll_usb.o
                                                  build/stm32f0xx_hal_pcd.o
USB_EPStartXfer                                   build/stm32f0xx_ll_usb.o
                                                  build/stm32f0xx_hal_pcd.o
USB_EPStopXfer                                    build/stm32f0xx_ll_usb.o
                                                  build/stm32f0xx_hal_pcd.o
USB_EnableGlobalInt                               build/stm32f0xx_ll_usb.o
                                                  build/stm32f0xx_hal_pcd.o
USB_FlushRxFifo                                   build/stm32f0xx_ll_usb.o
                                                  build/stm32f0xx_hal_pcd.o
USB_FlushTxFifo                                   build/stm32f0xx_ll_usb.o
                                                  build/stm32f0xx_hal_pcd.o
USB_IRQHandler                                    build/stm32f0xx_it.o
USB_ReadInterrupts                                build/stm32f0xx_ll_usb.o
                                                  build/stm32f0xx_hal_pcd.o
USB_ReadPMA                                       build/stm32f0xx_ll_usb.o
                                                  build/stm32f0xx_hal_pcd.o
USB_SetCurrentMode                                build/stm32f0xx_ll_usb.o
USB_SetDevAddress                                 build/stm32f0xx_ll_usb.o
                                                  build/stm32f0xx_hal_pcd.o
USB_StopDevice                                    build/stm32f0xx_ll_usb.o
                                                  build/stm32f0xx_hal_pcd.o
USB_WritePMA                                      build/stm32f0xx_ll_usb.o
                                                  build/stm32f0xx_hal_pcd.o
UserRxBufferFS                                    build/usbd_cdc_if.o
UserTxBufferFS                                    build/usbd_cdc_if.o
WWDG_IRQHandler                                   build/startup_stm32f072xb.o
_ITM_deregisterTMCloneTable                       /home/cyrill/bin/arm-cortexm0-eabi/lib/gcc/arm-cortexm0-eabi/15.2.0/crtbegin.o
_ITM_registerTMCloneTable                         /home/cyrill/bin/arm-cortexm0-eabi/lib/gcc/arm-cortexm0-eabi/15.2.0/crtbegin.o
_Min_Stack_Size                                   build/sysmem.o
__TMC_END__                                       /home/cyrill/bin/arm-cortexm0-eabi/lib/gcc/arm-cortexm0-eabi/15.2.0/crtend.o
                                                  /home/cyrill/bin/arm-cortexm0-eabi/lib/gcc/arm-cortexm0-eabi/15.2.0/crtbegin.o
__aeabi_idiv0                                     /home/cyrill/bin/arm-cortexm0-eabi/lib/gcc/arm-cortexm0-eabi/15.2.0/libgcc.a(_dvmd_tls.o)
                                                  /home/cyrill/bin/arm-cortexm0-eabi/lib/gcc/arm-cortexm0-eabi/15.2.0/libgcc.a(_udivsi3.o)
__aeabi_ldiv0                                     /home/cyrill/bin/arm-cortexm0-eabi/lib/gcc/arm-cortexm0-eabi/15.2.0/libgcc.a(_dvmd_tls.o)
__aeabi_uidiv                                     /home/cyrill/bin/arm-cortexm0-eabi/lib/gcc/arm-cortexm0-eabi/15.2.0/libgcc.a(_udivsi3.o)
                                                  /home/cyrill/bin/arm-cortexm0-eabi/lib/gcc/arm-cortexm0-eabi/15.2.0/../../../../arm-cortexm0-eabi/lib/libc.a(libc_a-freer.o)
                                                  build/stm32f0xx_ll_utils.o
                                                  build/stm32f0xx_ll_rcc.o
                                                  build/system_stm32f0xx.o
                                                  build/stm32f0xx_hal_dma.o
                                                  build/stm32f0xx_hal.o
                                                  build/stm32f0xx_hal_rcc_ex.o
                                                  build/stm32f0xx_hal_rcc.o
__aeabi_uidivmod                                  /home/cyrill/bin/arm-cortexm0-eabi/lib/gcc/arm-cortexm0-eabi/15.2.0/libgcc.a(_udivsi3.o)
                                                  build/usbd_cdc.o
                                                  build/usbd_core.o
__atexit                                          /home/cyrill/bin/arm-cortexm0-eabi/lib/gcc/arm-cortexm0-eabi/15.2.0/../../../../arm-cortexm0-eabi/lib/libc.a(libc_a-__call_atexit.o)
                                                  /home/cyrill/bin/arm-cortexm0-eabi/lib/gcc/arm-cortexm0-eabi/15.2.0/../../../../arm-cortexm0-eabi/lib/libc.a(libc_a-__atexit.o)
__atexit0                                         /home/cyrill/bin/arm-cortexm0-eabi/lib/gcc/arm-cortexm0-eabi/15.2.0/../../../../arm-cortexm0-eabi/lib/libc.a(libc_a-__atexit.o)
__bss_end__                                       /home/cyrill/bin/arm-cortexm0-eabi/lib/gcc/arm-cortexm0-eabi/15.2.0/../../../../arm-cortexm0-eabi/lib/crt0.o
__bss_start__                                     /home/cyrill/bin/arm-cortexm0-eabi/lib/gcc/arm-cortexm0-eabi/15.2.0/../../../../arm-cortexm0-eabi/lib/crt0.o
__call_exitprocs                                  /home/cyrill/bin/arm-cortexm0-eabi/lib/gcc/arm-cortexm0-eabi/15.2.0/../../../../arm-cortexm0-eabi/lib/libc.a(libc_a-__call_atexit.o)
                                                  /home/cyrill/bin/arm-cortexm0-eabi/lib/gcc/arm-cortexm0-eabi/15.2.0/../../../../arm-cortexm0-eabi/lib/libc.a(libc_a-exit.o)
__deregister_frame_info                           /home/cyrill/bin/arm-cortexm0-eabi/lib/gcc/arm-cortexm0-eabi/15.2.0/crtbegin.o
__dso_handle                                      /home/cyrill/bin/arm-cortexm0-eabi/lib/gcc/arm-cortexm0-eabi/15.2.0/crtbegin.o
__end__                                           /home/cyrill/bin/arm-cortexm0-eabi/lib/gcc/arm-cortexm0-eabi/15.2.0/../../../../arm-cortexm0-eabi/lib/crt0.o
__errno                                           /home/cyrill/bin/arm-cortexm0-eabi/lib/gcc/arm-cortexm0-eabi/15.2.0/../../../../arm-cortexm0-eabi/lib/libc.a(libc_a-errno.o)
                                                  /home/cyrill/bin/arm-cortexm0-eabi/lib/gcc/arm-cortexm0-eabi/15.2.0/../../../../arm-cortexm0-eabi/lib/libc.a(libc_a-sysconf.o)
                                                  /home/cyrill/bin/arm-cortexm0-eabi/lib/gcc/arm-cortexm0-eabi/15.2.0/../../../../arm-cortexm0-eabi/lib/libc.a(libc_a-syscalls.o)
                                                  build/sysmem.o
__fini_array_end                                  /home/cyrill/bin/arm-cortexm0-eabi/lib/gcc/arm-cortexm0-eabi/15.2.0/../../../../arm-cortexm0-eabi/lib/libc.a(libc_a-fini.o)
__fini_array_start                                /home/cyrill/bin/arm-cortexm0-eabi/lib/gcc/arm-cortexm0-eabi/15.2.0/../../../../arm-cortexm0-eabi/lib/libc.a(libc_a-fini.o)
__fp_lock_all                                     /home/cyrill/bin/arm-cortexm0-eabi/lib/gcc/arm-cortexm0-eabi/15.2.0/../../../../arm-cortexm0-eabi/lib/libc.a(libc_a-findfp.o)
__fp_unlock_all                                   /home/cyrill/bin/arm-cortexm0-eabi/lib/gcc/arm-cortexm0-eabi/15.2.0/../../../../arm-cortexm0-eabi/lib/libc.a(libc_a-findfp.o)
__heap_limit                                      /home/cyrill/bin/arm-cortexm0-eabi/lib/gcc/arm-cortexm0-eabi/15.2.0/../../../../arm-cortexm0-eabi/lib/libc.a(libc_a-syscalls.o)
                                                  /home/cyrill/bin/arm-cortexm0-eabi/lib/gcc/arm-cortexm0-eabi/15.2.0/../../../../arm-cortexm0-eabi/lib/crt0.o
__init_array_end                                  /home/cyrill/bin/arm-cortexm0-eabi/lib/gcc/arm-cortexm0-eabi/15.2.0/../../../../arm-cortexm0-eabi/lib/libc.a(libc_a-init.o)
__init_array_start                                /home/cyrill/bin/arm-cortexm0-eabi/lib/gcc/arm-cortexm0-eabi/15.2.0/../../../../arm-cortexm0-eabi/lib/libc.a(libc_a-init.o)
__libc_fini_array                                 /home/cyrill/bin/arm-cortexm0-eabi/lib/gcc/arm-cortexm0-eabi/15.2.0/../../../../arm-cortexm0-eabi/lib/libc.a(libc_a-fini.o)
                                                  /home/cyrill/bin/arm-cortexm0-eabi/lib/gcc/arm-cortexm0-eabi/15.2.0/../../../../arm-cortexm0-eabi/lib/crt0.o
__libc_init_array                                 /home/cyrill/bin/arm-cortexm0-eabi/lib/gcc/arm-cortexm0-eabi/15.2.0/../../../../arm-cortexm0-eabi/lib/libc.a(libc_a-init.o)
                                                  build/startup_stm32f072xb.o
                                                  /home/cyrill/bin/arm-cortexm0-eabi/lib/gcc/arm-cortexm0-eabi/15.2.0/../../../../arm-cortexm0-eabi/lib/crt0.o
__malloc_av_                                      /home/cyrill/bin/arm-cortexm0-eabi/lib/gcc/arm-cortexm0-eabi/15.2.0/../../../../arm-cortexm0-eabi/lib/libc.a(libc_a-mallocr.o)
                                                  /home/cyrill/bin/arm-cortexm0-eabi/lib/gcc/arm-cortexm0-eabi/15.2.0/../../../../arm-cortexm0-eabi/lib/libc.a(libc_a-freer.o)
__malloc_current_mallinfo                         /home/cyrill/bin/arm-cortexm0-eabi/lib/gcc/arm-cortexm0-eabi/15.2.0/../../../../arm-cortexm0-eabi/lib/libc.a(libc_a-mallocr.o)
                                                  /home/cyrill/bin/arm-cortexm0-eabi/lib/gcc/arm-cortexm0-eabi/15.2.0/../../../../arm-cortexm0-eabi/lib/libc.a(libc_a-freer.o)
__malloc_lock                                     /home/cyrill/bin/arm-cortexm0-eabi/lib/gcc/arm-cortexm0-eabi/15.2.0/../../../../arm-cortexm0-eabi/lib/libc.a(libc_a-mlock.o)
                                                  /home/cyrill/bin/arm-cortexm0-eabi/lib/gcc/arm-cortexm0-eabi/15.2.0/../../../../arm-cortexm0-eabi/lib/libc.a(libc_a-mallocr.o)
                                                  /home/cyrill/bin/arm-cortexm0-eabi/lib/gcc/arm-cortexm0-eabi/15.2.0/../../../../arm-cortexm0-eabi/lib/libc.a(libc_a-freer.o)
__malloc_max_sbrked_mem                           /home/cyrill/bin/arm-cortexm0-eabi/lib/gcc/arm-cortexm0-eabi/15.2.0/../../../../arm-cortexm0-eabi/lib/libc.a(libc_a-mallocr.o)
__malloc_max_total_mem                            /home/cyrill/bin/arm-cortexm0-eabi/lib/gcc/arm-cortexm0-eabi/15.2.0/../../../../arm-cortexm0-eabi/lib/libc.a(libc_a-mallocr.o)
__malloc_sbrk_base                                /home/cyrill/bin/arm-cortexm0-eabi/lib/gcc/arm-cortexm0-eabi/15.2.0/../../../../arm-cortexm0-eabi/lib/libc.a(libc_a-mallocr.o)
                                                  /home/cyrill/bin/arm-cortexm0-eabi/lib/gcc/arm-cortexm0-eabi/15.2.0/../../../../arm-cortexm0-eabi/lib/libc.a(libc_a-freer.o)
__malloc_top_pad                                  /home/cyrill/bin/arm-cortexm0-eabi/lib/gcc/arm-cortexm0-eabi/15.2.0/../../../../arm-cortexm0-eabi/lib/libc.a(libc_a-mallocr.o)
                                                  /home/cyrill/bin/arm-cortexm0-eabi/lib/gcc/arm-cortexm0-eabi/15.2.0/../../../../arm-cortexm0-eabi/lib/libc.a(libc_a-freer.o)
__malloc_trim_threshold                           /home/cyrill/bin/arm-cortexm0-eabi/lib/gcc/arm-cortexm0-eabi/15.2.0/../../../../arm-cortexm0-eabi/lib/libc.a(libc_a-mallocr.o)
                                                  /home/cyrill/bin/arm-cortexm0-eabi/lib/gcc/arm-cortexm0-eabi/15.2.0/../../../../arm-cortexm0-eabi/lib/libc.a(libc_a-freer.o)
__malloc_unlock                                   /home/cyrill/bin/arm-cortexm0-eabi/lib/gcc/arm-cortexm0-eabi/15.2.0/../../../../arm-cortexm0-eabi/lib/libc.a(libc_a-mlock.o)
                                                  /home/cyrill/bin/arm-cortexm0-eabi/lib/gcc/arm-cortexm0-eabi/15.2.0/../../../../arm-cortexm0-eabi/lib/libc.a(libc_a-mallocr.o)
                                                  /home/cyrill/bin/arm-cortexm0-eabi/lib/gcc/arm-cortexm0-eabi/15.2.0/../../../../arm-cortexm0-eabi/lib/libc.a(libc_a-freer.o)
__preinit_array_end                               /home/cyrill/bin/arm-cortexm0-eabi/lib/gcc/arm-cortexm0-eabi/15.2.0/../../../../arm-cortexm0-eabi/lib/libc.a(libc_a-init.o)
__preinit_array_start                             /home/cyrill/bin/arm-cortexm0-eabi/lib/gcc/arm-cortexm0-eabi/15.2.0/../../../../arm-cortexm0-eabi/lib/libc.a(libc_a-init.o)